Archive member included because of file (symbol)

/home/david/Desktop/Embebidos/gcc-arm-none-eabi-4_9-2015q3/bin/../lib/gcc/arm-none-eabi/4.9.3/armv7-m/libgcc.a(unwind-arm.o)
                              build/obj/main.o (__aeabi_unwind_cpp_pr0)
/home/david/Desktop/Embebidos/gcc-arm-none-eabi-4_9-2015q3/bin/../lib/gcc/arm-none-eabi/4.9.3/armv7-m/libgcc.a(libunwind.o)
                              /home/david/Desktop/Embebidos/gcc-arm-none-eabi-4_9-2015q3/bin/../lib/gcc/arm-none-eabi/4.9.3/armv7-m/libgcc.a(unwind-arm.o) (restore_core_regs)
/home/david/Desktop/Embebidos/gcc-arm-none-eabi-4_9-2015q3/bin/../lib/gcc/arm-none-eabi/4.9.3/armv7-m/libgcc.a(pr-support.o)
                              /home/david/Desktop/Embebidos/gcc-arm-none-eabi-4_9-2015q3/bin/../lib/gcc/arm-none-eabi/4.9.3/armv7-m/libgcc.a(unwind-arm.o) (__gnu_unwind_execute)
/home/david/Desktop/Embebidos/gcc-arm-none-eabi-4_9-2015q3/bin/../lib/gcc/arm-none-eabi/4.9.3/../../../../arm-none-eabi/lib/armv7-m/libc_nano.a(lib_a-abort.o)
                              /home/david/Desktop/Embebidos/gcc-arm-none-eabi-4_9-2015q3/bin/../lib/gcc/arm-none-eabi/4.9.3/armv7-m/libgcc.a(unwind-arm.o) (abort)
/home/david/Desktop/Embebidos/gcc-arm-none-eabi-4_9-2015q3/bin/../lib/gcc/arm-none-eabi/4.9.3/../../../../arm-none-eabi/lib/armv7-m/libc_nano.a(lib_a-assert.o)
                              build/obj/atmel_adc.o (__assert_func)
/home/david/Desktop/Embebidos/gcc-arm-none-eabi-4_9-2015q3/bin/../lib/gcc/arm-none-eabi/4.9.3/../../../../arm-none-eabi/lib/armv7-m/libc_nano.a(lib_a-fprintf.o)
                              /home/david/Desktop/Embebidos/gcc-arm-none-eabi-4_9-2015q3/bin/../lib/gcc/arm-none-eabi/4.9.3/../../../../arm-none-eabi/lib/armv7-m/libc_nano.a(lib_a-assert.o) (fiprintf)
/home/david/Desktop/Embebidos/gcc-arm-none-eabi-4_9-2015q3/bin/../lib/gcc/arm-none-eabi/4.9.3/../../../../arm-none-eabi/lib/armv7-m/libc_nano.a(lib_a-impure.o)
                              /home/david/Desktop/Embebidos/gcc-arm-none-eabi-4_9-2015q3/bin/../lib/gcc/arm-none-eabi/4.9.3/../../../../arm-none-eabi/lib/armv7-m/libc_nano.a(lib_a-assert.o) (_impure_ptr)
/home/david/Desktop/Embebidos/gcc-arm-none-eabi-4_9-2015q3/bin/../lib/gcc/arm-none-eabi/4.9.3/../../../../arm-none-eabi/lib/armv7-m/libc_nano.a(lib_a-memcpy.o)
                              /home/david/Desktop/Embebidos/gcc-arm-none-eabi-4_9-2015q3/bin/../lib/gcc/arm-none-eabi/4.9.3/armv7-m/libgcc.a(unwind-arm.o) (memcpy)
/home/david/Desktop/Embebidos/gcc-arm-none-eabi-4_9-2015q3/bin/../lib/gcc/arm-none-eabi/4.9.3/../../../../arm-none-eabi/lib/armv7-m/libc_nano.a(lib_a-memset.o)
                              build/obj/syscalls.o (memset)
/home/david/Desktop/Embebidos/gcc-arm-none-eabi-4_9-2015q3/bin/../lib/gcc/arm-none-eabi/4.9.3/../../../../arm-none-eabi/lib/armv7-m/libc_nano.a(lib_a-nano-vfprintf.o)
                              /home/david/Desktop/Embebidos/gcc-arm-none-eabi-4_9-2015q3/bin/../lib/gcc/arm-none-eabi/4.9.3/../../../../arm-none-eabi/lib/armv7-m/libc_nano.a(lib_a-fprintf.o) (_vfprintf_r)
/home/david/Desktop/Embebidos/gcc-arm-none-eabi-4_9-2015q3/bin/../lib/gcc/arm-none-eabi/4.9.3/../../../../arm-none-eabi/lib/armv7-m/libc_nano.a(lib_a-nano-vfprintf_i.o)
                              /home/david/Desktop/Embebidos/gcc-arm-none-eabi-4_9-2015q3/bin/../lib/gcc/arm-none-eabi/4.9.3/../../../../arm-none-eabi/lib/armv7-m/libc_nano.a(lib_a-nano-vfprintf.o) (_printf_i)
/home/david/Desktop/Embebidos/gcc-arm-none-eabi-4_9-2015q3/bin/../lib/gcc/arm-none-eabi/4.9.3/../../../../arm-none-eabi/lib/armv7-m/libc_nano.a(lib_a-signal.o)
                              /home/david/Desktop/Embebidos/gcc-arm-none-eabi-4_9-2015q3/bin/../lib/gcc/arm-none-eabi/4.9.3/../../../../arm-none-eabi/lib/armv7-m/libc_nano.a(lib_a-abort.o) (raise)
/home/david/Desktop/Embebidos/gcc-arm-none-eabi-4_9-2015q3/bin/../lib/gcc/arm-none-eabi/4.9.3/../../../../arm-none-eabi/lib/armv7-m/libc_nano.a(lib_a-signalr.o)
                              /home/david/Desktop/Embebidos/gcc-arm-none-eabi-4_9-2015q3/bin/../lib/gcc/arm-none-eabi/4.9.3/../../../../arm-none-eabi/lib/armv7-m/libc_nano.a(lib_a-signal.o) (_kill_r)
/home/david/Desktop/Embebidos/gcc-arm-none-eabi-4_9-2015q3/bin/../lib/gcc/arm-none-eabi/4.9.3/../../../../arm-none-eabi/lib/armv7-m/libc_nano.a(lib_a-wbuf.o)
                              /home/david/Desktop/Embebidos/gcc-arm-none-eabi-4_9-2015q3/bin/../lib/gcc/arm-none-eabi/4.9.3/../../../../arm-none-eabi/lib/armv7-m/libc_nano.a(lib_a-nano-vfprintf.o) (__swbuf_r)
/home/david/Desktop/Embebidos/gcc-arm-none-eabi-4_9-2015q3/bin/../lib/gcc/arm-none-eabi/4.9.3/../../../../arm-none-eabi/lib/armv7-m/libc_nano.a(lib_a-wsetup.o)
                              /home/david/Desktop/Embebidos/gcc-arm-none-eabi-4_9-2015q3/bin/../lib/gcc/arm-none-eabi/4.9.3/../../../../arm-none-eabi/lib/armv7-m/libc_nano.a(lib_a-nano-vfprintf.o) (__swsetup_r)
[...]
Memory Configuration

Name             Origin             Length             Attributes
flash            0x00400000         0x00020000
ram              0x20000000         0x00008000
*default*        0x00000000         0xffffffff

Linker script and memory map

LOAD build/obj/crt0.o
LOAD build/obj/vectors.o
LOAD build/obj/chcore.o
LOAD build/obj/chcore_v7m.o
LOAD build/obj/nvic.o
LOAD build/obj/chsys.o
LOAD build/obj/chlists.o
LOAD build/obj/chvt.o
LOAD build/obj/chschd.o
LOAD build/obj/chthreads.o
LOAD build/obj/chdynamic.o
LOAD build/obj/chregistry.o
LOAD build/obj/chsem.o
LOAD build/obj/chmtx.o
LOAD build/obj/chcond.o
LOAD build/obj/chevents.o
LOAD build/obj/chmsg.o
LOAD build/obj/chmboxes.o
LOAD build/obj/chqueues.o
LOAD build/obj/chmemcore.o
LOAD build/obj/chheap.o
LOAD build/obj/chmempools.o
LOAD build/obj/hal.o
LOAD build/obj/pal.o
LOAD build/obj/serial.o
LOAD build/obj/hal_lld.o
LOAD build/obj/system_SAM3.o
LOAD build/obj/pal_lld.o
LOAD build/obj/serial_lld.o
LOAD build/obj/atmel_adc.o
LOAD build/obj/pio.o
LOAD build/obj/pmc.o
LOAD build/obj/board.o
LOAD build/obj/evtimer.o
LOAD build/obj/syscalls.o
LOAD build/obj/chprintf.o
LOAD build/obj/main.o
LOAD /home/david/Desktop/Embebidos/gcc-arm-none-eabi-4_9-2015q3/bin/../lib/gcc/arm-none-eabi/4.9.3/../../../../arm-none-eabi/lib/armv7-m/libstdc++_nano.a
LOAD /home/david/Desktop/Embebidos/gcc-arm-none-eabi-4_9-2015q3/bin/../lib/gcc/arm-none-eabi/4.9.3/../../../../arm-none-eabi/lib/armv7-m/libm.a
START GROUP
LOAD /home/david/Desktop/Embebidos/gcc-arm-none-eabi-4_9-2015q3/bin/../lib/gcc/arm-none-eabi/4.9.3/armv7-m/libgcc.a
LOAD /home/david/Desktop/Embebidos/gcc-arm-none-eabi-4_9-2015q3/bin/../lib/gcc/arm-none-eabi/4.9.3/../../../../arm-none-eabi/lib/armv7-m/libc_nano.a
END GROUP
START GROUP
LOAD /home/david/Desktop/Embebidos/gcc-arm-none-eabi-4_9-2015q3/bin/../lib/gcc/arm-none-eabi/4.9.3/armv7-m/libgcc.a
LOAD /home/david/Desktop/Embebidos/gcc-arm-none-eabi-4_9-2015q3/bin/../lib/gcc/arm-none-eabi/4.9.3/../../../../arm-none-eabi/lib/armv7-m/libc_nano.a
END GROUP
                0x00000400                __main_stack_size__ = 0x400
                0x00000400                __process_stack_size__ = 0x400
                0x00000800                __stacks_total_size__ = (__main_stack_size__ + __process_stack_size__)
                0x20000000                __ram_start__ = ORIGIN (ram)
                0x00008000                __ram_size__ = 0x8000
                0x20008000                __ram_end__ = (__ram_start__ + __ram_size__)
                0x00000000                . = 0x0
                0x00000000                _text = .

startup         0x00400000       0xd0
 *(vectors)
 vectors        0x00400000       0xd0 build/obj/vectors.o
                0x00400000                _vectors

constructors    0x004000d0        0x0
                0x004000d0                PROVIDE (__init_array_start, .)
 *(SORT(.init_array.*))
 *(.init_array)
                0x004000d0                PROVIDE (__init_array_end, .)

destructors     0x004000d0        0x0
                0x004000d0                PROVIDE (__fini_array_start, .)
 *(.fini_array)
 *(SORT(.fini_array.*))
                0x004000d0                PROVIDE (__fini_array_end, .)

.text           0x004000d0     0x23b0
 *(.text.startup.*)
 .text.startup.main
                0x004000d0       0x60 build/obj/main.o
                0x004000d0                main
 *(.text)
 .text          0x00400130      0xa54 /home/david/Desktop/Embebidos/gcc-arm-none-eabi-4_9-2015q3/bin/../lib/gcc/arm-none-eabi/4.9.3/armv7-m/libgcc.a(unwind-arm.o)
                0x00400410                _Unwind_GetCFA
                0x00400414                __gnu_Unwind_RaiseException
                0x00400474                __gnu_Unwind_ForcedUnwind
                0x00400488                __gnu_Unwind_Resume
                0x004004cc                __gnu_Unwind_Resume_or_Rethrow
                0x004004e0                _Unwind_Complete
                0x004004e4                _Unwind_DeleteException
                0x004004f0                _Unwind_VRS_Get
                0x00400540                _Unwind_VRS_Set
                0x00400590                __gnu_Unwind_Backtrace
                0x004008d4                __aeabi_unwind_cpp_pr0
                0x004008d8                __aeabi_unwind_cpp_pr1
                0x004008dc                __aeabi_unwind_cpp_pr2
                0x004008e0                _Unwind_VRS_Pop
 *fill*         0x00400b84        0xc 
 .text          0x00400b90      0x1ac /home/david/Desktop/Embebidos/gcc-arm-none-eabi-4_9-2015q3/bin/../lib/gcc/arm-none-eabi/4.9.3/armv7-m/libgcc.a(libunwind.o)
                0x00400b90                __restore_core_regs
                0x00400b90                restore_core_regs
                0x00400ba8                __gnu_Unwind_Restore_VFP
                0x00400bb0                __gnu_Unwind_Save_VFP
                0x00400bb8                __gnu_Unwind_Restore_VFP_D
                0x00400bc0                __gnu_Unwind_Save_VFP_D
                0x00400bc8                __gnu_Unwind_Restore_VFP_D_16_to_31
                0x00400bd0                __gnu_Unwind_Save_VFP_D_16_to_31
                0x00400bd8                __gnu_Unwind_Restore_WMMXD
                0x00400c1c                __gnu_Unwind_Save_WMMXD
                0x00400c60                __gnu_Unwind_Restore_WMMXC
                0x00400c74                __gnu_Unwind_Save_WMMXC
                0x00400c88                ___Unwind_RaiseException
                0x00400c88                _Unwind_RaiseException
                0x00400cac                ___Unwind_Resume
                0x00400cac                _Unwind_Resume
                0x00400cd0                _Unwind_Resume_or_Rethrow
                0x00400cd0                ___Unwind_Resume_or_Rethrow
                0x00400cf4                ___Unwind_ForcedUnwind
                0x00400cf4                _Unwind_ForcedUnwind
                0x00400d18                _Unwind_Backtrace
                0x00400d18                ___Unwind_Backtrace
 *fill*         0x00400d3c        0x4 
 .text          0x00400d40      0x37c /home/david/Desktop/Embebidos/gcc-arm-none-eabi-4_9-2015q3/bin/../lib/gcc/arm-none-eabi/4.9.3/armv7-m/libgcc.a(pr-support.o)
                0x00400d98                __gnu_unwind_execute
                0x00401064                __gnu_unwind_frame
                0x0040108c                _Unwind_GetRegionStart
                0x00401098                _Unwind_GetLanguageSpecificData
                0x004010ac                _Unwind_GetDataRelBase
                0x004010b4                _Unwind_GetTextRelBase
 *(.text.*)
 *fill*         0x004010bc        0x4 
 .text.__late_init
                0x004010c0        0x4 build/obj/crt0.o
                0x004010c0                __late_init
 *fill*         0x004010c4        0xc 
 .text._default_exit
                0x004010d0        0x4 build/obj/crt0.o
                0x004010d0                _default_exit
 *fill*         0x004010d4        0xc 
 .text.ResetHandler
                0x004010e0      0x108 build/obj/crt0.o
                0x004010e0                ResetHandler
 *fill*         0x004011e8        0x8 
 .text._unhandled_exception
                0x004011f0        0x4 build/obj/vectors.o
                0x004011f0                Vector58
                0x004011f0                Vector9C
                0x004011f0                VectorAC
                0x004011f0                Vector5C
                0x004011f0                NMIVector
                0x004011f0                Vector8C
                0x004011f0                VectorC8
                0x004011f0                Vector94
                0x004011f0                VectorA8
                0x004011f0                VectorB4
                0x004011f0                Vector74
                0x004011f0                UsageFaultVector
                0x004011f0                DebugMonitorVector
                0x004011f0                Vector40
                0x004011f0                VectorBC
                0x004011f0                PendSVVector
                0x004011f0                VectorCC
                0x004011f0                Vector54
                0x004011f0                Vector98
                0x004011f0                Vector24
                0x004011f0                Vector84
                0x004011f0                BusFaultVector
                0x004011f0                VectorC0
                0x004011f0                HardFaultVector
                0x004011f0                MemManageVector
                0x004011f0                Vector6C
                0x004011f0                VectorA0
                0x004011f0                VectorC4
                0x004011f0                Vector7C
                0x004011f0                VectorB0
                0x004011f0                Vector90
                0x004011f0                Vector1C
                0x004011f0                Vector48
                0x004011f0                Vector70
                0x004011f0                Vector4C
                0x004011f0                Vector80
                0x004011f0                Vector68
                0x004011f0                Vector78
                0x004011f0                _unhandled_exception
                0x004011f0                Vector88
                0x004011f0                Vector50
                0x004011f0                Vector44
                0x004011f0                Vector28
                0x004011f0                VectorB8
                0x004011f0                Vector34
                0x004011f0                VectorA4
                0x004011f0                Vector20
 *fill*         0x004011f4        0xc 
 .text._port_switch_from_isr
                0x00401200        0x8 build/obj/chcore_v7m.o
                0x00401200                _port_switch_from_isr
 *fill*         0x00401208        0x8 
 .text.SVCallVector
                0x00401210       0x14 build/obj/chcore_v7m.o
                0x00401210                SVCallVector
 *fill*         0x00401224        0xc 
 .text._port_init
                0x00401230       0x34 build/obj/chcore_v7m.o
                0x00401230                _port_init
 *fill*         0x00401264        0xc 
 .text._port_irq_epilogue
                0x00401270       0x74 build/obj/chcore_v7m.o
                0x00401270                _port_irq_epilogue
 *fill*         0x004012e4        0xc 
 .text.SysTickVector
                0x004012f0       0x1c build/obj/chcore_v7m.o
                0x004012f0                SysTickVector
 *fill*         0x0040130c        0x4 
 .text._port_switch
                0x00401310       0x10 build/obj/chcore_v7m.o
                0x00401310                _port_switch
 .text._port_thread_start
                0x00401320       0x10 build/obj/chcore_v7m.o
                0x00401320                _port_thread_start
 .text.nvicEnableVector
                0x00401330       0x48 build/obj/nvic.o
                0x00401330                nvicEnableVector
 *fill*         0x00401378        0x8 
 .text.nvicSetSystemHandlerPriority
                0x00401380       0x2c build/obj/nvic.o
                0x00401380                nvicSetSystemHandlerPriority
 *fill*         0x004013ac        0x4 
 .text._idle_thread
                0x004013b0       0x14 build/obj/chsys.o
                0x004013b0                _idle_thread
 *fill*         0x004013c4        0xc 
 .text.chSysInit
                0x004013d0       0x5c build/obj/chsys.o
                0x004013d0                chSysInit
 *fill*         0x0040142c        0x4 
 .text.chSysTimerHandlerI
                0x00401430       0x50 build/obj/chsys.o
                0x00401430                chSysTimerHandlerI
 .text._vt_init
                0x00401480       0x18 build/obj/chvt.o
                0x00401480                _vt_init
 *fill*         0x00401498        0x8 
 .text.chVTSetI
                0x004014a0       0x3c build/obj/chvt.o
                0x004014a0                chVTSetI
 *fill*         0x004014dc        0x4 
 .text.chVTResetI
                0x004014e0       0x24 build/obj/chvt.o
                0x004014e0                chVTResetI
 *fill*         0x00401504        0xc 
 .text.wakeup   0x00401510       0x58 build/obj/chschd.o
 *fill*         0x00401568        0x8 
 .text._scheduler_init
                0x00401570       0x18 build/obj/chschd.o
                0x00401570                _scheduler_init
 *fill*         0x00401588        0x8 
 .text.chSchReadyI
                0x00401590       0x2c build/obj/chschd.o
                0x00401590                chSchReadyI
 *fill*         0x004015bc        0x4 
 .text.chSchGoSleepS
                0x004015c0       0x28 build/obj/chschd.o
                0x004015c0                chSchGoSleepS
 *fill*         0x004015e8        0x8 
 .text.chSchGoSleepTimeoutS
                0x004015f0       0x44 build/obj/chschd.o
                0x004015f0                chSchGoSleepTimeoutS
 *fill*         0x00401634        0xc 
 .text.chSchWakeupS
                0x00401640       0x5c build/obj/chschd.o
                0x00401640                chSchWakeupS
 *fill*         0x0040169c        0x4 
 .text.chSchDoReschedule
                0x004016a0       0x48 build/obj/chschd.o
                0x004016a0                chSchDoReschedule
 *fill*         0x004016e8        0x8 
 .text._thread_init
                0x004016f0       0x44 build/obj/chthreads.o
                0x004016f0                _thread_init
 *fill*         0x00401734        0xc 
 .text.chThdCreateStatic
                0x00401740       0x80 build/obj/chthreads.o
                0x00401740                chThdCreateStatic
 .text.chThdSleep
                0x004017c0       0x18 build/obj/chthreads.o
                0x004017c0                chThdSleep
 *fill*         0x004017d8        0x8 
 .text.chThdExitS
                0x004017e0       0x40 build/obj/chthreads.o
                0x004017e0                chThdExitS
 .text.chThdExit
                0x00401820        0xc build/obj/chthreads.o
                0x00401820                chThdExit
 *fill*         0x0040182c        0x4 
 .text.chMtxInit
                0x00401830        0xc build/obj/chmtx.o
                0x00401830                chMtxInit
 *fill*         0x0040183c        0x4 
 .text.chEvtSignalFlagsI
                0x00401840       0x30 build/obj/chevents.o
                0x00401840                chEvtSignalFlagsI
 .text.chEvtBroadcastFlagsI
                0x00401870       0x20 build/obj/chevents.o
                0x00401870                chEvtBroadcastFlagsI
 .text.qwait    0x00401890       0x2c build/obj/chqueues.o
 *fill*         0x004018bc        0x4 
 .text.chIQInit
                0x004018c0       0x1c build/obj/chqueues.o
                0x004018c0                chIQInit
 *fill*         0x004018dc        0x4 
 .text.chIQPutI
                0x004018e0       0x4c build/obj/chqueues.o
                0x004018e0                chIQPutI
 *fill*         0x0040192c        0x4 
 .text.chIQGetTimeout
                0x00401930       0x50 build/obj/chqueues.o
                0x00401930                chIQGetTimeout
 .text.chIQReadTimeout
                0x00401980       0x70 build/obj/chqueues.o
                0x00401980                chIQReadTimeout
 .text.chOQInit
                0x004019f0       0x1c build/obj/chqueues.o
                0x004019f0                chOQInit
 *fill*         0x00401a0c        0x4 
 .text.chOQPutTimeout
                0x00401a10       0x54 build/obj/chqueues.o
                0x00401a10                chOQPutTimeout
 *fill*         0x00401a64        0xc 
 .text.chOQGetI
                0x00401a70       0x48 build/obj/chqueues.o
                0x00401a70                chOQGetI
 *fill*         0x00401ab8        0x8 
 .text.chOQWriteTimeout
                0x00401ac0       0x80 build/obj/chqueues.o
                0x00401ac0                chOQWriteTimeout
 .text._core_init
                0x00401b40       0x28 build/obj/chmemcore.o
                0x00401b40                _core_init
 *fill*         0x00401b68        0x8 
 .text.chCoreAlloc
                0x00401b70       0x38 build/obj/chmemcore.o
                0x00401b70                chCoreAlloc
 *fill*         0x00401ba8        0x8 
 .text._heap_init
                0x00401bb0       0x1c build/obj/chheap.o
                0x00401bb0                _heap_init
 *fill*         0x00401bcc        0x4 
 .text.halInit  0x00401bd0       0x1c build/obj/hal.o
                0x00401bd0                halInit
 *fill*         0x00401bec        0x4 
 .text.putwouldblock
                0x00401bf0        0xc build/obj/serial.o
 *fill*         0x00401bfc        0x4 
 .text.getwouldblock
                0x00401c00        0xc build/obj/serial.o
 *fill*         0x00401c0c        0x4 
 .text.getflags
                0x00401c10       0x18 build/obj/serial.o
 *fill*         0x00401c28        0x8 
 .text.readt    0x00401c30        0x8 build/obj/serial.o
 *fill*         0x00401c38        0x8 
 .text.reads    0x00401c40        0xc build/obj/serial.o
 *fill*         0x00401c4c        0x4 
 .text.writet   0x00401c50        0x8 build/obj/serial.o
 *fill*         0x00401c58        0x8 
 .text.writes   0x00401c60        0xc build/obj/serial.o
 *fill*         0x00401c6c        0x4 
 .text.gett     0x00401c70        0x8 build/obj/serial.o
 *fill*         0x00401c78        0x8 
 .text.putt     0x00401c80        0x8 build/obj/serial.o
 *fill*         0x00401c88        0x8 
 .text.sdInit   0x00401c90        0x4 build/obj/serial.o
                0x00401c90                sdInit
 *fill*         0x00401c94        0xc 
 .text.sdObjectInit
                0x00401ca0       0x40 build/obj/serial.o
                0x00401ca0                sdObjectInit
 .text.sdStart  0x00401ce0       0x1c build/obj/serial.o
                0x00401ce0                sdStart
 *fill*         0x00401cfc        0x4 
 .text.sdIncomingDataI
                0x00401d00       0x4c build/obj/serial.o
                0x00401d00                sdIncomingDataI
 *fill*         0x00401d4c        0x4 
 .text.hal_lld_init
                0x00401d50       0x38 build/obj/hal_lld.o
                0x00401d50                hal_lld_init
 *fill*         0x00401d88        0x8 
 .text.at91sam3_clock_init
                0x00401d90        0x4 build/obj/hal_lld.o
                0x00401d90                at91sam3_clock_init
 *fill*         0x00401d94        0xc 
 .text.SystemCoreClockUpdate
                0x00401da0       0xf4 build/obj/system_SAM3.o
                0x00401da0                SystemCoreClockUpdate
 *fill*         0x00401e94        0xc 
 .text.SystemInit
                0x00401ea0       0x94 build/obj/system_SAM3.o
                0x00401ea0                SystemInit
 *fill*         0x00401f34        0xc 
 .text._pal_lld_init
                0x00401f40       0xb8 build/obj/pal_lld.o
                0x00401f40                _pal_lld_init
 *fill*         0x00401ff8        0x8 
 .text._pal_lld_setgroupmode
                0x00402000       0x34 build/obj/pal_lld.o
                0x00402000                _pal_lld_setgroupmode
 *fill*         0x00402034        0xc 
 .text.notify1  0x00402040        0xc build/obj/serial_lld.o
 *fill*         0x0040204c        0x4 
 .text.notify2  0x00402050        0xc build/obj/serial_lld.o
 *fill*         0x0040205c        0x4 
 .text.serve_interrupt
                0x00402060       0xa4 build/obj/serial_lld.o
 *fill*         0x00402104        0xc 
 .text.Vector60
                0x00402110       0x14 build/obj/serial_lld.o
                0x00402110                Vector60
 *fill*         0x00402124        0xc 
 .text.Vector64
                0x00402130       0x14 build/obj/serial_lld.o
                0x00402130                Vector64
 *fill*         0x00402144        0xc 
 .text.sd_lld_init
                0x00402150       0x58 build/obj/serial_lld.o
                0x00402150                sd_lld_init
 *fill*         0x004021a8        0x8 
 .text.sd_lld_start
                0x004021b0       0xa4 build/obj/serial_lld.o
                0x004021b0                sd_lld_start
 *fill*         0x00402254        0xc 
 .text.__early_init
                0x00402260       0x10 build/obj/board.o
                0x00402260                __early_init
 .text.boardInit
                0x00402270       0x20 build/obj/board.o
                0x00402270                boardInit
 .text._getpid  0x00402290        0x4 build/obj/syscalls.o
                0x00402290                _getpid
 *fill*         0x00402294        0xc 
 .text._exit    0x004022a0        0x4 build/obj/syscalls.o
                0x004022a0                _exit
 *fill*         0x004022a4        0xc 
 .text._kill    0x004022b0        0x8 build/obj/syscalls.o
                0x004022b0                _kill
 *fill*         0x004022b8        0x8 
 .text.abort    0x004022c0        0xe /home/david/Desktop/Embebidos/gcc-arm-none-eabi-4_9-2015q3/bin/../lib/gcc/arm-none-eabi/4.9.3/../../../../arm-none-eabi/lib/armv7-m/libc_nano.a(lib_a-abort.o)
                0x004022c0                abort
 *fill*         0x004022ce        0x2 
 .text.memcpy   0x004022d0       0x16 /home/david/Desktop/Embebidos/gcc-arm-none-eabi-4_9-2015q3/bin/../lib/gcc/arm-none-eabi/4.9.3/../../../../arm-none-eabi/lib/armv7-m/libc_nano.a(lib_a-memcpy.o)
                0x004022d0                memcpy
 *fill*         0x004022e6        0xa 
 .text._raise_r
                0x004022f0       0x50 /home/david/Desktop/Embebidos/gcc-arm-none-eabi-4_9-2015q3/bin/../lib/gcc/arm-none-eabi/4.9.3/../../../../arm-none-eabi/lib/armv7-m/libc_nano.a(lib_a-signal.o)
                0x004022f0                _raise_r
 .text.raise    0x00402340       0x10 /home/david/Desktop/Embebidos/gcc-arm-none-eabi-4_9-2015q3/bin/../lib/gcc/arm-none-eabi/4.9.3/../../../../arm-none-eabi/lib/armv7-m/libc_nano.a(lib_a-signal.o)
                0x00402340                raise
 .text._kill_r  0x00402350       0x24 /home/david/Desktop/Embebidos/gcc-arm-none-eabi-4_9-2015q3/bin/../lib/gcc/arm-none-eabi/4.9.3/../../../../arm-none-eabi/lib/armv7-m/libc_nano.a(lib_a-signalr.o)
                0x00402350                _kill_r
 *fill*         0x00402374        0xc 
 .text._getpid_r
                0x00402380        0x4 /home/david/Desktop/Embebidos/gcc-arm-none-eabi-4_9-2015q3/bin/../lib/gcc/arm-none-eabi/4.9.3/../../../../arm-none-eabi/lib/armv7-m/libc_nano.a(lib_a-signalr.o)
                0x00402380                _getpid_r
 *(.rodata)
 *(.rodata.*)
 *fill*         0x00402384        0xc 
 .rodata.str1.4
                0x00402390       0x10 build/obj/chsys.o
                                  0xd (size before relaxing)
 .rodata.vmt    0x004023a0       0x24 build/obj/serial.o
 *fill*         0x004023c4        0xc 
 .rodata.default_config
                0x004023d0        0x8 build/obj/serial_lld.o
 *fill*         0x004023d8        0x8 
 .rodata.pal_default_config
                0x004023e0       0x24 build/obj/board.o
                0x004023e0                pal_default_config
 *fill*         0x00402404        0xc 
 .rodata.str1.1
                0x00402410        0x2 /home/david/Desktop/Embebidos/gcc-arm-none-eabi-4_9-2015q3/bin/../lib/gcc/arm-none-eabi/4.9.3/../../../../arm-none-eabi/lib/armv7-m/libc_nano.a(lib_a-impure.o)
 *fill*         0x00402412        0xe 
 .rodata.__sf_fake_stdin
                0x00402420       0x20 /home/david/Desktop/Embebidos/gcc-arm-none-eabi-4_9-2015q3/bin/../lib/gcc/arm-none-eabi/4.9.3/../../../../arm-none-eabi/lib/armv7-m/libc_nano.a(lib_a-findfp.o)
                0x00402420                __sf_fake_stdin
 .rodata.__sf_fake_stdout
                0x00402440       0x20 /home/david/Desktop/Embebidos/gcc-arm-none-eabi-4_9-2015q3/bin/../lib/gcc/arm-none-eabi/4.9.3/../../../../arm-none-eabi/lib/armv7-m/libc_nano.a(lib_a-findfp.o)
                0x00402440                __sf_fake_stdout
 .rodata.__sf_fake_stderr
                0x00402460       0x20 /home/david/Desktop/Embebidos/gcc-arm-none-eabi-4_9-2015q3/bin/../lib/gcc/arm-none-eabi/4.9.3/../../../../arm-none-eabi/lib/armv7-m/libc_nano.a(lib_a-findfp.o)
                0x00402460                __sf_fake_stderr
 *(.glue_7t)
 .glue_7t       0x00000000        0x0 linker stubs
 *(.glue_7)
 .glue_7        0x00000000        0x0 linker stubs
 *(.gcc*)

.vfp11_veneer   0x00402480        0x0
 .vfp11_veneer  0x00000000        0x0 linker stubs

.v4_bx          0x00402480        0x0
 .v4_bx         0x00000000        0x0 linker stubs

.iplt           0x00402480        0x0
 .iplt          0x00000000        0x0 build/obj/crt0.o

.ARM.extab      0x00402480       0x18
 *(.ARM.extab* .gnu.linkonce.armextab.*)
 .ARM.extab     0x00402480       0x18 /home/david/Desktop/Embebidos/gcc-arm-none-eabi-4_9-2015q3/bin/../lib/gcc/arm-none-eabi/4.9.3/armv7-m/libgcc.a(pr-support.o)

.ARM.exidx      0x00402498       0xc0
                0x00402498                PROVIDE (__exidx_start, .)
 *(.ARM.exidx* .gnu.linkonce.armexidx.*)
 .ARM.exidx.text.startup.main
                0x00402498        0x8 build/obj/main.o
 .ARM.exidx     0x004024a0       0x80 /home/david/Desktop/Embebidos/gcc-arm-none-eabi-4_9-2015q3/bin/../lib/gcc/arm-none-eabi/4.9.3/armv7-m/libgcc.a(unwind-arm.o)
                                 0xd8 (size before relaxing)
 .ARM.exidx     0x00402520       0x38 /home/david/Desktop/Embebidos/gcc-arm-none-eabi-4_9-2015q3/bin/../lib/gcc/arm-none-eabi/4.9.3/armv7-m/libgcc.a(pr-support.o)
                                 0x48 (size before relaxing)
                0x00402558                PROVIDE (__exidx_end, .)

.rel.dyn        0x00402558        0x0
 .rel.iplt      0x00000000        0x0 build/obj/crt0.o

.eh_frame_hdr
 *(.eh_frame_hdr)

.eh_frame
 *(.eh_frame)

.textalign      0x00402558        0x0
                0x00402558                . = ALIGN (0x8)
                0x00402558                _etext = .
                0x00402558                _textdata = _etext

.stacks         0x20000000      0x800
                0x20000000                . = ALIGN (0x8)
                0x20000000                __main_stack_base__ = .
                0x20000400                . = (. + __main_stack_size__)
 *fill*         0x20000000      0x400 
                0x20000400                . = ALIGN (0x8)
                0x20000400                __main_stack_end__ = .
                0x20000400                __process_stack_base__ = .
                0x20000400                __main_thread_stack_base__ = .
                0x20000800                . = (. + __process_stack_size__)
 *fill*         0x20000400      0x400 
                0x20000800                . = ALIGN (0x8)
                0x20000800                __process_stack_end__ = .
                0x20000800                __main_thread_stack_end__ = .

.data           0x20000800       0x68 load address 0x00402558
                0x20000800                . = ALIGN (0x4)
                0x20000800                PROVIDE (_data, .)
 *(.data)
                0x20000800                . = ALIGN (0x4)
 *(.data.*)
 .data.SystemCoreClock
                0x20000800        0x4 build/obj/system_SAM3.o
                0x20000800                SystemCoreClock
 .data.impure_data
                0x20000804       0x60 /home/david/Desktop/Embebidos/gcc-arm-none-eabi-4_9-2015q3/bin/../lib/gcc/arm-none-eabi/4.9.3/../../../../arm-none-eabi/lib/armv7-m/libc_nano.a(lib_a-impure.o)
 .data._impure_ptr
                0x20000864        0x4 /home/david/Desktop/Embebidos/gcc-arm-none-eabi-4_9-2015q3/bin/../lib/gcc/arm-none-eabi/4.9.3/../../../../arm-none-eabi/lib/armv7-m/libc_nano.a(lib_a-impure.o)
                0x20000864                _impure_ptr
                0x20000868                . = ALIGN (0x4)
 *(.ramtext)
                0x20000868                . = ALIGN (0x4)
                0x20000868                PROVIDE (_edata, .)

.igot.plt       0x20000868        0x0 load address 0x004025c0
 .igot.plt      0x00000000        0x0 build/obj/crt0.o

.bss            0x20000868      0x24c load address 0x004025c0
                0x20000868                . = ALIGN (0x4)
                0x20000868                PROVIDE (_bss_start, .)
 *(.bss)
                0x20000868                . = ALIGN (0x4)
 *(.bss.*)
 .bss.mainthread.4837
                0x20000868       0x48 build/obj/chsys.o
 .bss._idle_thread_wa
                0x200008b0       0xc0 build/obj/chsys.o
                0x200008b0                _idle_thread_wa
 .bss.vtlist    0x20000970       0x10 build/obj/chvt.o
                0x20000970                vtlist
 .bss.rlist     0x20000980       0x20 build/obj/chschd.o
                0x20000980                rlist
 .bss.endmem    0x200009a0        0x4 build/obj/chmemcore.o
 .bss.nextmem   0x200009a4        0x4 build/obj/chmemcore.o
 .bss.default_heap
                0x200009a8       0x20 build/obj/chheap.o
 .bss.SD1       0x200009c8       0x74 build/obj/serial_lld.o
                0x200009c8                SD1
 .bss.SD2       0x20000a3c       0x74 build/obj/serial_lld.o
                0x20000a3c                SD2
                0x20000ab0                . = ALIGN (0x4)
 *(COMMON)
 COMMON         0x20000ab0        0x4 /home/david/Desktop/Embebidos/gcc-arm-none-eabi-4_9-2015q3/bin/../lib/gcc/arm-none-eabi/4.9.3/../../../../arm-none-eabi/lib/armv7-m/libc_nano.a(lib_a-reent.o)
                0x20000ab0                errno
                0x20000ab4                . = ALIGN (0x4)
                0x20000ab4                PROVIDE (_bss_end, .)
                0x20000ab4                PROVIDE (end, .)
                0x20000ab4                _end = .
                0x20000ab4                __heap_base__ = _end
                0x20008000                __heap_end__ = __ram_end__
OUTPUT(build/ch.elf elf32-littlearm)

.debug_info     0x00000000     0xa44e
 .debug_info    0x00000000      0x2f2 build/obj/crt0.o
 .debug_info    0x000002f2       0xb3 build/obj/vectors.o
 .debug_info    0x000003a5      0x815 build/obj/chcore_v7m.o
 .debug_info    0x00000bba      0x3ff build/obj/nvic.o
 .debug_info    0x00000fb9      0x6bf build/obj/chsys.o
 .debug_info    0x00001678      0x262 build/obj/chvt.o
 .debug_info    0x000018da      0x8d3 build/obj/chschd.o
 .debug_info    0x000021ad      0xbe1 build/obj/chthreads.o
 .debug_info    0x00002d8e      0x9ec build/obj/chmtx.o
 .debug_info    0x0000377a      0xcc8 build/obj/chevents.o
 .debug_info    0x00004442      0xbb3 build/obj/chqueues.o
 .debug_info    0x00004ff5      0x218 build/obj/chmemcore.o
 .debug_info    0x0000520d      0x6db build/obj/chheap.o
 .debug_info    0x000058e8      0x188 build/obj/hal.o
 .debug_info    0x00005a70     0x10e9 build/obj/serial.o
 .debug_info    0x00006b59      0x177 build/obj/hal_lld.o
 .debug_info    0x00006cd0      0x42e build/obj/system_SAM3.o
 .debug_info    0x000070fe      0x88c build/obj/pal_lld.o
 .debug_info    0x0000798a     0x1594 build/obj/serial_lld.o
 .debug_info    0x00008f1e      0x6b3 build/obj/board.o
 .debug_info    0x000095d1      0xe7d build/obj/main.o

.debug_abbrev   0x00000000     0x28ce
 .debug_abbrev  0x00000000      0x13a build/obj/crt0.o
 .debug_abbrev  0x0000013a       0x75 build/obj/vectors.o
 .debug_abbrev  0x000001af      0x23f build/obj/chcore_v7m.o
 .debug_abbrev  0x000003ee      0x10e build/obj/nvic.o
 .debug_abbrev  0x000004fc      0x211 build/obj/chsys.o
 .debug_abbrev  0x0000070d      0x133 build/obj/chvt.o
 .debug_abbrev  0x00000840      0x311 build/obj/chschd.o
 .debug_abbrev  0x00000b51      0x335 build/obj/chthreads.o
 .debug_abbrev  0x00000e86      0x303 build/obj/chmtx.o
 .debug_abbrev  0x00001189      0x2c2 build/obj/chevents.o
 .debug_abbrev  0x0000144b      0x335 build/obj/chqueues.o
 .debug_abbrev  0x00001780      0x15b build/obj/chmemcore.o
 .debug_abbrev  0x000018db      0x1e7 build/obj/chheap.o
 .debug_abbrev  0x00001ac2      0x10a build/obj/hal.o
 .debug_abbrev  0x00001bcc      0x2c0 build/obj/serial.o
 .debug_abbrev  0x00001e8c      0x114 build/obj/hal_lld.o
 .debug_abbrev  0x00001fa0       0xe3 build/obj/system_SAM3.o
 .debug_abbrev  0x00002083      0x11b build/obj/pal_lld.o
 .debug_abbrev  0x0000219e      0x3c2 build/obj/serial_lld.o
 .debug_abbrev  0x00002560      0x15a build/obj/board.o
 .debug_abbrev  0x000026ba      0x214 build/obj/main.o

.debug_loc      0x00000000     0x24e9
 .debug_loc     0x00000000       0xba build/obj/crt0.o
 .debug_loc     0x000000ba       0x5a build/obj/chcore_v7m.o
 .debug_loc     0x00000114      0x158 build/obj/nvic.o
 .debug_loc     0x0000026c       0x31 build/obj/chsys.o
 .debug_loc     0x0000029d       0xd9 build/obj/chvt.o
 .debug_loc     0x00000376      0x2a4 build/obj/chschd.o
 .debug_loc     0x0000061a      0x423 build/obj/chthreads.o
 .debug_loc     0x00000a3d      0x41a build/obj/chmtx.o
 .debug_loc     0x00000e57      0x591 build/obj/chevents.o
 .debug_loc     0x000013e8      0x4f5 build/obj/chqueues.o
 .debug_loc     0x000018dd       0xb0 build/obj/chmemcore.o
 .debug_loc     0x0000198d      0x3a1 build/obj/chheap.o
 .debug_loc     0x00001d2e      0x4e0 build/obj/serial.o
 .debug_loc     0x0000220e       0x42 build/obj/pal_lld.o
 .debug_loc     0x00002250      0x299 build/obj/serial_lld.o

.debug_aranges  0x00000000      0x5a8
 .debug_aranges
                0x00000000       0x38 build/obj/crt0.o
 .debug_aranges
                0x00000038       0x20 build/obj/vectors.o
 .debug_aranges
                0x00000058       0x50 build/obj/chcore_v7m.o
 .debug_aranges
                0x000000a8       0x30 build/obj/nvic.o
 .debug_aranges
                0x000000d8       0x30 build/obj/chsys.o
 .debug_aranges
                0x00000108       0x38 build/obj/chvt.o
 .debug_aranges
                0x00000140       0x58 build/obj/chschd.o
 .debug_aranges
                0x00000198       0x78 build/obj/chthreads.o
 .debug_aranges
                0x00000210       0x58 build/obj/chmtx.o
 .debug_aranges
                0x00000268       0x90 build/obj/chevents.o
 .debug_aranges
                0x000002f8       0x70 build/obj/chqueues.o
 .debug_aranges
                0x00000368       0x38 build/obj/chmemcore.o
 .debug_aranges
                0x000003a0       0x40 build/obj/chheap.o
 .debug_aranges
                0x000003e0       0x20 build/obj/hal.o
 .debug_aranges
                0x00000400       0x90 build/obj/serial.o
 .debug_aranges
                0x00000490       0x28 build/obj/hal_lld.o
 .debug_aranges
                0x000004b8       0x28 build/obj/system_SAM3.o
 .debug_aranges
                0x000004e0       0x28 build/obj/pal_lld.o
 .debug_aranges
                0x00000508       0x58 build/obj/serial_lld.o
 .debug_aranges
                0x00000560       0x28 build/obj/board.o
 .debug_aranges
                0x00000588       0x20 build/obj/main.o

.debug_ranges   0x00000000      0x8d8
 .debug_ranges  0x00000000       0x58 build/obj/crt0.o
 .debug_ranges  0x00000058       0x10 build/obj/vectors.o
 .debug_ranges  0x00000068       0x58 build/obj/chcore_v7m.o
 .debug_ranges  0x000000c0       0x20 build/obj/nvic.o
 .debug_ranges  0x000000e0       0x38 build/obj/chsys.o
 .debug_ranges  0x00000118       0x28 build/obj/chvt.o
 .debug_ranges  0x00000140      0x110 build/obj/chschd.o
 .debug_ranges  0x00000250      0x130 build/obj/chthreads.o
 .debug_ranges  0x00000380      0x1a0 build/obj/chmtx.o
 .debug_ranges  0x00000520       0xe0 build/obj/chevents.o
 .debug_ranges  0x00000600       0xc0 build/obj/chqueues.o
 .debug_ranges  0x000006c0       0x28 build/obj/chmemcore.o
 .debug_ranges  0x000006e8       0x30 build/obj/chheap.o
 .debug_ranges  0x00000718       0x10 build/obj/hal.o
 .debug_ranges  0x00000728       0xc8 build/obj/serial.o
 .debug_ranges  0x000007f0       0x18 build/obj/hal_lld.o
 .debug_ranges  0x00000808       0x18 build/obj/system_SAM3.o
 .debug_ranges  0x00000820       0x18 build/obj/pal_lld.o
 .debug_ranges  0x00000838       0x78 build/obj/serial_lld.o
 .debug_ranges  0x000008b0       0x18 build/obj/board.o
 .debug_ranges  0x000008c8       0x10 build/obj/main.o

.debug_line     0x00000000     0x3661
 .debug_line    0x00000000      0x186 build/obj/crt0.o
 .debug_line    0x00000186       0x68 build/obj/vectors.o
 .debug_line    0x000001ee      0x257 build/obj/chcore_v7m.o
 .debug_line    0x00000445      0x167 build/obj/nvic.o
 .debug_line    0x000005ac      0x27e build/obj/chsys.o
 .debug_line    0x0000082a      0x1cd build/obj/chvt.o
 .debug_line    0x000009f7      0x337 build/obj/chschd.o
 .debug_line    0x00000d2e      0x41d build/obj/chthreads.o
 .debug_line    0x0000114b      0x39b build/obj/chmtx.o
 .debug_line    0x000014e6      0x33e build/obj/chevents.o
 .debug_line    0x00001824      0x3d9 build/obj/chqueues.o
 .debug_line    0x00001bfd      0x1da build/obj/chmemcore.o
 .debug_line    0x00001dd7      0x2f8 build/obj/chheap.o
 .debug_line    0x000020cf      0x1af build/obj/hal.o
 .debug_line    0x0000227e      0x444 build/obj/serial.o
 .debug_line    0x000026c2      0x18d build/obj/hal_lld.o
 .debug_line    0x0000284f      0x200 build/obj/system_SAM3.o
 .debug_line    0x00002a4f      0x246 build/obj/pal_lld.o
 .debug_line    0x00002c95      0x483 build/obj/serial_lld.o
 .debug_line    0x00003118      0x20c build/obj/board.o
 .debug_line    0x00003324      0x33d build/obj/main.o

.debug_str      0x00000000     0x19aa
 .debug_str     0x00000000      0x2bd build/obj/crt0.o
                                0x30d (size before relaxing)
 .debug_str     0x000002bd       0x4e build/obj/vectors.o
                                0x1ed (size before relaxing)
 .debug_str     0x0000030b      0x2d8 build/obj/chcore_v7m.o
                                0x4be (size before relaxing)
 .debug_str     0x000005e3       0xa0 build/obj/nvic.o
                                0x2d8 (size before relaxing)
 .debug_str     0x00000683      0x111 build/obj/chsys.o
                                0x4a9 (size before relaxing)
 .debug_str     0x00000794       0x4e build/obj/chvt.o
                                0x287 (size before relaxing)
 .debug_str     0x000007e2       0xa8 build/obj/chschd.o
                                0x496 (size before relaxing)
 .debug_str     0x0000088a       0xda build/obj/chthreads.o
                                0x530 (size before relaxing)
 .debug_str     0x00000964       0x8c build/obj/chmtx.o
                                0x450 (size before relaxing)
 .debug_str     0x000009f0      0x17b build/obj/chevents.o
                                0x52e (size before relaxing)
 .debug_str     0x00000b6b      0x121 build/obj/chqueues.o
                                0x4cf (size before relaxing)
 .debug_str     0x00000c8c       0x72 build/obj/chmemcore.o
                                0x24e (size before relaxing)
 .debug_str     0x00000cfe       0xb5 build/obj/chheap.o
                                0x42f (size before relaxing)
 .debug_str     0x00000db3       0xab build/obj/hal.o
                                0x25e (size before relaxing)
 .debug_str     0x00000e5e      0x259 build/obj/serial.o
                                0x71a (size before relaxing)
 .debug_str     0x000010b7       0x8f build/obj/hal_lld.o
                                0x279 (size before relaxing)
 .debug_str     0x00001146      0x1d8 build/obj/system_SAM3.o
                                0x3e0 (size before relaxing)
 .debug_str     0x0000131e      0x2ee build/obj/pal_lld.o
                                0x65a (size before relaxing)
 .debug_str     0x0000160c      0x246 build/obj/serial_lld.o
                                0xc62 (size before relaxing)
 .debug_str     0x00001852       0x1d build/obj/board.o
                                0x586 (size before relaxing)
 .debug_str     0x0000186f      0x13b build/obj/main.o
                                0x8e2 (size before relaxing)

.comment        0x00000000       0x70
 .comment       0x00000000       0x70 build/obj/crt0.o
                                 0x71 (size before relaxing)
 .comment       0x00000000       0x71 build/obj/vectors.o
 .comment       0x00000000       0x71 build/obj/chcore_v7m.o
 .comment       0x00000000       0x71 build/obj/nvic.o
 .comment       0x00000000       0x71 build/obj/chsys.o
 .comment       0x00000000       0x71 build/obj/chvt.o
 .comment       0x00000000       0x71 build/obj/chschd.o
 .comment       0x00000000       0x71 build/obj/chthreads.o
 .comment       0x00000000       0x71 build/obj/chmtx.o
 .comment       0x00000000       0x71 build/obj/chevents.o
 .comment       0x00000000       0x71 build/obj/chqueues.o
 .comment       0x00000000       0x71 build/obj/chmemcore.o
 .comment       0x00000000       0x71 build/obj/chheap.o
 .comment       0x00000000       0x71 build/obj/hal.o
 .comment       0x00000000       0x71 build/obj/serial.o
 .comment       0x00000000       0x71 build/obj/hal_lld.o
 .comment       0x00000000       0x71 build/obj/system_SAM3.o
 .comment       0x00000000       0x71 build/obj/pal_lld.o
 .comment       0x00000000       0x71 build/obj/serial_lld.o
 .comment       0x00000000       0x71 build/obj/board.o
 .comment       0x00000000       0x71 build/obj/main.o

.ARM.attributes
                0x00000000       0x33
 .ARM.attributes
                0x00000000       0x33 build/obj/crt0.o
 .ARM.attributes
                0x00000033       0x33 build/obj/vectors.o
 .ARM.attributes
                0x00000066       0x33 build/obj/chcore_v7m.o
 .ARM.attributes
                0x00000099       0x33 build/obj/nvic.o
 .ARM.attributes
                0x000000cc       0x33 build/obj/chsys.o
 .ARM.attributes
                0x000000ff       0x33 build/obj/chvt.o
 .ARM.attributes
                0x00000132       0x33 build/obj/chschd.o
 .ARM.attributes
                0x00000165       0x33 build/obj/chthreads.o
 .ARM.attributes
                0x00000198       0x33 build/obj/chmtx.o
 .ARM.attributes
                0x000001cb       0x33 build/obj/chevents.o
 .ARM.attributes
                0x000001fe       0x33 build/obj/chqueues.o
 .ARM.attributes
                0x00000231       0x33 build/obj/chmemcore.o
 .ARM.attributes
                0x00000264       0x33 build/obj/chheap.o
 .ARM.attributes
                0x00000297       0x33 build/obj/hal.o
 .ARM.attributes
                0x000002ca       0x33 build/obj/serial.o
 .ARM.attributes
                0x000002fd       0x33 build/obj/hal_lld.o
 .ARM.attributes
                0x00000330       0x33 build/obj/system_SAM3.o
 .ARM.attributes
                0x00000363       0x33 build/obj/pal_lld.o
 .ARM.attributes
                0x00000396       0x33 build/obj/serial_lld.o
 .ARM.attributes
                0x000003c9       0x33 build/obj/board.o
 .ARM.attributes
                0x000003fc       0x33 build/obj/main.o

.debug_frame    0x00000000      0xe28
 .debug_frame   0x00000000       0x50 build/obj/crt0.o
 .debug_frame   0x00000050       0x20 build/obj/vectors.o
 .debug_frame   0x00000070       0xa0 build/obj/chcore_v7m.o
 .debug_frame   0x00000110       0x74 build/obj/nvic.o
 .debug_frame   0x00000184       0x5c build/obj/chsys.o
 .debug_frame   0x000001e0       0x5c build/obj/chvt.o
 .debug_frame   0x0000023c      0x128 build/obj/chschd.o
 .debug_frame   0x00000364      0x18c build/obj/chthreads.o
 .debug_frame   0x000004f0       0xf4 build/obj/chmtx.o
 .debug_frame   0x000005e4      0x1c4 build/obj/chevents.o
 .debug_frame   0x000007a8      0x188 build/obj/chqueues.o
 .debug_frame   0x00000930       0x68 build/obj/chmemcore.o
 .debug_frame   0x00000998       0xb4 build/obj/chheap.o
 .debug_frame   0x00000a4c       0x30 build/obj/hal.o
 .debug_frame   0x00000a7c      0x160 build/obj/serial.o
 .debug_frame   0x00000bdc       0x3c build/obj/hal_lld.o
 .debug_frame   0x00000c18       0x58 build/obj/system_SAM3.o
 .debug_frame   0x00000c70       0x48 build/obj/pal_lld.o
 .debug_frame   0x00000cb8      0x108 build/obj/serial_lld.o
 .debug_frame   0x00000dc0       0x3c build/obj/board.o
 .debug_frame   0x00000dfc       0x2c build/obj/main.o

Cross Reference Table

Symbol                                            File
ADC_CfgChannelMode                                build/obj/atmel_adc.o
ADC_CfgLowRes                                     build/obj/atmel_adc.o
ADC_CfgPowerSave                                  build/obj/atmel_adc.o
ADC_CfgTiming                                     build/obj/atmel_adc.o
ADC_CfgTrigering                                  build/obj/atmel_adc.o
ADC_GetConvertedData                              build/obj/atmel_adc.o
ADC_Initialize                                    build/obj/atmel_adc.o
ADC_IsChannelInterruptStatusSet                   build/obj/atmel_adc.o
ADC_IsInterruptMasked                             build/obj/atmel_adc.o
ADC_IsStatusSet                                   build/obj/atmel_adc.o
ADC_ReadBuffer                                    build/obj/atmel_adc.o
ADC_SetCompareChannel                             build/obj/atmel_adc.o
ADC_SetCompareMode                                build/obj/atmel_adc.o
ADC_SetComparisonWindow                           build/obj/atmel_adc.o
ADC_cfgFrequency                                  build/obj/atmel_adc.o
ADC_check                                         build/obj/atmel_adc.o
BusFaultVector                                    build/obj/vectors.o
ConfigurePck                                      build/obj/pmc.o
DebugMonitorVector                                build/obj/vectors.o
HardFaultVector                                   build/obj/vectors.o
MemManageVector                                   build/obj/vectors.o
NMIVector                                         build/obj/vectors.o
PIO_Clear                                         build/obj/pio.o
PIO_Configure                                     build/obj/pio.o
PIO_Get                                           build/obj/pio.o
PIO_GetOutputDataStatus                           build/obj/pio.o
PIO_Set                                           build/obj/pio.o
PIO_SetDebounceFilter                             build/obj/pio.o
PMC_DisableAllPeripherals                         build/obj/pmc.o
PMC_DisablePeripheral                             build/obj/pmc.o
PMC_EnableAllPeripherals                          build/obj/pmc.o
PMC_EnablePeripheral                              build/obj/pmc.o
                                                  build/obj/pio.o
PMC_IsPeriphEnabled                               build/obj/pmc.o
PendSVVector                                      build/obj/vectors.o
PmcConfigurePllClock                              build/obj/pmc.o
PmcMainClockSwitchMainOsc                         build/obj/pmc.o
PmcMasterClockSelection                           build/obj/pmc.o
ResetHandler                                      build/obj/crt0.o
                                                  build/obj/vectors.o
SD1                                               build/obj/serial_lld.o
SD2                                               build/obj/serial_lld.o
                                                  build/obj/main.o
                                                  build/obj/atmel_adc.o
SVCallVector                                      build/obj/chcore_v7m.o
                                                  build/obj/vectors.o
SysTickVector                                     build/obj/chcore_v7m.o
                                                  build/obj/vectors.o
SystemCoreClock                                   build/obj/system_SAM3.o
                                                  build/obj/serial_lld.o
                                                  build/obj/hal_lld.o
SystemCoreClockUpdate                             build/obj/system_SAM3.o
                                                  build/obj/serial_lld.o
                                                  build/obj/hal_lld.o
SystemInit                                        build/obj/system_SAM3.o
                                                  build/obj/hal_lld.o
UsageFaultVector                                  build/obj/vectors.o
Vector1C                                          build/obj/vectors.o
Vector20                                          build/obj/vectors.o
Vector24                                          build/obj/vectors.o
Vector28                                          build/obj/vectors.o
Vector34                                          build/obj/vectors.o
Vector40                                          build/obj/vectors.o
Vector44                                          build/obj/vectors.o
Vector48                                          build/obj/vectors.o
Vector4C                                          build/obj/vectors.o
Vector50                                          build/obj/vectors.o
Vector54                                          build/obj/vectors.o
Vector58                                          build/obj/vectors.o
Vector5C                                          build/obj/vectors.o
Vector60                                          build/obj/serial_lld.o
                                                  build/obj/vectors.o
Vector64                                          build/obj/serial_lld.o
                                                  build/obj/vectors.o
Vector68                                          build/obj/vectors.o
Vector6C                                          build/obj/vectors.o
Vector70                                          build/obj/vectors.o
Vector74                                          build/obj/vectors.o
Vector78                                          build/obj/vectors.o
Vector7C                                          build/obj/vectors.o
Vector80                                          build/obj/vectors.o
Vector84                                          build/obj/vectors.o
Vector88                                          build/obj/vectors.o
Vector8C                                          build/obj/vectors.o
Vector90                                          build/obj/vectors.o
Vector94                                          build/obj/vectors.o
Vector98                                          build/obj/vectors.o
Vector9C                                          build/obj/vectors.o
VectorA0                                          build/obj/vectors.o
VectorA4                                          build/obj/vectors.o
VectorA8                                          build/obj/vectors.o
VectorAC                                          build/obj/vectors.o
VectorB0                                          build/obj/vectors.o
VectorB4                                          build/obj/vectors.o
VectorB8                                          build/obj/vectors.o
VectorBC                                          build/obj/vectors.o
VectorC0                                          build/obj/vectors.o
VectorC4                                          build/obj/vectors.o
VectorC8                                          build/obj/vectors.o
VectorCC                                          build/obj/vectors.o
_Unwind_Backtrace                                 /home/david/Desktop/Embebidos/gcc-arm-none-eabi-4_9-2015q3/bin/../lib/gcc/arm-none-eabi/4.9.3/armv7-m/libgcc.a(libunwind.o)
_Unwind_Complete                                  /home/david/Desktop/Embebidos/gcc-arm-none-eabi-4_9-2015q3/bin/../lib/gcc/arm-none-eabi/4.9.3/armv7-m/libgcc.a(unwind-arm.o)
_Unwind_DeleteException                           /home/david/Desktop/Embebidos/gcc-arm-none-eabi-4_9-2015q3/bin/../lib/gcc/arm-none-eabi/4.9.3/armv7-m/libgcc.a(unwind-arm.o)
_Unwind_ForcedUnwind                              /home/david/Desktop/Embebidos/gcc-arm-none-eabi-4_9-2015q3/bin/../lib/gcc/arm-none-eabi/4.9.3/armv7-m/libgcc.a(libunwind.o)
_Unwind_GetCFA                                    /home/david/Desktop/Embebidos/gcc-arm-none-eabi-4_9-2015q3/bin/../lib/gcc/arm-none-eabi/4.9.3/armv7-m/libgcc.a(unwind-arm.o)
_Unwind_GetDataRelBase                            /home/david/Desktop/Embebidos/gcc-arm-none-eabi-4_9-2015q3/bin/../lib/gcc/arm-none-eabi/4.9.3/armv7-m/libgcc.a(pr-support.o)
_Unwind_GetLanguageSpecificData                   /home/david/Desktop/Embebidos/gcc-arm-none-eabi-4_9-2015q3/bin/../lib/gcc/arm-none-eabi/4.9.3/armv7-m/libgcc.a(pr-support.o)
_Unwind_GetRegionStart                            /home/david/Desktop/Embebidos/gcc-arm-none-eabi-4_9-2015q3/bin/../lib/gcc/arm-none-eabi/4.9.3/armv7-m/libgcc.a(pr-support.o)
_Unwind_GetTextRelBase                            /home/david/Desktop/Embebidos/gcc-arm-none-eabi-4_9-2015q3/bin/../lib/gcc/arm-none-eabi/4.9.3/armv7-m/libgcc.a(pr-support.o)
_Unwind_RaiseException                            /home/david/Desktop/Embebidos/gcc-arm-none-eabi-4_9-2015q3/bin/../lib/gcc/arm-none-eabi/4.9.3/armv7-m/libgcc.a(libunwind.o)
_Unwind_Resume                                    /home/david/Desktop/Embebidos/gcc-arm-none-eabi-4_9-2015q3/bin/../lib/gcc/arm-none-eabi/4.9.3/armv7-m/libgcc.a(libunwind.o)
_Unwind_Resume_or_Rethrow                         /home/david/Desktop/Embebidos/gcc-arm-none-eabi-4_9-2015q3/bin/../lib/gcc/arm-none-eabi/4.9.3/armv7-m/libgcc.a(libunwind.o)
_Unwind_VRS_Get                                   /home/david/Desktop/Embebidos/gcc-arm-none-eabi-4_9-2015q3/bin/../lib/gcc/arm-none-eabi/4.9.3/armv7-m/libgcc.a(unwind-arm.o)
                                                  /home/david/Desktop/Embebidos/gcc-arm-none-eabi-4_9-2015q3/bin/../lib/gcc/arm-none-eabi/4.9.3/armv7-m/libgcc.a(pr-support.o)
_Unwind_VRS_Pop                                   /home/david/Desktop/Embebidos/gcc-arm-none-eabi-4_9-2015q3/bin/../lib/gcc/arm-none-eabi/4.9.3/armv7-m/libgcc.a(unwind-arm.o)
                                                  /home/david/Desktop/Embebidos/gcc-arm-none-eabi-4_9-2015q3/bin/../lib/gcc/arm-none-eabi/4.9.3/armv7-m/libgcc.a(pr-support.o)
_Unwind_VRS_Set                                   /home/david/Desktop/Embebidos/gcc-arm-none-eabi-4_9-2015q3/bin/../lib/gcc/arm-none-eabi/4.9.3/armv7-m/libgcc.a(unwind-arm.o)
                                                  /home/david/Desktop/Embebidos/gcc-arm-none-eabi-4_9-2015q3/bin/../lib/gcc/arm-none-eabi/4.9.3/armv7-m/libgcc.a(pr-support.o)
___Unwind_Backtrace                               /home/david/Desktop/Embebidos/gcc-arm-none-eabi-4_9-2015q3/bin/../lib/gcc/arm-none-eabi/4.9.3/armv7-m/libgcc.a(libunwind.o)
___Unwind_ForcedUnwind                            /home/david/Desktop/Embebidos/gcc-arm-none-eabi-4_9-2015q3/bin/../lib/gcc/arm-none-eabi/4.9.3/armv7-m/libgcc.a(libunwind.o)
___Unwind_RaiseException                          /home/david/Desktop/Embebidos/gcc-arm-none-eabi-4_9-2015q3/bin/../lib/gcc/arm-none-eabi/4.9.3/armv7-m/libgcc.a(libunwind.o)
___Unwind_Resume                                  /home/david/Desktop/Embebidos/gcc-arm-none-eabi-4_9-2015q3/bin/../lib/gcc/arm-none-eabi/4.9.3/armv7-m/libgcc.a(libunwind.o)
___Unwind_Resume_or_Rethrow                       /home/david/Desktop/Embebidos/gcc-arm-none-eabi-4_9-2015q3/bin/../lib/gcc/arm-none-eabi/4.9.3/armv7-m/libgcc.a(libunwind.o)
__aeabi_unwind_cpp_pr0                            /home/david/Desktop/Embebidos/gcc-arm-none-eabi-4_9-2015q3/bin/../lib/gcc/arm-none-eabi/4.9.3/armv7-m/libgcc.a(unwind-arm.o)
                                                  /home/david/Desktop/Embebidos/gcc-arm-none-eabi-4_9-2015q3/bin/../lib/gcc/arm-none-eabi/4.9.3/armv7-m/libgcc.a(pr-support.o)
                                                  build/obj/main.o
__aeabi_unwind_cpp_pr1                            /home/david/Desktop/Embebidos/gcc-arm-none-eabi-4_9-2015q3/bin/../lib/gcc/arm-none-eabi/4.9.3/armv7-m/libgcc.a(unwind-arm.o)
                                                  /home/david/Desktop/Embebidos/gcc-arm-none-eabi-4_9-2015q3/bin/../lib/gcc/arm-none-eabi/4.9.3/armv7-m/libgcc.a(pr-support.o)
__aeabi_unwind_cpp_pr2                            /home/david/Desktop/Embebidos/gcc-arm-none-eabi-4_9-2015q3/bin/../lib/gcc/arm-none-eabi/4.9.3/armv7-m/libgcc.a(unwind-arm.o)
__assert                                          /home/david/Desktop/Embebidos/gcc-arm-none-eabi-4_9-2015q3/bin/../lib/gcc/arm-none-eabi/4.9.3/../../../../arm-none-eabi/lib/armv7-m/libc_nano.a(lib_a-assert.o)
__assert_func                                     /home/david/Desktop/Embebidos/gcc-arm-none-eabi-4_9-2015q3/bin/../lib/gcc/arm-none-eabi/4.9.3/../../../../arm-none-eabi/lib/armv7-m/libc_nano.a(lib_a-assert.o)
                                                  build/obj/pmc.o
                                                  build/obj/atmel_adc.o
__cxa_begin_cleanup                               /home/david/Desktop/Embebidos/gcc-arm-none-eabi-4_9-2015q3/bin/../lib/gcc/arm-none-eabi/4.9.3/armv7-m/libgcc.a(unwind-arm.o)
__cxa_call_unexpected                             /home/david/Desktop/Embebidos/gcc-arm-none-eabi-4_9-2015q3/bin/../lib/gcc/arm-none-eabi/4.9.3/armv7-m/libgcc.a(unwind-arm.o)
__cxa_type_match                                  /home/david/Desktop/Embebidos/gcc-arm-none-eabi-4_9-2015q3/bin/../lib/gcc/arm-none-eabi/4.9.3/armv7-m/libgcc.a(unwind-arm.o)
__early_init                                      build/obj/board.o
                                                  build/obj/crt0.o
__exidx_end                                       /home/david/Desktop/Embebidos/gcc-arm-none-eabi-4_9-2015q3/bin/../lib/gcc/arm-none-eabi/4.9.3/armv7-m/libgcc.a(unwind-arm.o)
__exidx_start                                     /home/david/Desktop/Embebidos/gcc-arm-none-eabi-4_9-2015q3/bin/../lib/gcc/arm-none-eabi/4.9.3/armv7-m/libgcc.a(unwind-arm.o)
__fini_array_end                                  build/obj/crt0.o
__fini_array_start                                build/obj/crt0.o
__fp_lock_all                                     /home/david/Desktop/Embebidos/gcc-arm-none-eabi-4_9-2015q3/bin/../lib/gcc/arm-none-eabi/4.9.3/../../../../arm-none-eabi/lib/armv7-m/libc_nano.a(lib_a-findfp.o)
__fp_unlock_all                                   /home/david/Desktop/Embebidos/gcc-arm-none-eabi-4_9-2015q3/bin/../lib/gcc/arm-none-eabi/4.9.3/../../../../arm-none-eabi/lib/armv7-m/libc_nano.a(lib_a-findfp.o)
__gnu_Unwind_Backtrace                            /home/david/Desktop/Embebidos/gcc-arm-none-eabi-4_9-2015q3/bin/../lib/gcc/arm-none-eabi/4.9.3/armv7-m/libgcc.a(unwind-arm.o)
                                                  /home/david/Desktop/Embebidos/gcc-arm-none-eabi-4_9-2015q3/bin/../lib/gcc/arm-none-eabi/4.9.3/armv7-m/libgcc.a(libunwind.o)
__gnu_Unwind_Find_exidx                           /home/david/Desktop/Embebidos/gcc-arm-none-eabi-4_9-2015q3/bin/../lib/gcc/arm-none-eabi/4.9.3/armv7-m/libgcc.a(unwind-arm.o)
__gnu_Unwind_ForcedUnwind                         /home/david/Desktop/Embebidos/gcc-arm-none-eabi-4_9-2015q3/bin/../lib/gcc/arm-none-eabi/4.9.3/armv7-m/libgcc.a(unwind-arm.o)
                                                  /home/david/Desktop/Embebidos/gcc-arm-none-eabi-4_9-2015q3/bin/../lib/gcc/arm-none-eabi/4.9.3/armv7-m/libgcc.a(libunwind.o)
__gnu_Unwind_RaiseException                       /home/david/Desktop/Embebidos/gcc-arm-none-eabi-4_9-2015q3/bin/../lib/gcc/arm-none-eabi/4.9.3/armv7-m/libgcc.a(unwind-arm.o)
                                                  /home/david/Desktop/Embebidos/gcc-arm-none-eabi-4_9-2015q3/bin/../lib/gcc/arm-none-eabi/4.9.3/armv7-m/libgcc.a(libunwind.o)
__gnu_Unwind_Restore_VFP                          /home/david/Desktop/Embebidos/gcc-arm-none-eabi-4_9-2015q3/bin/../lib/gcc/arm-none-eabi/4.9.3/armv7-m/libgcc.a(libunwind.o)
                                                  /home/david/Desktop/Embebidos/gcc-arm-none-eabi-4_9-2015q3/bin/../lib/gcc/arm-none-eabi/4.9.3/armv7-m/libgcc.a(unwind-arm.o)
__gnu_Unwind_Restore_VFP_D                        /home/david/Desktop/Embebidos/gcc-arm-none-eabi-4_9-2015q3/bin/../lib/gcc/arm-none-eabi/4.9.3/armv7-m/libgcc.a(libunwind.o)
                                                  /home/david/Desktop/Embebidos/gcc-arm-none-eabi-4_9-2015q3/bin/../lib/gcc/arm-none-eabi/4.9.3/armv7-m/libgcc.a(unwind-arm.o)
__gnu_Unwind_Restore_VFP_D_16_to_31               /home/david/Desktop/Embebidos/gcc-arm-none-eabi-4_9-2015q3/bin/../lib/gcc/arm-none-eabi/4.9.3/armv7-m/libgcc.a(libunwind.o)
                                                  /home/david/Desktop/Embebidos/gcc-arm-none-eabi-4_9-2015q3/bin/../lib/gcc/arm-none-eabi/4.9.3/armv7-m/libgcc.a(unwind-arm.o)
__gnu_Unwind_Restore_WMMXC                        /home/david/Desktop/Embebidos/gcc-arm-none-eabi-4_9-2015q3/bin/../lib/gcc/arm-none-eabi/4.9.3/armv7-m/libgcc.a(libunwind.o)
                                                  /home/david/Desktop/Embebidos/gcc-arm-none-eabi-4_9-2015q3/bin/../lib/gcc/arm-none-eabi/4.9.3/armv7-m/libgcc.a(unwind-arm.o)
__gnu_Unwind_Restore_WMMXD                        /home/david/Desktop/Embebidos/gcc-arm-none-eabi-4_9-2015q3/bin/../lib/gcc/arm-none-eabi/4.9.3/armv7-m/libgcc.a(libunwind.o)
                                                  /home/david/Desktop/Embebidos/gcc-arm-none-eabi-4_9-2015q3/bin/../lib/gcc/arm-none-eabi/4.9.3/armv7-m/libgcc.a(unwind-arm.o)
__gnu_Unwind_Resume                               /home/david/Desktop/Embebidos/gcc-arm-none-eabi-4_9-2015q3/bin/../lib/gcc/arm-none-eabi/4.9.3/armv7-m/libgcc.a(unwind-arm.o)
                                                  /home/david/Desktop/Embebidos/gcc-arm-none-eabi-4_9-2015q3/bin/../lib/gcc/arm-none-eabi/4.9.3/armv7-m/libgcc.a(libunwind.o)
__gnu_Unwind_Resume_or_Rethrow                    /home/david/Desktop/Embebidos/gcc-arm-none-eabi-4_9-2015q3/bin/../lib/gcc/arm-none-eabi/4.9.3/armv7-m/libgcc.a(unwind-arm.o)
                                                  /home/david/Desktop/Embebidos/gcc-arm-none-eabi-4_9-2015q3/bin/../lib/gcc/arm-none-eabi/4.9.3/armv7-m/libgcc.a(libunwind.o)
__gnu_Unwind_Save_VFP                             /home/david/Desktop/Embebidos/gcc-arm-none-eabi-4_9-2015q3/bin/../lib/gcc/arm-none-eabi/4.9.3/armv7-m/libgcc.a(libunwind.o)
                                                  /home/david/Desktop/Embebidos/gcc-arm-none-eabi-4_9-2015q3/bin/../lib/gcc/arm-none-eabi/4.9.3/armv7-m/libgcc.a(unwind-arm.o)
__gnu_Unwind_Save_VFP_D                           /home/david/Desktop/Embebidos/gcc-arm-none-eabi-4_9-2015q3/bin/../lib/gcc/arm-none-eabi/4.9.3/armv7-m/libgcc.a(libunwind.o)
                                                  /home/david/Desktop/Embebidos/gcc-arm-none-eabi-4_9-2015q3/bin/../lib/gcc/arm-none-eabi/4.9.3/armv7-m/libgcc.a(unwind-arm.o)
__gnu_Unwind_Save_VFP_D_16_to_31                  /home/david/Desktop/Embebidos/gcc-arm-none-eabi-4_9-2015q3/bin/../lib/gcc/arm-none-eabi/4.9.3/armv7-m/libgcc.a(libunwind.o)
                                                  /home/david/Desktop/Embebidos/gcc-arm-none-eabi-4_9-2015q3/bin/../lib/gcc/arm-none-eabi/4.9.3/armv7-m/libgcc.a(unwind-arm.o)
__gnu_Unwind_Save_WMMXC                           /home/david/Desktop/Embebidos/gcc-arm-none-eabi-4_9-2015q3/bin/../lib/gcc/arm-none-eabi/4.9.3/armv7-m/libgcc.a(libunwind.o)
                                                  /home/david/Desktop/Embebidos/gcc-arm-none-eabi-4_9-2015q3/bin/../lib/gcc/arm-none-eabi/4.9.3/armv7-m/libgcc.a(unwind-arm.o)
__gnu_Unwind_Save_WMMXD                           /home/david/Desktop/Embebidos/gcc-arm-none-eabi-4_9-2015q3/bin/../lib/gcc/arm-none-eabi/4.9.3/armv7-m/libgcc.a(libunwind.o)
                                                  /home/david/Desktop/Embebidos/gcc-arm-none-eabi-4_9-2015q3/bin/../lib/gcc/arm-none-eabi/4.9.3/armv7-m/libgcc.a(unwind-arm.o)
__gnu_unwind_execute                              /home/david/Desktop/Embebidos/gcc-arm-none-eabi-4_9-2015q3/bin/../lib/gcc/arm-none-eabi/4.9.3/armv7-m/libgcc.a(pr-support.o)
                                                  /home/david/Desktop/Embebidos/gcc-arm-none-eabi-4_9-2015q3/bin/../lib/gcc/arm-none-eabi/4.9.3/armv7-m/libgcc.a(unwind-arm.o)
__gnu_unwind_frame                                /home/david/Desktop/Embebidos/gcc-arm-none-eabi-4_9-2015q3/bin/../lib/gcc/arm-none-eabi/4.9.3/armv7-m/libgcc.a(pr-support.o)
__heap_base__                                     build/obj/chmemcore.o
__heap_end__                                      build/obj/chmemcore.o
__init_array_end                                  build/obj/crt0.o
__init_array_start                                build/obj/crt0.o
__late_init                                       build/obj/crt0.o
__main_stack_base__                               build/obj/crt0.o
__main_stack_end__                                build/obj/crt0.o
__malloc_free_list                                /home/david/Desktop/Embebidos/gcc-arm-none-eabi-4_9-2015q3/bin/../lib/gcc/arm-none-eabi/4.9.3/../../../../arm-none-eabi/lib/armv7-m/libc_nano.a(lib_a-nano-mallocr.o)
                                                  /home/david/Desktop/Embebidos/gcc-arm-none-eabi-4_9-2015q3/bin/../lib/gcc/arm-none-eabi/4.9.3/../../../../arm-none-eabi/lib/armv7-m/libc_nano.a(lib_a-nano-freer.o)
__malloc_sbrk_start                               /home/david/Desktop/Embebidos/gcc-arm-none-eabi-4_9-2015q3/bin/../lib/gcc/arm-none-eabi/4.9.3/../../../../arm-none-eabi/lib/armv7-m/libc_nano.a(lib_a-nano-mallocr.o)
__process_stack_base__                            build/obj/crt0.o
__process_stack_end__                             build/obj/crt0.o
__ram_end__                                       build/obj/vectors.o
__restore_core_regs                               /home/david/Desktop/Embebidos/gcc-arm-none-eabi-4_9-2015q3/bin/../lib/gcc/arm-none-eabi/4.9.3/armv7-m/libgcc.a(libunwind.o)
__sclose                                          /home/david/Desktop/Embebidos/gcc-arm-none-eabi-4_9-2015q3/bin/../lib/gcc/arm-none-eabi/4.9.3/../../../../arm-none-eabi/lib/armv7-m/libc_nano.a(lib_a-stdio.o)
                                                  /home/david/Desktop/Embebidos/gcc-arm-none-eabi-4_9-2015q3/bin/../lib/gcc/arm-none-eabi/4.9.3/../../../../arm-none-eabi/lib/armv7-m/libc_nano.a(lib_a-findfp.o)
__seofread                                        /home/david/Desktop/Embebidos/gcc-arm-none-eabi-4_9-2015q3/bin/../lib/gcc/arm-none-eabi/4.9.3/../../../../arm-none-eabi/lib/armv7-m/libc_nano.a(lib_a-stdio.o)
__sf_fake_stderr                                  /home/david/Desktop/Embebidos/gcc-arm-none-eabi-4_9-2015q3/bin/../lib/gcc/arm-none-eabi/4.9.3/../../../../arm-none-eabi/lib/armv7-m/libc_nano.a(lib_a-findfp.o)
                                                  /home/david/Desktop/Embebidos/gcc-arm-none-eabi-4_9-2015q3/bin/../lib/gcc/arm-none-eabi/4.9.3/../../../../arm-none-eabi/lib/armv7-m/libc_nano.a(lib_a-fflush.o)
                                                  /home/david/Desktop/Embebidos/gcc-arm-none-eabi-4_9-2015q3/bin/../lib/gcc/arm-none-eabi/4.9.3/../../../../arm-none-eabi/lib/armv7-m/libc_nano.a(lib_a-wsetup.o)
                                                  /home/david/Desktop/Embebidos/gcc-arm-none-eabi-4_9-2015q3/bin/../lib/gcc/arm-none-eabi/4.9.3/../../../../arm-none-eabi/lib/armv7-m/libc_nano.a(lib_a-wbuf.o)
                                                  /home/david/Desktop/Embebidos/gcc-arm-none-eabi-4_9-2015q3/bin/../lib/gcc/arm-none-eabi/4.9.3/../../../../arm-none-eabi/lib/armv7-m/libc_nano.a(lib_a-nano-vfprintf.o)
                                                  /home/david/Desktop/Embebidos/gcc-arm-none-eabi-4_9-2015q3/bin/../lib/gcc/arm-none-eabi/4.9.3/../../../../arm-none-eabi/lib/armv7-m/libc_nano.a(lib_a-impure.o)
__sf_fake_stdin                                   /home/david/Desktop/Embebidos/gcc-arm-none-eabi-4_9-2015q3/bin/../lib/gcc/arm-none-eabi/4.9.3/../../../../arm-none-eabi/lib/armv7-m/libc_nano.a(lib_a-findfp.o)
                                                  /home/david/Desktop/Embebidos/gcc-arm-none-eabi-4_9-2015q3/bin/../lib/gcc/arm-none-eabi/4.9.3/../../../../arm-none-eabi/lib/armv7-m/libc_nano.a(lib_a-fflush.o)
                                                  /home/david/Desktop/Embebidos/gcc-arm-none-eabi-4_9-2015q3/bin/../lib/gcc/arm-none-eabi/4.9.3/../../../../arm-none-eabi/lib/armv7-m/libc_nano.a(lib_a-wsetup.o)
                                                  /home/david/Desktop/Embebidos/gcc-arm-none-eabi-4_9-2015q3/bin/../lib/gcc/arm-none-eabi/4.9.3/../../../../arm-none-eabi/lib/armv7-m/libc_nano.a(lib_a-wbuf.o)
                                                  /home/david/Desktop/Embebidos/gcc-arm-none-eabi-4_9-2015q3/bin/../lib/gcc/arm-none-eabi/4.9.3/../../../../arm-none-eabi/lib/armv7-m/libc_nano.a(lib_a-nano-vfprintf.o)
                                                  /home/david/Desktop/Embebidos/gcc-arm-none-eabi-4_9-2015q3/bin/../lib/gcc/arm-none-eabi/4.9.3/../../../../arm-none-eabi/lib/armv7-m/libc_nano.a(lib_a-impure.o)
__sf_fake_stdout                                  /home/david/Desktop/Embebidos/gcc-arm-none-eabi-4_9-2015q3/bin/../lib/gcc/arm-none-eabi/4.9.3/../../../../arm-none-eabi/lib/armv7-m/libc_nano.a(lib_a-findfp.o)
                                                  /home/david/Desktop/Embebidos/gcc-arm-none-eabi-4_9-2015q3/bin/../lib/gcc/arm-none-eabi/4.9.3/../../../../arm-none-eabi/lib/armv7-m/libc_nano.a(lib_a-fflush.o)
                                                  /home/david/Desktop/Embebidos/gcc-arm-none-eabi-4_9-2015q3/bin/../lib/gcc/arm-none-eabi/4.9.3/../../../../arm-none-eabi/lib/armv7-m/libc_nano.a(lib_a-wsetup.o)
                                                  /home/david/Desktop/Embebidos/gcc-arm-none-eabi-4_9-2015q3/bin/../lib/gcc/arm-none-eabi/4.9.3/../../../../arm-none-eabi/lib/armv7-m/libc_nano.a(lib_a-wbuf.o)
                                                  /home/david/Desktop/Embebidos/gcc-arm-none-eabi-4_9-2015q3/bin/../lib/gcc/arm-none-eabi/4.9.3/../../../../arm-none-eabi/lib/armv7-m/libc_nano.a(lib_a-nano-vfprintf.o)
                                                  /home/david/Desktop/Embebidos/gcc-arm-none-eabi-4_9-2015q3/bin/../lib/gcc/arm-none-eabi/4.9.3/../../../../arm-none-eabi/lib/armv7-m/libc_nano.a(lib_a-impure.o)
__sflush_r                                        /home/david/Desktop/Embebidos/gcc-arm-none-eabi-4_9-2015q3/bin/../lib/gcc/arm-none-eabi/4.9.3/../../../../arm-none-eabi/lib/armv7-m/libc_nano.a(lib_a-fflush.o)
__sfmoreglue                                      /home/david/Desktop/Embebidos/gcc-arm-none-eabi-4_9-2015q3/bin/../lib/gcc/arm-none-eabi/4.9.3/../../../../arm-none-eabi/lib/armv7-m/libc_nano.a(lib_a-findfp.o)
__sfp                                             /home/david/Desktop/Embebidos/gcc-arm-none-eabi-4_9-2015q3/bin/../lib/gcc/arm-none-eabi/4.9.3/../../../../arm-none-eabi/lib/armv7-m/libc_nano.a(lib_a-findfp.o)
__sfp_lock_acquire                                /home/david/Desktop/Embebidos/gcc-arm-none-eabi-4_9-2015q3/bin/../lib/gcc/arm-none-eabi/4.9.3/../../../../arm-none-eabi/lib/armv7-m/libc_nano.a(lib_a-findfp.o)
__sfp_lock_release                                /home/david/Desktop/Embebidos/gcc-arm-none-eabi-4_9-2015q3/bin/../lib/gcc/arm-none-eabi/4.9.3/../../../../arm-none-eabi/lib/armv7-m/libc_nano.a(lib_a-findfp.o)
__sfputs_r                                        /home/david/Desktop/Embebidos/gcc-arm-none-eabi-4_9-2015q3/bin/../lib/gcc/arm-none-eabi/4.9.3/../../../../arm-none-eabi/lib/armv7-m/libc_nano.a(lib_a-nano-vfprintf.o)
__sfvwrite_r                                      /home/david/Desktop/Embebidos/gcc-arm-none-eabi-4_9-2015q3/bin/../lib/gcc/arm-none-eabi/4.9.3/../../../../arm-none-eabi/lib/armv7-m/libc_nano.a(lib_a-fvwrite.o)
                                                  /home/david/Desktop/Embebidos/gcc-arm-none-eabi-4_9-2015q3/bin/../lib/gcc/arm-none-eabi/4.9.3/../../../../arm-none-eabi/lib/armv7-m/libc_nano.a(lib_a-nano-vfprintf.o)
__sigtramp                                        /home/david/Desktop/Embebidos/gcc-arm-none-eabi-4_9-2015q3/bin/../lib/gcc/arm-none-eabi/4.9.3/../../../../arm-none-eabi/lib/armv7-m/libc_nano.a(lib_a-signal.o)
__sigtramp_r                                      /home/david/Desktop/Embebidos/gcc-arm-none-eabi-4_9-2015q3/bin/../lib/gcc/arm-none-eabi/4.9.3/../../../../arm-none-eabi/lib/armv7-m/libc_nano.a(lib_a-signal.o)
__sinit                                           /home/david/Desktop/Embebidos/gcc-arm-none-eabi-4_9-2015q3/bin/../lib/gcc/arm-none-eabi/4.9.3/../../../../arm-none-eabi/lib/armv7-m/libc_nano.a(lib_a-findfp.o)
                                                  /home/david/Desktop/Embebidos/gcc-arm-none-eabi-4_9-2015q3/bin/../lib/gcc/arm-none-eabi/4.9.3/../../../../arm-none-eabi/lib/armv7-m/libc_nano.a(lib_a-fflush.o)
                                                  /home/david/Desktop/Embebidos/gcc-arm-none-eabi-4_9-2015q3/bin/../lib/gcc/arm-none-eabi/4.9.3/../../../../arm-none-eabi/lib/armv7-m/libc_nano.a(lib_a-wsetup.o)
                                                  /home/david/Desktop/Embebidos/gcc-arm-none-eabi-4_9-2015q3/bin/../lib/gcc/arm-none-eabi/4.9.3/../../../../arm-none-eabi/lib/armv7-m/libc_nano.a(lib_a-wbuf.o)
                                                  /home/david/Desktop/Embebidos/gcc-arm-none-eabi-4_9-2015q3/bin/../lib/gcc/arm-none-eabi/4.9.3/../../../../arm-none-eabi/lib/armv7-m/libc_nano.a(lib_a-nano-vfprintf.o)
__sinit_lock_acquire                              /home/david/Desktop/Embebidos/gcc-arm-none-eabi-4_9-2015q3/bin/../lib/gcc/arm-none-eabi/4.9.3/../../../../arm-none-eabi/lib/armv7-m/libc_nano.a(lib_a-findfp.o)
__sinit_lock_release                              /home/david/Desktop/Embebidos/gcc-arm-none-eabi-4_9-2015q3/bin/../lib/gcc/arm-none-eabi/4.9.3/../../../../arm-none-eabi/lib/armv7-m/libc_nano.a(lib_a-findfp.o)
__smakebuf_r                                      /home/david/Desktop/Embebidos/gcc-arm-none-eabi-4_9-2015q3/bin/../lib/gcc/arm-none-eabi/4.9.3/../../../../arm-none-eabi/lib/armv7-m/libc_nano.a(lib_a-makebuf.o)
                                                  /home/david/Desktop/Embebidos/gcc-arm-none-eabi-4_9-2015q3/bin/../lib/gcc/arm-none-eabi/4.9.3/../../../../arm-none-eabi/lib/armv7-m/libc_nano.a(lib_a-wsetup.o)
__sprint_r                                        /home/david/Desktop/Embebidos/gcc-arm-none-eabi-4_9-2015q3/bin/../lib/gcc/arm-none-eabi/4.9.3/../../../../arm-none-eabi/lib/armv7-m/libc_nano.a(lib_a-nano-vfprintf.o)
__sread                                           /home/david/Desktop/Embebidos/gcc-arm-none-eabi-4_9-2015q3/bin/../lib/gcc/arm-none-eabi/4.9.3/../../../../arm-none-eabi/lib/armv7-m/libc_nano.a(lib_a-stdio.o)
                                                  /home/david/Desktop/Embebidos/gcc-arm-none-eabi-4_9-2015q3/bin/../lib/gcc/arm-none-eabi/4.9.3/../../../../arm-none-eabi/lib/armv7-m/libc_nano.a(lib_a-findfp.o)
__sseek                                           /home/david/Desktop/Embebidos/gcc-arm-none-eabi-4_9-2015q3/bin/../lib/gcc/arm-none-eabi/4.9.3/../../../../arm-none-eabi/lib/armv7-m/libc_nano.a(lib_a-stdio.o)
                                                  /home/david/Desktop/Embebidos/gcc-arm-none-eabi-4_9-2015q3/bin/../lib/gcc/arm-none-eabi/4.9.3/../../../../arm-none-eabi/lib/armv7-m/libc_nano.a(lib_a-findfp.o)
__swbuf                                           /home/david/Desktop/Embebidos/gcc-arm-none-eabi-4_9-2015q3/bin/../lib/gcc/arm-none-eabi/4.9.3/../../../../arm-none-eabi/lib/armv7-m/libc_nano.a(lib_a-wbuf.o)
__swbuf_r                                         /home/david/Desktop/Embebidos/gcc-arm-none-eabi-4_9-2015q3/bin/../lib/gcc/arm-none-eabi/4.9.3/../../../../arm-none-eabi/lib/armv7-m/libc_nano.a(lib_a-wbuf.o)
                                                  /home/david/Desktop/Embebidos/gcc-arm-none-eabi-4_9-2015q3/bin/../lib/gcc/arm-none-eabi/4.9.3/../../../../arm-none-eabi/lib/armv7-m/libc_nano.a(lib_a-nano-vfprintf.o)
__swrite                                          /home/david/Desktop/Embebidos/gcc-arm-none-eabi-4_9-2015q3/bin/../lib/gcc/arm-none-eabi/4.9.3/../../../../arm-none-eabi/lib/armv7-m/libc_nano.a(lib_a-stdio.o)
                                                  /home/david/Desktop/Embebidos/gcc-arm-none-eabi-4_9-2015q3/bin/../lib/gcc/arm-none-eabi/4.9.3/../../../../arm-none-eabi/lib/armv7-m/libc_nano.a(lib_a-findfp.o)
__swsetup_r                                       /home/david/Desktop/Embebidos/gcc-arm-none-eabi-4_9-2015q3/bin/../lib/gcc/arm-none-eabi/4.9.3/../../../../arm-none-eabi/lib/armv7-m/libc_nano.a(lib_a-wsetup.o)
                                                  /home/david/Desktop/Embebidos/gcc-arm-none-eabi-4_9-2015q3/bin/../lib/gcc/arm-none-eabi/4.9.3/../../../../arm-none-eabi/lib/armv7-m/libc_nano.a(lib_a-fvwrite.o)
                                                  /home/david/Desktop/Embebidos/gcc-arm-none-eabi-4_9-2015q3/bin/../lib/gcc/arm-none-eabi/4.9.3/../../../../arm-none-eabi/lib/armv7-m/libc_nano.a(lib_a-wbuf.o)
                                                  /home/david/Desktop/Embebidos/gcc-arm-none-eabi-4_9-2015q3/bin/../lib/gcc/arm-none-eabi/4.9.3/../../../../arm-none-eabi/lib/armv7-m/libc_nano.a(lib_a-nano-vfprintf.o)
_bss_end                                          build/obj/crt0.o
_bss_start                                        build/obj/crt0.o
_cleanup                                          /home/david/Desktop/Embebidos/gcc-arm-none-eabi-4_9-2015q3/bin/../lib/gcc/arm-none-eabi/4.9.3/../../../../arm-none-eabi/lib/armv7-m/libc_nano.a(lib_a-findfp.o)
_cleanup_r                                        /home/david/Desktop/Embebidos/gcc-arm-none-eabi-4_9-2015q3/bin/../lib/gcc/arm-none-eabi/4.9.3/../../../../arm-none-eabi/lib/armv7-m/libc_nano.a(lib_a-findfp.o)
                                                  /home/david/Desktop/Embebidos/gcc-arm-none-eabi-4_9-2015q3/bin/../lib/gcc/arm-none-eabi/4.9.3/../../../../arm-none-eabi/lib/armv7-m/libc_nano.a(lib_a-makebuf.o)
_close_r                                          build/obj/syscalls.o
                                                  /home/david/Desktop/Embebidos/gcc-arm-none-eabi-4_9-2015q3/bin/../lib/gcc/arm-none-eabi/4.9.3/../../../../arm-none-eabi/lib/armv7-m/libc_nano.a(lib_a-stdio.o)
_core_init                                        build/obj/chmemcore.o
                                                  build/obj/chsys.o
_data                                             build/obj/crt0.o
_default_exit                                     build/obj/crt0.o
_edata                                            build/obj/crt0.o
_exit                                             build/obj/syscalls.o
                                                  /home/david/Desktop/Embebidos/gcc-arm-none-eabi-4_9-2015q3/bin/../lib/gcc/arm-none-eabi/4.9.3/../../../../arm-none-eabi/lib/armv7-m/libc_nano.a(lib_a-abort.o)
_fflush_r                                         /home/david/Desktop/Embebidos/gcc-arm-none-eabi-4_9-2015q3/bin/../lib/gcc/arm-none-eabi/4.9.3/../../../../arm-none-eabi/lib/armv7-m/libc_nano.a(lib_a-fflush.o)
                                                  /home/david/Desktop/Embebidos/gcc-arm-none-eabi-4_9-2015q3/bin/../lib/gcc/arm-none-eabi/4.9.3/../../../../arm-none-eabi/lib/armv7-m/libc_nano.a(lib_a-fvwrite.o)
                                                  /home/david/Desktop/Embebidos/gcc-arm-none-eabi-4_9-2015q3/bin/../lib/gcc/arm-none-eabi/4.9.3/../../../../arm-none-eabi/lib/armv7-m/libc_nano.a(lib_a-findfp.o)
                                                  /home/david/Desktop/Embebidos/gcc-arm-none-eabi-4_9-2015q3/bin/../lib/gcc/arm-none-eabi/4.9.3/../../../../arm-none-eabi/lib/armv7-m/libc_nano.a(lib_a-wbuf.o)
_fiprintf_r                                       /home/david/Desktop/Embebidos/gcc-arm-none-eabi-4_9-2015q3/bin/../lib/gcc/arm-none-eabi/4.9.3/../../../../arm-none-eabi/lib/armv7-m/libc_nano.a(lib_a-fprintf.o)
_fprintf_r                                        /home/david/Desktop/Embebidos/gcc-arm-none-eabi-4_9-2015q3/bin/../lib/gcc/arm-none-eabi/4.9.3/../../../../arm-none-eabi/lib/armv7-m/libc_nano.a(lib_a-fprintf.o)
_free_r                                           /home/david/Desktop/Embebidos/gcc-arm-none-eabi-4_9-2015q3/bin/../lib/gcc/arm-none-eabi/4.9.3/../../../../arm-none-eabi/lib/armv7-m/libc_nano.a(lib_a-nano-freer.o)
                                                  /home/david/Desktop/Embebidos/gcc-arm-none-eabi-4_9-2015q3/bin/../lib/gcc/arm-none-eabi/4.9.3/../../../../arm-none-eabi/lib/armv7-m/libc_nano.a(lib_a-reent.o)
                                                  /home/david/Desktop/Embebidos/gcc-arm-none-eabi-4_9-2015q3/bin/../lib/gcc/arm-none-eabi/4.9.3/../../../../arm-none-eabi/lib/armv7-m/libc_nano.a(lib_a-nano-reallocr.o)
                                                  /home/david/Desktop/Embebidos/gcc-arm-none-eabi-4_9-2015q3/bin/../lib/gcc/arm-none-eabi/4.9.3/../../../../arm-none-eabi/lib/armv7-m/libc_nano.a(lib_a-fvwrite.o)
                                                  /home/david/Desktop/Embebidos/gcc-arm-none-eabi-4_9-2015q3/bin/../lib/gcc/arm-none-eabi/4.9.3/../../../../arm-none-eabi/lib/armv7-m/libc_nano.a(lib_a-fflush.o)
                                                  /home/david/Desktop/Embebidos/gcc-arm-none-eabi-4_9-2015q3/bin/../lib/gcc/arm-none-eabi/4.9.3/../../../../arm-none-eabi/lib/armv7-m/libc_nano.a(lib_a-wsetup.o)
_fstat_r                                          build/obj/syscalls.o
                                                  /home/david/Desktop/Embebidos/gcc-arm-none-eabi-4_9-2015q3/bin/../lib/gcc/arm-none-eabi/4.9.3/../../../../arm-none-eabi/lib/armv7-m/libc_nano.a(lib_a-makebuf.o)
_fwalk                                            /home/david/Desktop/Embebidos/gcc-arm-none-eabi-4_9-2015q3/bin/../lib/gcc/arm-none-eabi/4.9.3/../../../../arm-none-eabi/lib/armv7-m/libc_nano.a(lib_a-fwalk.o)
                                                  /home/david/Desktop/Embebidos/gcc-arm-none-eabi-4_9-2015q3/bin/../lib/gcc/arm-none-eabi/4.9.3/../../../../arm-none-eabi/lib/armv7-m/libc_nano.a(lib_a-findfp.o)
_fwalk_reent                                      /home/david/Desktop/Embebidos/gcc-arm-none-eabi-4_9-2015q3/bin/../lib/gcc/arm-none-eabi/4.9.3/../../../../arm-none-eabi/lib/armv7-m/libc_nano.a(lib_a-fwalk.o)
                                                  /home/david/Desktop/Embebidos/gcc-arm-none-eabi-4_9-2015q3/bin/../lib/gcc/arm-none-eabi/4.9.3/../../../../arm-none-eabi/lib/armv7-m/libc_nano.a(lib_a-findfp.o)
                                                  /home/david/Desktop/Embebidos/gcc-arm-none-eabi-4_9-2015q3/bin/../lib/gcc/arm-none-eabi/4.9.3/../../../../arm-none-eabi/lib/armv7-m/libc_nano.a(lib_a-fflush.o)
_getpid                                           build/obj/syscalls.o
                                                  /home/david/Desktop/Embebidos/gcc-arm-none-eabi-4_9-2015q3/bin/../lib/gcc/arm-none-eabi/4.9.3/../../../../arm-none-eabi/lib/armv7-m/libc_nano.a(lib_a-signalr.o)
_getpid_r                                         /home/david/Desktop/Embebidos/gcc-arm-none-eabi-4_9-2015q3/bin/../lib/gcc/arm-none-eabi/4.9.3/../../../../arm-none-eabi/lib/armv7-m/libc_nano.a(lib_a-signalr.o)
                                                  /home/david/Desktop/Embebidos/gcc-arm-none-eabi-4_9-2015q3/bin/../lib/gcc/arm-none-eabi/4.9.3/../../../../arm-none-eabi/lib/armv7-m/libc_nano.a(lib_a-signal.o)
_global_impure_ptr                                /home/david/Desktop/Embebidos/gcc-arm-none-eabi-4_9-2015q3/bin/../lib/gcc/arm-none-eabi/4.9.3/../../../../arm-none-eabi/lib/armv7-m/libc_nano.a(lib_a-impure.o)
                                                  /home/david/Desktop/Embebidos/gcc-arm-none-eabi-4_9-2015q3/bin/../lib/gcc/arm-none-eabi/4.9.3/../../../../arm-none-eabi/lib/armv7-m/libc_nano.a(lib_a-findfp.o)
                                                  /home/david/Desktop/Embebidos/gcc-arm-none-eabi-4_9-2015q3/bin/../lib/gcc/arm-none-eabi/4.9.3/../../../../arm-none-eabi/lib/armv7-m/libc_nano.a(lib_a-fflush.o)
_heap_init                                        build/obj/chheap.o
                                                  build/obj/chsys.o
_idle_thread                                      build/obj/chsys.o
_idle_thread_wa                                   build/obj/chsys.o
_impure_ptr                                       /home/david/Desktop/Embebidos/gcc-arm-none-eabi-4_9-2015q3/bin/../lib/gcc/arm-none-eabi/4.9.3/../../../../arm-none-eabi/lib/armv7-m/libc_nano.a(lib_a-impure.o)
                                                  /home/david/Desktop/Embebidos/gcc-arm-none-eabi-4_9-2015q3/bin/../lib/gcc/arm-none-eabi/4.9.3/../../../../arm-none-eabi/lib/armv7-m/libc_nano.a(lib_a-reent.o)
                                                  /home/david/Desktop/Embebidos/gcc-arm-none-eabi-4_9-2015q3/bin/../lib/gcc/arm-none-eabi/4.9.3/../../../../arm-none-eabi/lib/armv7-m/libc_nano.a(lib_a-findfp.o)
                                                  /home/david/Desktop/Embebidos/gcc-arm-none-eabi-4_9-2015q3/bin/../lib/gcc/arm-none-eabi/4.9.3/../../../../arm-none-eabi/lib/armv7-m/libc_nano.a(lib_a-fflush.o)
                                                  /home/david/Desktop/Embebidos/gcc-arm-none-eabi-4_9-2015q3/bin/../lib/gcc/arm-none-eabi/4.9.3/../../../../arm-none-eabi/lib/armv7-m/libc_nano.a(lib_a-wsetup.o)
                                                  /home/david/Desktop/Embebidos/gcc-arm-none-eabi-4_9-2015q3/bin/../lib/gcc/arm-none-eabi/4.9.3/../../../../arm-none-eabi/lib/armv7-m/libc_nano.a(lib_a-wbuf.o)
                                                  /home/david/Desktop/Embebidos/gcc-arm-none-eabi-4_9-2015q3/bin/../lib/gcc/arm-none-eabi/4.9.3/../../../../arm-none-eabi/lib/armv7-m/libc_nano.a(lib_a-signal.o)
                                                  /home/david/Desktop/Embebidos/gcc-arm-none-eabi-4_9-2015q3/bin/../lib/gcc/arm-none-eabi/4.9.3/../../../../arm-none-eabi/lib/armv7-m/libc_nano.a(lib_a-nano-vfprintf.o)
                                                  /home/david/Desktop/Embebidos/gcc-arm-none-eabi-4_9-2015q3/bin/../lib/gcc/arm-none-eabi/4.9.3/../../../../arm-none-eabi/lib/armv7-m/libc_nano.a(lib_a-fprintf.o)
                                                  /home/david/Desktop/Embebidos/gcc-arm-none-eabi-4_9-2015q3/bin/../lib/gcc/arm-none-eabi/4.9.3/../../../../arm-none-eabi/lib/armv7-m/libc_nano.a(lib_a-assert.o)
_init_signal                                      /home/david/Desktop/Embebidos/gcc-arm-none-eabi-4_9-2015q3/bin/../lib/gcc/arm-none-eabi/4.9.3/../../../../arm-none-eabi/lib/armv7-m/libc_nano.a(lib_a-signal.o)
_init_signal_r                                    /home/david/Desktop/Embebidos/gcc-arm-none-eabi-4_9-2015q3/bin/../lib/gcc/arm-none-eabi/4.9.3/../../../../arm-none-eabi/lib/armv7-m/libc_nano.a(lib_a-signal.o)
_isatty_r                                         build/obj/syscalls.o
                                                  /home/david/Desktop/Embebidos/gcc-arm-none-eabi-4_9-2015q3/bin/../lib/gcc/arm-none-eabi/4.9.3/../../../../arm-none-eabi/lib/armv7-m/libc_nano.a(lib_a-makebuf.o)
_kill                                             build/obj/syscalls.o
                                                  /home/david/Desktop/Embebidos/gcc-arm-none-eabi-4_9-2015q3/bin/../lib/gcc/arm-none-eabi/4.9.3/../../../../arm-none-eabi/lib/armv7-m/libc_nano.a(lib_a-signalr.o)
_kill_r                                           /home/david/Desktop/Embebidos/gcc-arm-none-eabi-4_9-2015q3/bin/../lib/gcc/arm-none-eabi/4.9.3/../../../../arm-none-eabi/lib/armv7-m/libc_nano.a(lib_a-signalr.o)
                                                  /home/david/Desktop/Embebidos/gcc-arm-none-eabi-4_9-2015q3/bin/../lib/gcc/arm-none-eabi/4.9.3/../../../../arm-none-eabi/lib/armv7-m/libc_nano.a(lib_a-signal.o)
_lseek_r                                          build/obj/syscalls.o
                                                  /home/david/Desktop/Embebidos/gcc-arm-none-eabi-4_9-2015q3/bin/../lib/gcc/arm-none-eabi/4.9.3/../../../../arm-none-eabi/lib/armv7-m/libc_nano.a(lib_a-stdio.o)
_malloc_r                                         /home/david/Desktop/Embebidos/gcc-arm-none-eabi-4_9-2015q3/bin/../lib/gcc/arm-none-eabi/4.9.3/../../../../arm-none-eabi/lib/armv7-m/libc_nano.a(lib_a-nano-mallocr.o)
                                                  /home/david/Desktop/Embebidos/gcc-arm-none-eabi-4_9-2015q3/bin/../lib/gcc/arm-none-eabi/4.9.3/../../../../arm-none-eabi/lib/armv7-m/libc_nano.a(lib_a-nano-reallocr.o)
                                                  /home/david/Desktop/Embebidos/gcc-arm-none-eabi-4_9-2015q3/bin/../lib/gcc/arm-none-eabi/4.9.3/../../../../arm-none-eabi/lib/armv7-m/libc_nano.a(lib_a-makebuf.o)
                                                  /home/david/Desktop/Embebidos/gcc-arm-none-eabi-4_9-2015q3/bin/../lib/gcc/arm-none-eabi/4.9.3/../../../../arm-none-eabi/lib/armv7-m/libc_nano.a(lib_a-fvwrite.o)
                                                  /home/david/Desktop/Embebidos/gcc-arm-none-eabi-4_9-2015q3/bin/../lib/gcc/arm-none-eabi/4.9.3/../../../../arm-none-eabi/lib/armv7-m/libc_nano.a(lib_a-findfp.o)
                                                  /home/david/Desktop/Embebidos/gcc-arm-none-eabi-4_9-2015q3/bin/../lib/gcc/arm-none-eabi/4.9.3/../../../../arm-none-eabi/lib/armv7-m/libc_nano.a(lib_a-signal.o)
_malloc_usable_size_r                             /home/david/Desktop/Embebidos/gcc-arm-none-eabi-4_9-2015q3/bin/../lib/gcc/arm-none-eabi/4.9.3/../../../../arm-none-eabi/lib/armv7-m/libc_nano.a(lib_a-nano-msizer.o)
                                                  /home/david/Desktop/Embebidos/gcc-arm-none-eabi-4_9-2015q3/bin/../lib/gcc/arm-none-eabi/4.9.3/../../../../arm-none-eabi/lib/armv7-m/libc_nano.a(lib_a-nano-reallocr.o)
_pal_lld_init                                     build/obj/pal_lld.o
                                                  build/obj/hal.o
_pal_lld_setgroupmode                             build/obj/pal_lld.o
                                                  build/obj/board.o
                                                  build/obj/pal.o
_port_init                                        build/obj/chcore_v7m.o
                                                  build/obj/chsys.o
_port_irq_epilogue                                build/obj/chcore_v7m.o
                                                  build/obj/serial_lld.o
_port_switch                                      build/obj/chcore_v7m.o
                                                  build/obj/chschd.o
_port_switch_from_isr                             build/obj/chcore_v7m.o
_port_thread_start                                build/obj/chcore_v7m.o
                                                  build/obj/chthreads.o
_printf_common                                    /home/david/Desktop/Embebidos/gcc-arm-none-eabi-4_9-2015q3/bin/../lib/gcc/arm-none-eabi/4.9.3/../../../../arm-none-eabi/lib/armv7-m/libc_nano.a(lib_a-nano-vfprintf_i.o)
_printf_float                                     /home/david/Desktop/Embebidos/gcc-arm-none-eabi-4_9-2015q3/bin/../lib/gcc/arm-none-eabi/4.9.3/../../../../arm-none-eabi/lib/armv7-m/libc_nano.a(lib_a-nano-vfprintf.o)
_printf_i                                         /home/david/Desktop/Embebidos/gcc-arm-none-eabi-4_9-2015q3/bin/../lib/gcc/arm-none-eabi/4.9.3/../../../../arm-none-eabi/lib/armv7-m/libc_nano.a(lib_a-nano-vfprintf_i.o)
                                                  /home/david/Desktop/Embebidos/gcc-arm-none-eabi-4_9-2015q3/bin/../lib/gcc/arm-none-eabi/4.9.3/../../../../arm-none-eabi/lib/armv7-m/libc_nano.a(lib_a-nano-vfprintf.o)
_raise_r                                          /home/david/Desktop/Embebidos/gcc-arm-none-eabi-4_9-2015q3/bin/../lib/gcc/arm-none-eabi/4.9.3/../../../../arm-none-eabi/lib/armv7-m/libc_nano.a(lib_a-signal.o)
_read_r                                           build/obj/syscalls.o
                                                  /home/david/Desktop/Embebidos/gcc-arm-none-eabi-4_9-2015q3/bin/../lib/gcc/arm-none-eabi/4.9.3/../../../../arm-none-eabi/lib/armv7-m/libc_nano.a(lib_a-stdio.o)
_realloc_r                                        /home/david/Desktop/Embebidos/gcc-arm-none-eabi-4_9-2015q3/bin/../lib/gcc/arm-none-eabi/4.9.3/../../../../arm-none-eabi/lib/armv7-m/libc_nano.a(lib_a-nano-reallocr.o)
                                                  /home/david/Desktop/Embebidos/gcc-arm-none-eabi-4_9-2015q3/bin/../lib/gcc/arm-none-eabi/4.9.3/../../../../arm-none-eabi/lib/armv7-m/libc_nano.a(lib_a-fvwrite.o)
_reclaim_reent                                    /home/david/Desktop/Embebidos/gcc-arm-none-eabi-4_9-2015q3/bin/../lib/gcc/arm-none-eabi/4.9.3/../../../../arm-none-eabi/lib/armv7-m/libc_nano.a(lib_a-reent.o)
_sbrk_r                                           build/obj/syscalls.o
                                                  /home/david/Desktop/Embebidos/gcc-arm-none-eabi-4_9-2015q3/bin/../lib/gcc/arm-none-eabi/4.9.3/../../../../arm-none-eabi/lib/armv7-m/libc_nano.a(lib_a-nano-mallocr.o)
_scheduler_init                                   build/obj/chschd.o
                                                  build/obj/chsys.o
_signal_r                                         /home/david/Desktop/Embebidos/gcc-arm-none-eabi-4_9-2015q3/bin/../lib/gcc/arm-none-eabi/4.9.3/../../../../arm-none-eabi/lib/armv7-m/libc_nano.a(lib_a-signal.o)
_textdata                                         build/obj/crt0.o
_thread_init                                      build/obj/chthreads.o
                                                  build/obj/chsys.o
_unhandled_exception                              build/obj/vectors.o
_vectors                                          build/obj/vectors.o
_vfiprintf_r                                      /home/david/Desktop/Embebidos/gcc-arm-none-eabi-4_9-2015q3/bin/../lib/gcc/arm-none-eabi/4.9.3/../../../../arm-none-eabi/lib/armv7-m/libc_nano.a(lib_a-nano-vfprintf.o)
_vfprintf_r                                       /home/david/Desktop/Embebidos/gcc-arm-none-eabi-4_9-2015q3/bin/../lib/gcc/arm-none-eabi/4.9.3/../../../../arm-none-eabi/lib/armv7-m/libc_nano.a(lib_a-nano-vfprintf.o)
                                                  /home/david/Desktop/Embebidos/gcc-arm-none-eabi-4_9-2015q3/bin/../lib/gcc/arm-none-eabi/4.9.3/../../../../arm-none-eabi/lib/armv7-m/libc_nano.a(lib_a-fprintf.o)
_vt_init                                          build/obj/chvt.o
                                                  build/obj/chsys.o
_write_r                                          build/obj/syscalls.o
                                                  /home/david/Desktop/Embebidos/gcc-arm-none-eabi-4_9-2015q3/bin/../lib/gcc/arm-none-eabi/4.9.3/../../../../arm-none-eabi/lib/armv7-m/libc_nano.a(lib_a-stdio.o)