Archive member included because of file (symbol)

/home/david/Desktop/Embebidos/gcc-arm-none-eabi-4_9-2015q3/bin/../lib/gcc/arm-none-eabi/4.9.3/armv7-m/libgcc.a(unwind-arm.o)
                              build/obj/main.o (__aeabi_unwind_cpp_pr0)
/home/david/Desktop/Embebidos/gcc-arm-none-eabi-4_9-2015q3/bin/../lib/gcc/arm-none-eabi/4.9.3/armv7-m/libgcc.a(libunwind.o)
                              /home/david/Desktop/Embebidos/gcc-arm-none-eabi-4_9-2015q3/bin/../lib/gcc/arm-none-eabi/4.9.3/armv7-m/libgcc.a(unwind-arm.o) (restore_core_regs)
/home/david/Desktop/Embebidos/gcc-arm-none-eabi-4_9-2015q3/bin/../lib/gcc/arm-none-eabi/4.9.3/armv7-m/libgcc.a(pr-support.o)
                              /home/david/Desktop/Embebidos/gcc-arm-none-eabi-4_9-2015q3/bin/../lib/gcc/arm-none-eabi/4.9.3/armv7-m/libgcc.a(unwind-arm.o) (__gnu_unwind_execute)
/home/david/Desktop/Embebidos/gcc-arm-none-eabi-4_9-2015q3/bin/../lib/gcc/arm-none-eabi/4.9.3/../../../../arm-none-eabi/lib/armv7-m/libc_nano.a(lib_a-abort.o)
                              /home/david/Desktop/Embebidos/gcc-arm-none-eabi-4_9-2015q3/bin/../lib/gcc/arm-none-eabi/4.9.3/armv7-m/libgcc.a(unwind-arm.o) (abort)
/home/david/Desktop/Embebidos/gcc-arm-none-eabi-4_9-2015q3/bin/../lib/gcc/arm-none-eabi/4.9.3/../../../../arm-none-eabi/lib/armv7-m/libc_nano.a(lib_a-assert.o)
                              build/obj/atmel_adc.o (__assert_func)
/home/david/Desktop/Embebidos/gcc-arm-none-eabi-4_9-2015q3/bin/../lib/gcc/arm-none-eabi/4.9.3/../../../../arm-none-eabi/lib/armv7-m/libc_nano.a(lib_a-fprintf.o)
                              /home/david/Desktop/Embebidos/gcc-arm-none-eabi-4_9-2015q3/bin/../lib/gcc/arm-none-eabi/4.9.3/../../../../arm-none-eabi/lib/armv7-m/libc_nano.a(lib_a-assert.o) (fiprintf)
/home/david/Desktop/Embebidos/gcc-arm-none-eabi-4_9-2015q3/bin/../lib/gcc/arm-none-eabi/4.9.3/../../../../arm-none-eabi/lib/armv7-m/libc_nano.a(lib_a-impure.o)
                              /home/david/Desktop/Embebidos/gcc-arm-none-eabi-4_9-2015q3/bin/../lib/gcc/arm-none-eabi/4.9.3/../../../../arm-none-eabi/lib/armv7-m/libc_nano.a(lib_a-assert.o) (_impure_ptr)
/home/david/Desktop/Embebidos/gcc-arm-none-eabi-4_9-2015q3/bin/../lib/gcc/arm-none-eabi/4.9.3/../../../../arm-none-eabi/lib/armv7-m/libc_nano.a(lib_a-memcpy.o)
                              /home/david/Desktop/Embebidos/gcc-arm-none-eabi-4_9-2015q3/bin/../lib/gcc/arm-none-eabi/4.9.3/armv7-m/libgcc.a(unwind-arm.o) (memcpy)
/home/david/Desktop/Embebidos/gcc-arm-none-eabi-4_9-2015q3/bin/../lib/gcc/arm-none-eabi/4.9.3/../../../../arm-none-eabi/lib/armv7-m/libc_nano.a(lib_a-memset.o)
                              build/obj/syscalls.o (memset)
/home/david/Desktop/Embebidos/gcc-arm-none-eabi-4_9-2015q3/bin/../lib/gcc/arm-none-eabi/4.9.3/../../../../arm-none-eabi/lib/armv7-m/libc_nano.a(lib_a-nano-vfprintf.o)
                              /home/david/Desktop/Embebidos/gcc-arm-none-eabi-4_9-2015q3/bin/../lib/gcc/arm-none-eabi/4.9.3/../../../../arm-none-eabi/lib/armv7-m/libc_nano.a(lib_a-fprintf.o) (_vfprintf_r)
/home/david/Desktop/Embebidos/gcc-arm-none-eabi-4_9-2015q3/bin/../lib/gcc/arm-none-eabi/4.9.3/../../../../arm-none-eabi/lib/armv7-m/libc_nano.a(lib_a-nano-vfprintf_i.o)
                              /home/david/Desktop/Embebidos/gcc-arm-none-eabi-4_9-2015q3/bin/../lib/gcc/arm-none-eabi/4.9.3/../../../../arm-none-eabi/lib/armv7-m/libc_nano.a(lib_a-nano-vfprintf.o) (_printf_i)
/home/david/Desktop/Embebidos/gcc-arm-none-eabi-4_9-2015q3/bin/../lib/gcc/arm-none-eabi/4.9.3/../../../../arm-none-eabi/lib/armv7-m/libc_nano.a(lib_a-signal.o)
                              /home/david/Desktop/Embebidos/gcc-arm-none-eabi-4_9-2015q3/bin/../lib/gcc/arm-none-eabi/4.9.3/../../../../arm-none-eabi/lib/armv7-m/libc_nano.a(lib_a-abort.o) (raise)
/home/david/Desktop/Embebidos/gcc-arm-none-eabi-4_9-2015q3/bin/../lib/gcc/arm-none-eabi/4.9.3/../../../../arm-none-eabi/lib/armv7-m/libc_nano.a(lib_a-signalr.o)
                              /home/david/Desktop/Embebidos/gcc-arm-none-eabi-4_9-2015q3/bin/../lib/gcc/arm-none-eabi/4.9.3/../../../../arm-none-eabi/lib/armv7-m/libc_nano.a(lib_a-signal.o) (_kill_r)
/home/david/Desktop/Embebidos/gcc-arm-none-eabi-4_9-2015q3/bin/../lib/gcc/arm-none-eabi/4.9.3/../../../../arm-none-eabi/lib/armv7-m/libc_nano.a(lib_a-strstr.o)
                              build/obj/main.o (strstr)
/home/david/Desktop/Embebidos/gcc-arm-none-eabi-4_9-2015q3/bin/../lib/gcc/arm-none-eabi/4.9.3/../../../../arm-none-eabi/lib/armv7-m/libc_nano.a(lib_a-strtok.o)
                              build/obj/main.o (strtok)
/home/david/Desktop/Embebidos/gcc-arm-none-eabi-4_9-2015q3/bin/../lib/gcc/arm-none-eabi/4.9.3/../../../../arm-none-eabi/lib/armv7-m/libc_nano.a(lib_a-strtok_r.o)
                              /home/david/Desktop/Embebidos/gcc-arm-none-eabi-4_9-2015q3/bin/../lib/gcc/arm-none-eabi/4.9.3/../../../../arm-none-eabi/lib/armv7-m/libc_nano.a(lib_a-strtok.o) (__strtok_r)
[...]
Memory Configuration

Name             Origin             Length             Attributes
flash            0x00400000         0x00020000
ram              0x20000000         0x00008000
*default*        0x00000000         0xffffffff

Linker script and memory map

LOAD build/obj/crt0.o
LOAD build/obj/vectors.o
LOAD build/obj/chcore.o
LOAD build/obj/chcore_v7m.o
LOAD build/obj/nvic.o
LOAD build/obj/chsys.o
LOAD build/obj/chlists.o
LOAD build/obj/chvt.o
LOAD build/obj/chschd.o
LOAD build/obj/chthreads.o
LOAD build/obj/chdynamic.o
LOAD build/obj/chregistry.o
LOAD build/obj/chsem.o
LOAD build/obj/chmtx.o
LOAD build/obj/chcond.o
LOAD build/obj/chevents.o
LOAD build/obj/chmsg.o
LOAD build/obj/chmboxes.o
LOAD build/obj/chqueues.o
LOAD build/obj/chmemcore.o
LOAD build/obj/chheap.o
LOAD build/obj/chmempools.o
LOAD build/obj/hal.o
LOAD build/obj/pal.o
LOAD build/obj/serial.o
LOAD build/obj/hal_lld.o
LOAD build/obj/system_SAM3.o
LOAD build/obj/pal_lld.o
LOAD build/obj/serial_lld.o
LOAD build/obj/atmel_adc.o
LOAD build/obj/pio.o
LOAD build/obj/pmc.o
LOAD build/obj/board.o
LOAD build/obj/evtimer.o
LOAD build/obj/syscalls.o
LOAD build/obj/chprintf.o
LOAD build/obj/main.o
LOAD /home/david/Desktop/Embebidos/gcc-arm-none-eabi-4_9-2015q3/bin/../lib/gcc/arm-none-eabi/4.9.3/../../../../arm-none-eabi/lib/armv7-m/libstdc++_nano.a
LOAD /home/david/Desktop/Embebidos/gcc-arm-none-eabi-4_9-2015q3/bin/../lib/gcc/arm-none-eabi/4.9.3/../../../../arm-none-eabi/lib/armv7-m/libm.a
START GROUP
LOAD /home/david/Desktop/Embebidos/gcc-arm-none-eabi-4_9-2015q3/bin/../lib/gcc/arm-none-eabi/4.9.3/armv7-m/libgcc.a
LOAD /home/david/Desktop/Embebidos/gcc-arm-none-eabi-4_9-2015q3/bin/../lib/gcc/arm-none-eabi/4.9.3/../../../../arm-none-eabi/lib/armv7-m/libc_nano.a
END GROUP
START GROUP
LOAD /home/david/Desktop/Embebidos/gcc-arm-none-eabi-4_9-2015q3/bin/../lib/gcc/arm-none-eabi/4.9.3/armv7-m/libgcc.a
LOAD /home/david/Desktop/Embebidos/gcc-arm-none-eabi-4_9-2015q3/bin/../lib/gcc/arm-none-eabi/4.9.3/../../../../arm-none-eabi/lib/armv7-m/libc_nano.a
END GROUP
                0x00000400                __main_stack_size__ = 0x400
                0x00000400                __process_stack_size__ = 0x400
                0x00000800                __stacks_total_size__ = (__main_stack_size__ + __process_stack_size__)
                0x20000000                __ram_start__ = ORIGIN (ram)
                0x00008000                __ram_size__ = 0x8000
                0x20008000                __ram_end__ = (__ram_start__ + __ram_size__)
                0x00000000                . = 0x0
                0x00000000                _text = .

startup         0x00400000       0xd0
 *(vectors)
 vectors        0x00400000       0xd0 build/obj/vectors.o
                0x00400000                _vectors

constructors    0x004000d0        0x0
                0x004000d0                PROVIDE (__init_array_start, .)
 *(SORT(.init_array.*))
 *(.init_array)
                0x004000d0                PROVIDE (__init_array_end, .)

destructors     0x004000d0        0x0
                0x004000d0                PROVIDE (__fini_array_start, .)
 *(.fini_array)
 *(SORT(.fini_array.*))
                0x004000d0                PROVIDE (__fini_array_end, .)

.text           0x004000d0     0x2ac0
 *(.text.startup.*)
 .text.startup.main
                0x004000d0      0x18c build/obj/main.o
                0x004000d0                main
 *(.text)
 *fill*         0x0040025c        0x4 
 .text          0x00400260      0xa54 /home/david/Desktop/Embebidos/gcc-arm-none-eabi-4_9-2015q3/bin/../lib/gcc/arm-none-eabi/4.9.3/armv7-m/libgcc.a(unwind-arm.o)
                0x00400540                _Unwind_GetCFA
                0x00400544                __gnu_Unwind_RaiseException
                0x004005a4                __gnu_Unwind_ForcedUnwind
                0x004005b8                __gnu_Unwind_Resume
                0x004005fc                __gnu_Unwind_Resume_or_Rethrow
                0x00400610                _Unwind_Complete
                0x00400614                _Unwind_DeleteException
                0x00400620                _Unwind_VRS_Get
                0x00400670                _Unwind_VRS_Set
                0x004006c0                __gnu_Unwind_Backtrace
                0x00400a04                __aeabi_unwind_cpp_pr0
                0x00400a08                __aeabi_unwind_cpp_pr1
                0x00400a0c                __aeabi_unwind_cpp_pr2
                0x00400a10                _Unwind_VRS_Pop
 *fill*         0x00400cb4        0xc 
 .text          0x00400cc0      0x1ac /home/david/Desktop/Embebidos/gcc-arm-none-eabi-4_9-2015q3/bin/../lib/gcc/arm-none-eabi/4.9.3/armv7-m/libgcc.a(libunwind.o)
                0x00400cc0                __restore_core_regs
                0x00400cc0                restore_core_regs
                0x00400cd8                __gnu_Unwind_Restore_VFP
                0x00400ce0                __gnu_Unwind_Save_VFP
                0x00400ce8                __gnu_Unwind_Restore_VFP_D
                0x00400cf0                __gnu_Unwind_Save_VFP_D
                0x00400cf8                __gnu_Unwind_Restore_VFP_D_16_to_31
                0x00400d00                __gnu_Unwind_Save_VFP_D_16_to_31
                0x00400d08                __gnu_Unwind_Restore_WMMXD
                0x00400d4c                __gnu_Unwind_Save_WMMXD
                0x00400d90                __gnu_Unwind_Restore_WMMXC
                0x00400da4                __gnu_Unwind_Save_WMMXC
                0x00400db8                ___Unwind_RaiseException
                0x00400db8                _Unwind_RaiseException
                0x00400ddc                ___Unwind_Resume
                0x00400ddc                _Unwind_Resume
                0x00400e00                _Unwind_Resume_or_Rethrow
                0x00400e00                ___Unwind_Resume_or_Rethrow
                0x00400e24                ___Unwind_ForcedUnwind
                0x00400e24                _Unwind_ForcedUnwind
                0x00400e48                _Unwind_Backtrace
                0x00400e48                ___Unwind_Backtrace
 *fill*         0x00400e6c        0x4 
 .text          0x00400e70      0x37c /home/david/Desktop/Embebidos/gcc-arm-none-eabi-4_9-2015q3/bin/../lib/gcc/arm-none-eabi/4.9.3/armv7-m/libgcc.a(pr-support.o)
                0x00400ec8                __gnu_unwind_execute
                0x00401194                __gnu_unwind_frame
                0x004011bc                _Unwind_GetRegionStart
                0x004011c8                _Unwind_GetLanguageSpecificData
                0x004011dc                _Unwind_GetDataRelBase
                0x004011e4                _Unwind_GetTextRelBase
 *(.text.*)
 *fill*         0x004011ec        0x4 
 .text.__late_init
                0x004011f0        0x4 build/obj/crt0.o
                0x004011f0                __late_init
 *fill*         0x004011f4        0xc 
 .text._default_exit
                0x00401200        0x4 build/obj/crt0.o
                0x00401200                _default_exit
 *fill*         0x00401204        0xc 
 .text.ResetHandler
                0x00401210      0x108 build/obj/crt0.o
                0x00401210                ResetHandler
 *fill*         0x00401318        0x8 
 .text._unhandled_exception
                0x00401320        0x4 build/obj/vectors.o
                0x00401320                Vector58
                0x00401320                Vector9C
                0x00401320                VectorAC
                0x00401320                Vector5C
                0x00401320                NMIVector
                0x00401320                Vector8C
                0x00401320                VectorC8
                0x00401320                Vector94
                0x00401320                VectorA8
                0x00401320                VectorB4
                0x00401320                Vector74
                0x00401320                UsageFaultVector
                0x00401320                DebugMonitorVector
                0x00401320                Vector40
                0x00401320                VectorBC
                0x00401320                PendSVVector
                0x00401320                VectorCC
                0x00401320                Vector54
                0x00401320                Vector98
                0x00401320                Vector24
                0x00401320                Vector84
                0x00401320                BusFaultVector
                0x00401320                VectorC0
                0x00401320                HardFaultVector
                0x00401320                MemManageVector
                0x00401320                Vector6C
                0x00401320                VectorA0
                0x00401320                VectorC4
                0x00401320                Vector7C
                0x00401320                VectorB0
                0x00401320                Vector90
                0x00401320                Vector1C
                0x00401320                Vector48
                0x00401320                Vector70
                0x00401320                Vector4C
                0x00401320                Vector80
                0x00401320                Vector68
                0x00401320                Vector78
                0x00401320                _unhandled_exception
                0x00401320                Vector88
                0x00401320                Vector50
                0x00401320                Vector44
                0x00401320                Vector28
                0x00401320                VectorB8
                0x00401320                Vector34
                0x00401320                VectorA4
                0x00401320                Vector20
 *fill*         0x00401324        0xc 
 .text._port_switch_from_isr
                0x00401330        0x8 build/obj/chcore_v7m.o
                0x00401330                _port_switch_from_isr
 *fill*         0x00401338        0x8 
 .text.SVCallVector
                0x00401340       0x14 build/obj/chcore_v7m.o
                0x00401340                SVCallVector
 *fill*         0x00401354        0xc 
 .text._port_init
                0x00401360       0x34 build/obj/chcore_v7m.o
                0x00401360                _port_init
 *fill*         0x00401394        0xc 
 .text._port_irq_epilogue
                0x004013a0       0x74 build/obj/chcore_v7m.o
                0x004013a0                _port_irq_epilogue
 *fill*         0x00401414        0xc 
 .text.SysTickVector
                0x00401420       0x1c build/obj/chcore_v7m.o
                0x00401420                SysTickVector
 *fill*         0x0040143c        0x4 
 .text._port_switch
                0x00401440       0x10 build/obj/chcore_v7m.o
                0x00401440                _port_switch
 .text._port_thread_start
                0x00401450       0x10 build/obj/chcore_v7m.o
                0x00401450                _port_thread_start
 .text.nvicEnableVector
                0x00401460       0x48 build/obj/nvic.o
                0x00401460                nvicEnableVector
 *fill*         0x004014a8        0x8 
 .text.nvicSetSystemHandlerPriority
                0x004014b0       0x2c build/obj/nvic.o
                0x004014b0                nvicSetSystemHandlerPriority
 *fill*         0x004014dc        0x4 
 .text._idle_thread
                0x004014e0       0x14 build/obj/chsys.o
                0x004014e0                _idle_thread
 *fill*         0x004014f4        0xc 
 .text.chSysInit
                0x00401500       0x5c build/obj/chsys.o
                0x00401500                chSysInit
 *fill*         0x0040155c        0x4 
 .text.chSysTimerHandlerI
                0x00401560       0x50 build/obj/chsys.o
                0x00401560                chSysTimerHandlerI
 .text._vt_init
                0x004015b0       0x18 build/obj/chvt.o
                0x004015b0                _vt_init
 *fill*         0x004015c8        0x8 
 .text.chVTSetI
                0x004015d0       0x3c build/obj/chvt.o
                0x004015d0                chVTSetI
 *fill*         0x0040160c        0x4 
 .text.chVTResetI
                0x00401610       0x24 build/obj/chvt.o
                0x00401610                chVTResetI
 *fill*         0x00401634        0xc 
 .text.wakeup   0x00401640       0x58 build/obj/chschd.o
 *fill*         0x00401698        0x8 
 .text._scheduler_init
                0x004016a0       0x18 build/obj/chschd.o
                0x004016a0                _scheduler_init
 *fill*         0x004016b8        0x8 
 .text.chSchReadyI
                0x004016c0       0x2c build/obj/chschd.o
                0x004016c0                chSchReadyI
 *fill*         0x004016ec        0x4 
 .text.chSchGoSleepS
                0x004016f0       0x28 build/obj/chschd.o
                0x004016f0                chSchGoSleepS
 *fill*         0x00401718        0x8 
 .text.chSchGoSleepTimeoutS
                0x00401720       0x44 build/obj/chschd.o
                0x00401720                chSchGoSleepTimeoutS
 *fill*         0x00401764        0xc 
 .text.chSchWakeupS
                0x00401770       0x5c build/obj/chschd.o
                0x00401770                chSchWakeupS
 *fill*         0x004017cc        0x4 
 .text.chSchDoReschedule
                0x004017d0       0x48 build/obj/chschd.o
                0x004017d0                chSchDoReschedule
 *fill*         0x00401818        0x8 
 .text._thread_init
                0x00401820       0x44 build/obj/chthreads.o
                0x00401820                _thread_init
 *fill*         0x00401864        0xc 
 .text.chThdCreateStatic
                0x00401870       0x80 build/obj/chthreads.o
                0x00401870                chThdCreateStatic
 .text.chThdExitS
                0x004018f0       0x40 build/obj/chthreads.o
                0x004018f0                chThdExitS
 .text.chThdExit
                0x00401930        0xc build/obj/chthreads.o
                0x00401930                chThdExit
 *fill*         0x0040193c        0x4 
 .text.chMtxInit
                0x00401940        0xc build/obj/chmtx.o
                0x00401940                chMtxInit
 *fill*         0x0040194c        0x4 
 .text.chEvtSignalFlagsI
                0x00401950       0x30 build/obj/chevents.o
                0x00401950                chEvtSignalFlagsI
 .text.chEvtBroadcastFlagsI
                0x00401980       0x20 build/obj/chevents.o
                0x00401980                chEvtBroadcastFlagsI
 .text.qwait    0x004019a0       0x2c build/obj/chqueues.o
 *fill*         0x004019cc        0x4 
 .text.chIQInit
                0x004019d0       0x1c build/obj/chqueues.o
                0x004019d0                chIQInit
 *fill*         0x004019ec        0x4 
 .text.chIQPutI
                0x004019f0       0x4c build/obj/chqueues.o
                0x004019f0                chIQPutI
 *fill*         0x00401a3c        0x4 
 .text.chIQGetTimeout
                0x00401a40       0x50 build/obj/chqueues.o
                0x00401a40                chIQGetTimeout
 .text.chIQReadTimeout
                0x00401a90       0x70 build/obj/chqueues.o
                0x00401a90                chIQReadTimeout
 .text.chOQInit
                0x00401b00       0x1c build/obj/chqueues.o
                0x00401b00                chOQInit
 *fill*         0x00401b1c        0x4 
 .text.chOQPutTimeout
                0x00401b20       0x54 build/obj/chqueues.o
                0x00401b20                chOQPutTimeout
 *fill*         0x00401b74        0xc 
 .text.chOQGetI
                0x00401b80       0x48 build/obj/chqueues.o
                0x00401b80                chOQGetI
 *fill*         0x00401bc8        0x8 
 .text.chOQWriteTimeout
                0x00401bd0       0x80 build/obj/chqueues.o
                0x00401bd0                chOQWriteTimeout
 .text._core_init
                0x00401c50       0x28 build/obj/chmemcore.o
                0x00401c50                _core_init
 *fill*         0x00401c78        0x8 
 .text.chCoreAlloc
                0x00401c80       0x38 build/obj/chmemcore.o
                0x00401c80                chCoreAlloc
 *fill*         0x00401cb8        0x8 
 .text._heap_init
                0x00401cc0       0x1c build/obj/chheap.o
                0x00401cc0                _heap_init
 *fill*         0x00401cdc        0x4 
 .text.halInit  0x00401ce0       0x1c build/obj/hal.o
                0x00401ce0                halInit
 *fill*         0x00401cfc        0x4 
 .text.putwouldblock
                0x00401d00        0xc build/obj/serial.o
 *fill*         0x00401d0c        0x4 
 .text.getwouldblock
                0x00401d10        0xc build/obj/serial.o
 *fill*         0x00401d1c        0x4 
 .text.getflags
                0x00401d20       0x18 build/obj/serial.o
 *fill*         0x00401d38        0x8 
 .text.readt    0x00401d40        0x8 build/obj/serial.o
 *fill*         0x00401d48        0x8 
 .text.reads    0x00401d50        0xc build/obj/serial.o
 *fill*         0x00401d5c        0x4 
 .text.writet   0x00401d60        0x8 build/obj/serial.o
 *fill*         0x00401d68        0x8 
 .text.writes   0x00401d70        0xc build/obj/serial.o
 *fill*         0x00401d7c        0x4 
 .text.gett     0x00401d80        0x8 build/obj/serial.o
 *fill*         0x00401d88        0x8 
 .text.putt     0x00401d90        0x8 build/obj/serial.o
 *fill*         0x00401d98        0x8 
 .text.sdInit   0x00401da0        0x4 build/obj/serial.o
                0x00401da0                sdInit
 *fill*         0x00401da4        0xc 
 .text.sdObjectInit
                0x00401db0       0x40 build/obj/serial.o
                0x00401db0                sdObjectInit
 .text.sdStart  0x00401df0       0x1c build/obj/serial.o
                0x00401df0                sdStart
 *fill*         0x00401e0c        0x4 
 .text.sdIncomingDataI
                0x00401e10       0x4c build/obj/serial.o
                0x00401e10                sdIncomingDataI
 *fill*         0x00401e5c        0x4 
 .text.hal_lld_init
                0x00401e60       0x38 build/obj/hal_lld.o
                0x00401e60                hal_lld_init
 *fill*         0x00401e98        0x8 
 .text.at91sam3_clock_init
                0x00401ea0        0x4 build/obj/hal_lld.o
                0x00401ea0                at91sam3_clock_init
 *fill*         0x00401ea4        0xc 
 .text.SystemCoreClockUpdate
                0x00401eb0       0xf4 build/obj/system_SAM3.o
                0x00401eb0                SystemCoreClockUpdate
 *fill*         0x00401fa4        0xc 
 .text.SystemInit
                0x00401fb0       0x94 build/obj/system_SAM3.o
                0x00401fb0                SystemInit
 *fill*         0x00402044        0xc 
 .text._pal_lld_init
                0x00402050       0xb8 build/obj/pal_lld.o
                0x00402050                _pal_lld_init
 *fill*         0x00402108        0x8 
 .text._pal_lld_setgroupmode
                0x00402110       0x34 build/obj/pal_lld.o
                0x00402110                _pal_lld_setgroupmode
 *fill*         0x00402144        0xc 
 .text.notify1  0x00402150        0xc build/obj/serial_lld.o
 *fill*         0x0040215c        0x4 
 .text.notify2  0x00402160        0xc build/obj/serial_lld.o
 *fill*         0x0040216c        0x4 
 .text.serve_interrupt
                0x00402170       0xa4 build/obj/serial_lld.o
 *fill*         0x00402214        0xc 
 .text.Vector60
                0x00402220       0x14 build/obj/serial_lld.o
                0x00402220                Vector60
 *fill*         0x00402234        0xc 
 .text.Vector64
                0x00402240       0x14 build/obj/serial_lld.o
                0x00402240                Vector64
 *fill*         0x00402254        0xc 
 .text.sd_lld_init
                0x00402260       0x58 build/obj/serial_lld.o
                0x00402260                sd_lld_init
 *fill*         0x004022b8        0x8 
 .text.sd_lld_start
                0x004022c0       0xa4 build/obj/serial_lld.o
                0x004022c0                sd_lld_start
 *fill*         0x00402364        0xc 
 .text.__early_init
                0x00402370       0x10 build/obj/board.o
                0x00402370                __early_init
 .text.boardInit
                0x00402380       0x20 build/obj/board.o
                0x00402380                boardInit
 .text._sbrk_r  0x004023a0       0x18 build/obj/syscalls.o
                0x004023a0                _sbrk_r
 *fill*         0x004023b8        0x8 
 .text._getpid  0x004023c0        0x4 build/obj/syscalls.o
                0x004023c0                _getpid
 *fill*         0x004023c4        0xc 
 .text._exit    0x004023d0        0x4 build/obj/syscalls.o
                0x004023d0                _exit
 *fill*         0x004023d4        0xc 
 .text._kill    0x004023e0        0x8 build/obj/syscalls.o
                0x004023e0                _kill
 *fill*         0x004023e8        0x8 
 .text.ltoa     0x004023f0       0x40 build/obj/chprintf.o
 .text.chprintf
                0x00402430      0x378 build/obj/chprintf.o
                0x00402430                chprintf
 *fill*         0x004027a8        0x8 
 .text.abort    0x004027b0        0xe /home/david/Desktop/Embebidos/gcc-arm-none-eabi-4_9-2015q3/bin/../lib/gcc/arm-none-eabi/4.9.3/../../../../arm-none-eabi/lib/armv7-m/libc_nano.a(lib_a-abort.o)
                0x004027b0                abort
 *fill*         0x004027be        0x2 
 .text.memcpy   0x004027c0       0x16 /home/david/Desktop/Embebidos/gcc-arm-none-eabi-4_9-2015q3/bin/../lib/gcc/arm-none-eabi/4.9.3/../../../../arm-none-eabi/lib/armv7-m/libc_nano.a(lib_a-memcpy.o)
                0x004027c0                memcpy
 *fill*         0x004027d6        0xa 
 .text._raise_r
                0x004027e0       0x50 /home/david/Desktop/Embebidos/gcc-arm-none-eabi-4_9-2015q3/bin/../lib/gcc/arm-none-eabi/4.9.3/../../../../arm-none-eabi/lib/armv7-m/libc_nano.a(lib_a-signal.o)
                0x004027e0                _raise_r
 .text.raise    0x00402830       0x10 /home/david/Desktop/Embebidos/gcc-arm-none-eabi-4_9-2015q3/bin/../lib/gcc/arm-none-eabi/4.9.3/../../../../arm-none-eabi/lib/armv7-m/libc_nano.a(lib_a-signal.o)
                0x00402830                raise
 .text._kill_r  0x00402840       0x24 /home/david/Desktop/Embebidos/gcc-arm-none-eabi-4_9-2015q3/bin/../lib/gcc/arm-none-eabi/4.9.3/../../../../arm-none-eabi/lib/armv7-m/libc_nano.a(lib_a-signalr.o)
                0x00402840                _kill_r
 *fill*         0x00402864        0xc 
 .text._getpid_r
                0x00402870        0x4 /home/david/Desktop/Embebidos/gcc-arm-none-eabi-4_9-2015q3/bin/../lib/gcc/arm-none-eabi/4.9.3/../../../../arm-none-eabi/lib/armv7-m/libc_nano.a(lib_a-signalr.o)
                0x00402870                _getpid_r
 *fill*         0x00402874        0xc 
 .text.strstr   0x00402880       0x30 /home/david/Desktop/Embebidos/gcc-arm-none-eabi-4_9-2015q3/bin/../lib/gcc/arm-none-eabi/4.9.3/../../../../arm-none-eabi/lib/armv7-m/libc_nano.a(lib_a-strstr.o)
                0x00402880                strstr
 .text.strtok   0x004028b0       0x64 /home/david/Desktop/Embebidos/gcc-arm-none-eabi-4_9-2015q3/bin/../lib/gcc/arm-none-eabi/4.9.3/../../../../arm-none-eabi/lib/armv7-m/libc_nano.a(lib_a-strtok.o)
                0x004028b0                strtok
 *fill*         0x00402914        0xc 
 .text.__strtok_r
                0x00402920       0x56 /home/david/Desktop/Embebidos/gcc-arm-none-eabi-4_9-2015q3/bin/../lib/gcc/arm-none-eabi/4.9.3/../../../../arm-none-eabi/lib/armv7-m/libc_nano.a(lib_a-strtok_r.o)
                0x00402920                __strtok_r
 *fill*         0x00402976        0xa 
 .text.malloc   0x00402980       0x10 /home/david/Desktop/Embebidos/gcc-arm-none-eabi-4_9-2015q3/bin/../lib/gcc/arm-none-eabi/4.9.3/../../../../arm-none-eabi/lib/armv7-m/libc_nano.a(lib_a-malloc.o)
                0x00402980                malloc
 .text._malloc_r
                0x00402990       0xac /home/david/Desktop/Embebidos/gcc-arm-none-eabi-4_9-2015q3/bin/../lib/gcc/arm-none-eabi/4.9.3/../../../../arm-none-eabi/lib/armv7-m/libc_nano.a(lib_a-nano-mallocr.o)
                0x00402990                _malloc_r
 *(.rodata)
 *(.rodata.*)
 *fill*         0x00402a3c        0x4 
 .rodata.str1.4
                0x00402a40        0xd build/obj/chsys.o
 *fill*         0x00402a4d        0x3 
 .rodata.vmt    0x00402a50       0x24 build/obj/serial.o
 *fill*         0x00402a74        0xc 
 .rodata.default_config
                0x00402a80        0x8 build/obj/serial_lld.o
 *fill*         0x00402a88        0x8 
 .rodata.pal_default_config
                0x00402a90       0x24 build/obj/board.o
                0x00402a90                pal_default_config
 *fill*         0x00402ab4        0xc 
 .rodata.str1.4
                0x00402ac0        0x7 build/obj/chprintf.o
 *fill*         0x00402ac7        0x9 
 .rodata.str1.4
                0x00402ad0       0x44 build/obj/main.o
                                 0x42 (size before relaxing)
 *fill*         0x00402b14        0xc 
 .rodata.str1.1
                0x00402b20        0x2 /home/david/Desktop/Embebidos/gcc-arm-none-eabi-4_9-2015q3/bin/../lib/gcc/arm-none-eabi/4.9.3/../../../../arm-none-eabi/lib/armv7-m/libc_nano.a(lib_a-impure.o)
 *fill*         0x00402b22        0xe 
 .rodata.__sf_fake_stdin
                0x00402b30       0x20 /home/david/Desktop/Embebidos/gcc-arm-none-eabi-4_9-2015q3/bin/../lib/gcc/arm-none-eabi/4.9.3/../../../../arm-none-eabi/lib/armv7-m/libc_nano.a(lib_a-findfp.o)
                0x00402b30                __sf_fake_stdin
 .rodata.__sf_fake_stdout
                0x00402b50       0x20 /home/david/Desktop/Embebidos/gcc-arm-none-eabi-4_9-2015q3/bin/../lib/gcc/arm-none-eabi/4.9.3/../../../../arm-none-eabi/lib/armv7-m/libc_nano.a(lib_a-findfp.o)
                0x00402b50                __sf_fake_stdout
 .rodata.__sf_fake_stderr
                0x00402b70       0x20 /home/david/Desktop/Embebidos/gcc-arm-none-eabi-4_9-2015q3/bin/../lib/gcc/arm-none-eabi/4.9.3/../../../../arm-none-eabi/lib/armv7-m/libc_nano.a(lib_a-findfp.o)
                0x00402b70                __sf_fake_stderr
 *(.glue_7t)
 .glue_7t       0x00000000        0x0 linker stubs
 *(.glue_7)
 .glue_7        0x00000000        0x0 linker stubs
 *(.gcc*)

.vfp11_veneer   0x00402b90        0x0
 .vfp11_veneer  0x00000000        0x0 linker stubs

.v4_bx          0x00402b90        0x0
 .v4_bx         0x00000000        0x0 linker stubs

.iplt           0x00402b90        0x0
 .iplt          0x00000000        0x0 build/obj/crt0.o

.ARM.extab      0x00402b90       0x18
 *(.ARM.extab* .gnu.linkonce.armextab.*)
 .ARM.extab     0x00402b90       0x18 /home/david/Desktop/Embebidos/gcc-arm-none-eabi-4_9-2015q3/bin/../lib/gcc/arm-none-eabi/4.9.3/armv7-m/libgcc.a(pr-support.o)

.ARM.exidx      0x00402ba8       0xc0
                0x00402ba8                PROVIDE (__exidx_start, .)
 *(.ARM.exidx* .gnu.linkonce.armexidx.*)
 .ARM.exidx.text.startup.main
                0x00402ba8        0x8 build/obj/main.o
 .ARM.exidx     0x00402bb0       0x80 /home/david/Desktop/Embebidos/gcc-arm-none-eabi-4_9-2015q3/bin/../lib/gcc/arm-none-eabi/4.9.3/armv7-m/libgcc.a(unwind-arm.o)
                                 0xd8 (size before relaxing)
 .ARM.exidx     0x00402c30       0x38 /home/david/Desktop/Embebidos/gcc-arm-none-eabi-4_9-2015q3/bin/../lib/gcc/arm-none-eabi/4.9.3/armv7-m/libgcc.a(pr-support.o)
                                 0x48 (size before relaxing)
                0x00402c68                PROVIDE (__exidx_end, .)

.rel.dyn        0x00402c68        0x0
 .rel.iplt      0x00000000        0x0 build/obj/crt0.o

.eh_frame_hdr
 *(.eh_frame_hdr)

.eh_frame
 *(.eh_frame)

.textalign      0x00402c68        0x0
                0x00402c68                . = ALIGN (0x8)
                0x00402c68                _etext = .
                0x00402c68                _textdata = _etext

.stacks         0x20000000      0x800
                0x20000000                . = ALIGN (0x8)
                0x20000000                __main_stack_base__ = .
                0x20000400                . = (. + __main_stack_size__)
 *fill*         0x20000000      0x400 
                0x20000400                . = ALIGN (0x8)
                0x20000400                __main_stack_end__ = .
                0x20000400                __process_stack_base__ = .
                0x20000400                __main_thread_stack_base__ = .
                0x20000800                . = (. + __process_stack_size__)
 *fill*         0x20000400      0x400 
                0x20000800                . = ALIGN (0x8)
                0x20000800                __process_stack_end__ = .
                0x20000800                __main_thread_stack_end__ = .

.data           0x20000800       0x68 load address 0x00402c68
                0x20000800                . = ALIGN (0x4)
                0x20000800                PROVIDE (_data, .)
 *(.data)
                0x20000800                . = ALIGN (0x4)
 *(.data.*)
 .data.SystemCoreClock
                0x20000800        0x4 build/obj/system_SAM3.o
                0x20000800                SystemCoreClock
 .data.impure_data
                0x20000804       0x60 /home/david/Desktop/Embebidos/gcc-arm-none-eabi-4_9-2015q3/bin/../lib/gcc/arm-none-eabi/4.9.3/../../../../arm-none-eabi/lib/armv7-m/libc_nano.a(lib_a-impure.o)
 .data._impure_ptr
                0x20000864        0x4 /home/david/Desktop/Embebidos/gcc-arm-none-eabi-4_9-2015q3/bin/../lib/gcc/arm-none-eabi/4.9.3/../../../../arm-none-eabi/lib/armv7-m/libc_nano.a(lib_a-impure.o)
                0x20000864                _impure_ptr
                0x20000868                . = ALIGN (0x4)
 *(.ramtext)
                0x20000868                . = ALIGN (0x4)
                0x20000868                PROVIDE (_edata, .)

.igot.plt       0x20000868        0x0 load address 0x00402cd0
 .igot.plt      0x00000000        0x0 build/obj/crt0.o

.bss            0x20000868      0x254 load address 0x00402cd0
                0x20000868                . = ALIGN (0x4)
                0x20000868                PROVIDE (_bss_start, .)
 *(.bss)
                0x20000868                . = ALIGN (0x4)
 *(.bss.*)
 .bss.mainthread.4837
                0x20000868       0x48 build/obj/chsys.o
 .bss._idle_thread_wa
                0x200008b0       0xc0 build/obj/chsys.o
                0x200008b0                _idle_thread_wa
 .bss.vtlist    0x20000970       0x10 build/obj/chvt.o
                0x20000970                vtlist
 .bss.rlist     0x20000980       0x20 build/obj/chschd.o
                0x20000980                rlist
 .bss.endmem    0x200009a0        0x4 build/obj/chmemcore.o
 .bss.nextmem   0x200009a4        0x4 build/obj/chmemcore.o
 .bss.default_heap
                0x200009a8       0x20 build/obj/chheap.o
 .bss.SD1       0x200009c8       0x74 build/obj/serial_lld.o
                0x200009c8                SD1
 .bss.SD2       0x20000a3c       0x74 build/obj/serial_lld.o
                0x20000a3c                SD2
 .bss.__malloc_sbrk_start
                0x20000ab0        0x4 /home/david/Desktop/Embebidos/gcc-arm-none-eabi-4_9-2015q3/bin/../lib/gcc/arm-none-eabi/4.9.3/../../../../arm-none-eabi/lib/armv7-m/libc_nano.a(lib_a-nano-mallocr.o)
                0x20000ab0                __malloc_sbrk_start
 .bss.__malloc_free_list
                0x20000ab4        0x4 /home/david/Desktop/Embebidos/gcc-arm-none-eabi-4_9-2015q3/bin/../lib/gcc/arm-none-eabi/4.9.3/../../../../arm-none-eabi/lib/armv7-m/libc_nano.a(lib_a-nano-mallocr.o)
                0x20000ab4                __malloc_free_list
                0x20000ab8                . = ALIGN (0x4)
 *(COMMON)
 COMMON         0x20000ab8        0x4 /home/david/Desktop/Embebidos/gcc-arm-none-eabi-4_9-2015q3/bin/../lib/gcc/arm-none-eabi/4.9.3/../../../../arm-none-eabi/lib/armv7-m/libc_nano.a(lib_a-reent.o)
                0x20000ab8                errno
                0x20000abc                . = ALIGN (0x4)
                0x20000abc                PROVIDE (_bss_end, .)
                0x20000abc                PROVIDE (end, .)
                0x20000abc                _end = .
                0x20000abc                __heap_base__ = _end
                0x20008000                __heap_end__ = __ram_end__
OUTPUT(build/ch.elf elf32-littlearm)

.debug_info     0x00000000     0xb493
 .debug_info    0x00000000      0x2f2 build/obj/crt0.o
 .debug_info    0x000002f2       0xb3 build/obj/vectors.o
 .debug_info    0x000003a5      0x815 build/obj/chcore_v7m.o
 .debug_info    0x00000bba      0x3ff build/obj/nvic.o
 .debug_info    0x00000fb9      0x6bf build/obj/chsys.o
 .debug_info    0x00001678      0x262 build/obj/chvt.o
 .debug_info    0x000018da      0x8d3 build/obj/chschd.o
 .debug_info    0x000021ad      0xbe1 build/obj/chthreads.o
 .debug_info    0x00002d8e      0x9ec build/obj/chmtx.o
 .debug_info    0x0000377a      0xcc8 build/obj/chevents.o
 .debug_info    0x00004442      0xbb3 build/obj/chqueues.o
 .debug_info    0x00004ff5      0x218 build/obj/chmemcore.o
 .debug_info    0x0000520d      0x6db build/obj/chheap.o
 .debug_info    0x000058e8      0x188 build/obj/hal.o
 .debug_info    0x00005a70     0x10e9 build/obj/serial.o
 .debug_info    0x00006b59      0x177 build/obj/hal_lld.o
 .debug_info    0x00006cd0      0x42e build/obj/system_SAM3.o
 .debug_info    0x000070fe      0x88c build/obj/pal_lld.o
 .debug_info    0x0000798a     0x1594 build/obj/serial_lld.o
 .debug_info    0x00008f1e      0x6b3 build/obj/board.o
 .debug_info    0x000095d1      0xc8d build/obj/syscalls.o
 .debug_info    0x0000a25e      0x49d build/obj/chprintf.o
 .debug_info    0x0000a6fb      0xd98 build/obj/main.o

.debug_abbrev   0x00000000     0x2cdf
 .debug_abbrev  0x00000000      0x13a build/obj/crt0.o
 .debug_abbrev  0x0000013a       0x75 build/obj/vectors.o
 .debug_abbrev  0x000001af      0x23f build/obj/chcore_v7m.o
 .debug_abbrev  0x000003ee      0x10e build/obj/nvic.o
 .debug_abbrev  0x000004fc      0x211 build/obj/chsys.o
 .debug_abbrev  0x0000070d      0x133 build/obj/chvt.o
 .debug_abbrev  0x00000840      0x311 build/obj/chschd.o
 .debug_abbrev  0x00000b51      0x335 build/obj/chthreads.o
 .debug_abbrev  0x00000e86      0x303 build/obj/chmtx.o
 .debug_abbrev  0x00001189      0x2c2 build/obj/chevents.o
 .debug_abbrev  0x0000144b      0x335 build/obj/chqueues.o
 .debug_abbrev  0x00001780      0x15b build/obj/chmemcore.o
 .debug_abbrev  0x000018db      0x1e7 build/obj/chheap.o
 .debug_abbrev  0x00001ac2      0x10a build/obj/hal.o
 .debug_abbrev  0x00001bcc      0x2c0 build/obj/serial.o
 .debug_abbrev  0x00001e8c      0x114 build/obj/hal_lld.o
 .debug_abbrev  0x00001fa0       0xe3 build/obj/system_SAM3.o
 .debug_abbrev  0x00002083      0x11b build/obj/pal_lld.o
 .debug_abbrev  0x0000219e      0x3c2 build/obj/serial_lld.o
 .debug_abbrev  0x00002560      0x15a build/obj/board.o
 .debug_abbrev  0x000026ba      0x23a build/obj/syscalls.o
 .debug_abbrev  0x000028f4      0x192 build/obj/chprintf.o
 .debug_abbrev  0x00002a86      0x259 build/obj/main.o

.debug_loc      0x00000000     0x2eaa
 .debug_loc     0x00000000       0xba build/obj/crt0.o
 .debug_loc     0x000000ba       0x5a build/obj/chcore_v7m.o
 .debug_loc     0x00000114      0x158 build/obj/nvic.o
 .debug_loc     0x0000026c       0x31 build/obj/chsys.o
 .debug_loc     0x0000029d       0xd9 build/obj/chvt.o
 .debug_loc     0x00000376      0x2a4 build/obj/chschd.o
 .debug_loc     0x0000061a      0x423 build/obj/chthreads.o
 .debug_loc     0x00000a3d      0x41a build/obj/chmtx.o
 .debug_loc     0x00000e57      0x591 build/obj/chevents.o
 .debug_loc     0x000013e8      0x4f5 build/obj/chqueues.o
 .debug_loc     0x000018dd       0xb0 build/obj/chmemcore.o
 .debug_loc     0x0000198d      0x3a1 build/obj/chheap.o
 .debug_loc     0x00001d2e      0x4e0 build/obj/serial.o
 .debug_loc     0x0000220e       0x42 build/obj/pal_lld.o
 .debug_loc     0x00002250      0x299 build/obj/serial_lld.o
 .debug_loc     0x000024e9      0x1a4 build/obj/syscalls.o
 .debug_loc     0x0000268d      0x6f7 build/obj/chprintf.o
 .debug_loc     0x00002d84      0x126 build/obj/main.o

.debug_aranges  0x00000000      0x638
 .debug_aranges
                0x00000000       0x38 build/obj/crt0.o
 .debug_aranges
                0x00000038       0x20 build/obj/vectors.o
 .debug_aranges
                0x00000058       0x50 build/obj/chcore_v7m.o
 .debug_aranges
                0x000000a8       0x30 build/obj/nvic.o
 .debug_aranges
                0x000000d8       0x30 build/obj/chsys.o
 .debug_aranges
                0x00000108       0x38 build/obj/chvt.o
 .debug_aranges
                0x00000140       0x58 build/obj/chschd.o
 .debug_aranges
                0x00000198       0x78 build/obj/chthreads.o
 .debug_aranges
                0x00000210       0x58 build/obj/chmtx.o
 .debug_aranges
                0x00000268       0x90 build/obj/chevents.o
 .debug_aranges
                0x000002f8       0x70 build/obj/chqueues.o
 .debug_aranges
                0x00000368       0x38 build/obj/chmemcore.o
 .debug_aranges
                0x000003a0       0x40 build/obj/chheap.o
 .debug_aranges
                0x000003e0       0x20 build/obj/hal.o
 .debug_aranges
                0x00000400       0x90 build/obj/serial.o
 .debug_aranges
                0x00000490       0x28 build/obj/hal_lld.o
 .debug_aranges
                0x000004b8       0x28 build/obj/system_SAM3.o
 .debug_aranges
                0x000004e0       0x28 build/obj/pal_lld.o
 .debug_aranges
                0x00000508       0x58 build/obj/serial_lld.o
 .debug_aranges
                0x00000560       0x28 build/obj/board.o
 .debug_aranges
                0x00000588       0x68 build/obj/syscalls.o
 .debug_aranges
                0x000005f0       0x28 build/obj/chprintf.o
 .debug_aranges
                0x00000618       0x20 build/obj/main.o

.debug_ranges   0x00000000      0x948
 .debug_ranges  0x00000000       0x58 build/obj/crt0.o
 .debug_ranges  0x00000058       0x10 build/obj/vectors.o
 .debug_ranges  0x00000068       0x58 build/obj/chcore_v7m.o
 .debug_ranges  0x000000c0       0x20 build/obj/nvic.o
 .debug_ranges  0x000000e0       0x38 build/obj/chsys.o
 .debug_ranges  0x00000118       0x28 build/obj/chvt.o
 .debug_ranges  0x00000140      0x110 build/obj/chschd.o
 .debug_ranges  0x00000250      0x130 build/obj/chthreads.o
 .debug_ranges  0x00000380      0x1a0 build/obj/chmtx.o
 .debug_ranges  0x00000520       0xe0 build/obj/chevents.o
 .debug_ranges  0x00000600       0xc0 build/obj/chqueues.o
 .debug_ranges  0x000006c0       0x28 build/obj/chmemcore.o
 .debug_ranges  0x000006e8       0x30 build/obj/chheap.o
 .debug_ranges  0x00000718       0x10 build/obj/hal.o
 .debug_ranges  0x00000728       0xc8 build/obj/serial.o
 .debug_ranges  0x000007f0       0x18 build/obj/hal_lld.o
 .debug_ranges  0x00000808       0x18 build/obj/system_SAM3.o
 .debug_ranges  0x00000820       0x18 build/obj/pal_lld.o
 .debug_ranges  0x00000838       0x78 build/obj/serial_lld.o
 .debug_ranges  0x000008b0       0x18 build/obj/board.o
 .debug_ranges  0x000008c8       0x58 build/obj/syscalls.o
 .debug_ranges  0x00000920       0x18 build/obj/chprintf.o
 .debug_ranges  0x00000938       0x10 build/obj/main.o

.debug_line     0x00000000     0x3bc9
 .debug_line    0x00000000      0x186 build/obj/crt0.o
 .debug_line    0x00000186       0x68 build/obj/vectors.o
 .debug_line    0x000001ee      0x257 build/obj/chcore_v7m.o
 .debug_line    0x00000445      0x167 build/obj/nvic.o
 .debug_line    0x000005ac      0x27e build/obj/chsys.o
 .debug_line    0x0000082a      0x1cd build/obj/chvt.o
 .debug_line    0x000009f7      0x337 build/obj/chschd.o
 .debug_line    0x00000d2e      0x41d build/obj/chthreads.o
 .debug_line    0x0000114b      0x39b build/obj/chmtx.o
 .debug_line    0x000014e6      0x33e build/obj/chevents.o
 .debug_line    0x00001824      0x3d9 build/obj/chqueues.o
 .debug_line    0x00001bfd      0x1da build/obj/chmemcore.o
 .debug_line    0x00001dd7      0x2f8 build/obj/chheap.o
 .debug_line    0x000020cf      0x1af build/obj/hal.o
 .debug_line    0x0000227e      0x444 build/obj/serial.o
 .debug_line    0x000026c2      0x18d build/obj/hal_lld.o
 .debug_line    0x0000284f      0x200 build/obj/system_SAM3.o
 .debug_line    0x00002a4f      0x246 build/obj/pal_lld.o
 .debug_line    0x00002c95      0x483 build/obj/serial_lld.o
 .debug_line    0x00003118      0x20c build/obj/board.o
 .debug_line    0x00003324      0x219 build/obj/syscalls.o
 .debug_line    0x0000353d      0x2fc build/obj/chprintf.o
 .debug_line    0x00003839      0x390 build/obj/main.o

.debug_str      0x00000000     0x1f5e
 .debug_str     0x00000000      0x2bd build/obj/crt0.o
                                0x30d (size before relaxing)
 .debug_str     0x000002bd       0x4e build/obj/vectors.o
                                0x1ed (size before relaxing)
 .debug_str     0x0000030b      0x2d8 build/obj/chcore_v7m.o
                                0x4be (size before relaxing)
 .debug_str     0x000005e3       0xa0 build/obj/nvic.o
                                0x2d8 (size before relaxing)
 .debug_str     0x00000683      0x111 build/obj/chsys.o
                                0x4a9 (size before relaxing)
 .debug_str     0x00000794       0x4e build/obj/chvt.o
                                0x287 (size before relaxing)
 .debug_str     0x000007e2       0xa8 build/obj/chschd.o
                                0x496 (size before relaxing)
 .debug_str     0x0000088a       0xd5 build/obj/chthreads.o
                                0x530 (size before relaxing)
 .debug_str     0x0000095f       0x8c build/obj/chmtx.o
                                0x450 (size before relaxing)
 .debug_str     0x000009eb      0x17b build/obj/chevents.o
                                0x52e (size before relaxing)
 .debug_str     0x00000b66      0x121 build/obj/chqueues.o
                                0x4cf (size before relaxing)
 .debug_str     0x00000c87       0x72 build/obj/chmemcore.o
                                0x24e (size before relaxing)
 .debug_str     0x00000cf9       0xaf build/obj/chheap.o
                                0x42f (size before relaxing)
 .debug_str     0x00000da8       0xab build/obj/hal.o
                                0x25e (size before relaxing)
 .debug_str     0x00000e53      0x253 build/obj/serial.o
                                0x71a (size before relaxing)
 .debug_str     0x000010a6       0x8f build/obj/hal_lld.o
                                0x279 (size before relaxing)
 .debug_str     0x00001135      0x1d8 build/obj/system_SAM3.o
                                0x3e0 (size before relaxing)
 .debug_str     0x0000130d      0x2ee build/obj/pal_lld.o
                                0x65a (size before relaxing)
 .debug_str     0x000015fb      0x246 build/obj/serial_lld.o
                                0xc62 (size before relaxing)
 .debug_str     0x00001841       0x1d build/obj/board.o
                                0x586 (size before relaxing)
 .debug_str     0x0000185e      0x4d8 build/obj/syscalls.o
                                0x6e4 (size before relaxing)
 .debug_str     0x00001d36       0x99 build/obj/chprintf.o
                                0x2dd (size before relaxing)
 .debug_str     0x00001dcf      0x18f build/obj/main.o
                                0x681 (size before relaxing)

.comment        0x00000000       0x70
 .comment       0x00000000       0x70 build/obj/crt0.o
                                 0x71 (size before relaxing)
 .comment       0x00000000       0x71 build/obj/vectors.o
 .comment       0x00000000       0x71 build/obj/chcore_v7m.o
 .comment       0x00000000       0x71 build/obj/nvic.o
 .comment       0x00000000       0x71 build/obj/chsys.o
 .comment       0x00000000       0x71 build/obj/chvt.o
 .comment       0x00000000       0x71 build/obj/chschd.o
 .comment       0x00000000       0x71 build/obj/chthreads.o
 .comment       0x00000000       0x71 build/obj/chmtx.o
 .comment       0x00000000       0x71 build/obj/chevents.o
 .comment       0x00000000       0x71 build/obj/chqueues.o
 .comment       0x00000000       0x71 build/obj/chmemcore.o
 .comment       0x00000000       0x71 build/obj/chheap.o
 .comment       0x00000000       0x71 build/obj/hal.o
 .comment       0x00000000       0x71 build/obj/serial.o
 .comment       0x00000000       0x71 build/obj/hal_lld.o
 .comment       0x00000000       0x71 build/obj/system_SAM3.o
 .comment       0x00000000       0x71 build/obj/pal_lld.o
 .comment       0x00000000       0x71 build/obj/serial_lld.o
 .comment       0x00000000       0x71 build/obj/board.o
 .comment       0x00000000       0x71 build/obj/syscalls.o
 .comment       0x00000000       0x71 build/obj/chprintf.o
 .comment       0x00000000       0x71 build/obj/main.o

.ARM.attributes
                0x00000000       0x33
 .ARM.attributes
                0x00000000       0x33 build/obj/crt0.o
 .ARM.attributes
                0x00000033       0x33 build/obj/vectors.o
 .ARM.attributes
                0x00000066       0x33 build/obj/chcore_v7m.o
 .ARM.attributes
                0x00000099       0x33 build/obj/nvic.o
 .ARM.attributes
                0x000000cc       0x33 build/obj/chsys.o
 .ARM.attributes
                0x000000ff       0x33 build/obj/chvt.o
 .ARM.attributes
                0x00000132       0x33 build/obj/chschd.o
 .ARM.attributes
                0x00000165       0x33 build/obj/chthreads.o
 .ARM.attributes
                0x00000198       0x33 build/obj/chmtx.o
 .ARM.attributes
                0x000001cb       0x33 build/obj/chevents.o
 .ARM.attributes
                0x000001fe       0x33 build/obj/chqueues.o
 .ARM.attributes
                0x00000231       0x33 build/obj/chmemcore.o
 .ARM.attributes
                0x00000264       0x33 build/obj/chheap.o
 .ARM.attributes
                0x00000297       0x33 build/obj/hal.o
 .ARM.attributes
                0x000002ca       0x33 build/obj/serial.o
 .ARM.attributes
                0x000002fd       0x33 build/obj/hal_lld.o
 .ARM.attributes
                0x00000330       0x33 build/obj/system_SAM3.o
 .ARM.attributes
                0x00000363       0x33 build/obj/pal_lld.o
 .ARM.attributes
                0x00000396       0x33 build/obj/serial_lld.o
 .ARM.attributes
                0x000003c9       0x33 build/obj/board.o
 .ARM.attributes
                0x000003fc       0x33 build/obj/syscalls.o
 .ARM.attributes
                0x0000042f       0x33 build/obj/chprintf.o
 .ARM.attributes
                0x00000462       0x33 build/obj/main.o
 .ARM.attributes
                0x00000495       0x2d /home/david/Desktop/Embebidos/gcc-arm-none-eabi-4_9-2015q3/bin/../lib/gcc/arm-none-eabi/4.9.3/../../../../arm-none-eabi/lib/armv7-m/libc_nano.a(lib_a-impure.o)
 .ARM.attributes
                0x000004c2       0x2d /home/david/Desktop/Embebidos/gcc-arm-none-eabi-4_9-2015q3/bin/../lib/gcc/arm-none-eabi/4.9.3/../../../../arm-none-eabi/lib/armv7-m/libc_nano.a(lib_a-strstr.o)
 .ARM.attributes
                0x000004ef       0x2d /home/david/Desktop/Embebidos/gcc-arm-none-eabi-4_9-2015q3/bin/../lib/gcc/arm-none-eabi/4.9.3/../../../../arm-none-eabi/lib/armv7-m/libc_nano.a(lib_a-strtok.o)
 .ARM.attributes
                0x0000051c       0x2d /home/david/Desktop/Embebidos/gcc-arm-none-eabi-4_9-2015q3/bin/../lib/gcc/arm-none-eabi/4.9.3/../../../../arm-none-eabi/lib/armv7-m/libc_nano.a(lib_a-strtok_r.o)
 .ARM.attributes
                0x00000549       0x2d /home/david/Desktop/Embebidos/gcc-arm-none-eabi-4_9-2015q3/bin/../lib/gcc/arm-none-eabi/4.9.3/../../../../arm-none-eabi/lib/armv7-m/libc_nano.a(lib_a-findfp.o)
 .ARM.attributes
                0x00000576       0x2d /home/david/Desktop/Embebidos/gcc-arm-none-eabi-4_9-2015q3/bin/../lib/gcc/arm-none-eabi/4.9.3/../../../../arm-none-eabi/lib/armv7-m/libc_nano.a(lib_a-malloc.o)
 .ARM.attributes
                0x000005a3       0x2d /home/david/Desktop/Embebidos/gcc-arm-none-eabi-4_9-2015q3/bin/../lib/gcc/arm-none-eabi/4.9.3/../../../../arm-none-eabi/lib/armv7-m/libc_nano.a(lib_a-nano-mallocr.o)

.debug_frame    0x00000000     0x11ac
 .debug_frame   0x00000000       0x50 build/obj/crt0.o
 .debug_frame   0x00000050       0x20 build/obj/vectors.o
 .debug_frame   0x00000070       0xa0 build/obj/chcore_v7m.o
 .debug_frame   0x00000110       0x74 build/obj/nvic.o
 .debug_frame   0x00000184       0x5c build/obj/chsys.o
 .debug_frame   0x000001e0       0x5c build/obj/chvt.o
 .debug_frame   0x0000023c      0x128 build/obj/chschd.o
 .debug_frame   0x00000364      0x18c build/obj/chthreads.o
 .debug_frame   0x000004f0       0xf4 build/obj/chmtx.o
 .debug_frame   0x000005e4      0x1c4 build/obj/chevents.o
 .debug_frame   0x000007a8      0x188 build/obj/chqueues.o
 .debug_frame   0x00000930       0x68 build/obj/chmemcore.o
 .debug_frame   0x00000998       0xb4 build/obj/chheap.o
 .debug_frame   0x00000a4c       0x30 build/obj/hal.o
 .debug_frame   0x00000a7c      0x160 build/obj/serial.o
 .debug_frame   0x00000bdc       0x3c build/obj/hal_lld.o
 .debug_frame   0x00000c18       0x58 build/obj/system_SAM3.o
 .debug_frame   0x00000c70       0x48 build/obj/pal_lld.o
 .debug_frame   0x00000cb8      0x108 build/obj/serial_lld.o
 .debug_frame   0x00000dc0       0x3c build/obj/board.o
 .debug_frame   0x00000dfc       0xc8 build/obj/syscalls.o
 .debug_frame   0x00000ec4       0x9c build/obj/chprintf.o
 .debug_frame   0x00000f60       0x30 build/obj/main.o
 .debug_frame   0x00000f90       0x2c /home/david/Desktop/Embebidos/gcc-arm-none-eabi-4_9-2015q3/bin/../lib/gcc/arm-none-eabi/4.9.3/../../../../arm-none-eabi/lib/armv7-m/libc_nano.a(lib_a-strstr.o)
 .debug_frame   0x00000fbc       0x38 /home/david/Desktop/Embebidos/gcc-arm-none-eabi-4_9-2015q3/bin/../lib/gcc/arm-none-eabi/4.9.3/../../../../arm-none-eabi/lib/armv7-m/libc_nano.a(lib_a-strtok.o)
 .debug_frame   0x00000ff4       0x40 /home/david/Desktop/Embebidos/gcc-arm-none-eabi-4_9-2015q3/bin/../lib/gcc/arm-none-eabi/4.9.3/../../../../arm-none-eabi/lib/armv7-m/libc_nano.a(lib_a-strtok_r.o)
 .debug_frame   0x00001034      0x11c /home/david/Desktop/Embebidos/gcc-arm-none-eabi-4_9-2015q3/bin/../lib/gcc/arm-none-eabi/4.9.3/../../../../arm-none-eabi/lib/armv7-m/libc_nano.a(lib_a-findfp.o)
 .debug_frame   0x00001150       0x30 /home/david/Desktop/Embebidos/gcc-arm-none-eabi-4_9-2015q3/bin/../lib/gcc/arm-none-eabi/4.9.3/../../../../arm-none-eabi/lib/armv7-m/libc_nano.a(lib_a-malloc.o)
 .debug_frame   0x00001180       0x2c /home/david/Desktop/Embebidos/gcc-arm-none-eabi-4_9-2015q3/bin/../lib/gcc/arm-none-eabi/4.9.3/../../../../arm-none-eabi/lib/armv7-m/libc_nano.a(lib_a-nano-mallocr.o)

Cross Reference Table

Symbol                                            File
ADC_CfgChannelMode                                build/obj/atmel_adc.o
ADC_CfgLowRes                                     build/obj/atmel_adc.o
ADC_CfgPowerSave                                  build/obj/atmel_adc.o
ADC_CfgTiming                                     build/obj/atmel_adc.o
ADC_CfgTrigering                                  build/obj/atmel_adc.o
ADC_GetConvertedData                              build/obj/atmel_adc.o
ADC_Initialize                                    build/obj/atmel_adc.o
ADC_IsChannelInterruptStatusSet                   build/obj/atmel_adc.o
ADC_IsInterruptMasked                             build/obj/atmel_adc.o
ADC_IsStatusSet                                   build/obj/atmel_adc.o
ADC_ReadBuffer                                    build/obj/atmel_adc.o
ADC_SetCompareChannel                             build/obj/atmel_adc.o
ADC_SetCompareMode                                build/obj/atmel_adc.o
ADC_SetComparisonWindow                           build/obj/atmel_adc.o
ADC_cfgFrequency                                  build/obj/atmel_adc.o
ADC_check                                         build/obj/atmel_adc.o
BusFaultVector                                    build/obj/vectors.o
ConfigurePck                                      build/obj/pmc.o
DebugMonitorVector                                build/obj/vectors.o
HardFaultVector                                   build/obj/vectors.o
MemManageVector                                   build/obj/vectors.o
NMIVector                                         build/obj/vectors.o
PIO_Clear                                         build/obj/pio.o
PIO_Configure                                     build/obj/pio.o
PIO_Get                                           build/obj/pio.o
PIO_GetOutputDataStatus                           build/obj/pio.o
PIO_Set                                           build/obj/pio.o
PIO_SetDebounceFilter                             build/obj/pio.o
PMC_DisableAllPeripherals                         build/obj/pmc.o
PMC_DisablePeripheral                             build/obj/pmc.o
PMC_EnableAllPeripherals                          build/obj/pmc.o
PMC_EnablePeripheral                              build/obj/pmc.o
                                                  build/obj/pio.o
PMC_IsPeriphEnabled                               build/obj/pmc.o
PendSVVector                                      build/obj/vectors.o
PmcConfigurePllClock                              build/obj/pmc.o
PmcMainClockSwitchMainOsc                         build/obj/pmc.o
PmcMasterClockSelection                           build/obj/pmc.o
ResetHandler                                      build/obj/crt0.o
                                                  build/obj/vectors.o
SD1                                               build/obj/serial_lld.o
                                                  build/obj/main.o
SD2                                               build/obj/serial_lld.o
                                                  build/obj/main.o
                                                  build/obj/atmel_adc.o
SVCallVector                                      build/obj/chcore_v7m.o
                                                  build/obj/vectors.o
SysTickVector                                     build/obj/chcore_v7m.o
                                                  build/obj/vectors.o
SystemCoreClock                                   build/obj/system_SAM3.o
                                                  build/obj/serial_lld.o
                                                  build/obj/hal_lld.o
SystemCoreClockUpdate                             build/obj/system_SAM3.o
                                                  build/obj/serial_lld.o
                                                  build/obj/hal_lld.o
SystemInit                                        build/obj/system_SAM3.o
                                                  build/obj/hal_lld.o
UsageFaultVector                                  build/obj/vectors.o
Vector1C                                          build/obj/vectors.o
Vector20                                          build/obj/vectors.o
Vector24                                          build/obj/vectors.o
Vector28                                          build/obj/vectors.o
Vector34                                          build/obj/vectors.o
Vector40                                          build/obj/vectors.o
Vector44                                          build/obj/vectors.o
Vector48                                          build/obj/vectors.o
Vector4C                                          build/obj/vectors.o
Vector50                                          build/obj/vectors.o
Vector54                                          build/obj/vectors.o
Vector58                                          build/obj/vectors.o
Vector5C                                          build/obj/vectors.o
Vector60                                          build/obj/serial_lld.o
                                                  build/obj/vectors.o
Vector64                                          build/obj/serial_lld.o
                                                  build/obj/vectors.o
Vector68                                          build/obj/vectors.o
Vector6C                                          build/obj/vectors.o
Vector70                                          build/obj/vectors.o
Vector74                                          build/obj/vectors.o
Vector78                                          build/obj/vectors.o
Vector7C                                          build/obj/vectors.o
Vector80                                          build/obj/vectors.o
Vector84                                          build/obj/vectors.o
Vector88                                          build/obj/vectors.o
Vector8C                                          build/obj/vectors.o
Vector90                                          build/obj/vectors.o
Vector94                                          build/obj/vectors.o
Vector98                                          build/obj/vectors.o
Vector9C                                          build/obj/vectors.o
VectorA0                                          build/obj/vectors.o
VectorA4                                          build/obj/vectors.o
VectorA8                                          build/obj/vectors.o
VectorAC                                          build/obj/vectors.o
VectorB0                                          build/obj/vectors.o
VectorB4                                          build/obj/vectors.o
VectorB8                                          build/obj/vectors.o
VectorBC                                          build/obj/vectors.o
VectorC0                                          build/obj/vectors.o
VectorC4                                          build/obj/vectors.o
VectorC8                                          build/obj/vectors.o
VectorCC                                          build/obj/vectors.o
_Unwind_Backtrace                                 /home/david/Desktop/Embebidos/gcc-arm-none-eabi-4_9-2015q3/bin/../lib/gcc/arm-none-eabi/4.9.3/armv7-m/libgcc.a(libunwind.o)
_Unwind_Complete                                  /home/david/Desktop/Embebidos/gcc-arm-none-eabi-4_9-2015q3/bin/../lib/gcc/arm-none-eabi/4.9.3/armv7-m/libgcc.a(unwind-arm.o)
_Unwind_DeleteException                           /home/david/Desktop/Embebidos/gcc-arm-none-eabi-4_9-2015q3/bin/../lib/gcc/arm-none-eabi/4.9.3/armv7-m/libgcc.a(unwind-arm.o)
_Unwind_ForcedUnwind                              /home/david/Desktop/Embebidos/gcc-arm-none-eabi-4_9-2015q3/bin/../lib/gcc/arm-none-eabi/4.9.3/armv7-m/libgcc.a(libunwind.o)
_Unwind_GetCFA                                    /home/david/Desktop/Embebidos/gcc-arm-none-eabi-4_9-2015q3/bin/../lib/gcc/arm-none-eabi/4.9.3/armv7-m/libgcc.a(unwind-arm.o)
_Unwind_GetDataRelBase                            /home/david/Desktop/Embebidos/gcc-arm-none-eabi-4_9-2015q3/bin/../lib/gcc/arm-none-eabi/4.9.3/armv7-m/libgcc.a(pr-support.o)
_Unwind_GetLanguageSpecificData                   /home/david/Desktop/Embebidos/gcc-arm-none-eabi-4_9-2015q3/bin/../lib/gcc/arm-none-eabi/4.9.3/armv7-m/libgcc.a(pr-support.o)
_Unwind_GetRegionStart                            /home/david/Desktop/Embebidos/gcc-arm-none-eabi-4_9-2015q3/bin/../lib/gcc/arm-none-eabi/4.9.3/armv7-m/libgcc.a(pr-support.o)
_Unwind_GetTextRelBase                            /home/david/Desktop/Embebidos/gcc-arm-none-eabi-4_9-2015q3/bin/../lib/gcc/arm-none-eabi/4.9.3/armv7-m/libgcc.a(pr-support.o)
_Unwind_RaiseException                            /home/david/Desktop/Embebidos/gcc-arm-none-eabi-4_9-2015q3/bin/../lib/gcc/arm-none-eabi/4.9.3/armv7-m/libgcc.a(libunwind.o)
_Unwind_Resume                                    /home/david/Desktop/Embebidos/gcc-arm-none-eabi-4_9-2015q3/bin/../lib/gcc/arm-none-eabi/4.9.3/armv7-m/libgcc.a(libunwind.o)
_Unwind_Resume_or_Rethrow                         /home/david/Desktop/Embebidos/gcc-arm-none-eabi-4_9-2015q3/bin/../lib/gcc/arm-none-eabi/4.9.3/armv7-m/libgcc.a(libunwind.o)
_Unwind_VRS_Get                                   /home/david/Desktop/Embebidos/gcc-arm-none-eabi-4_9-2015q3/bin/../lib/gcc/arm-none-eabi/4.9.3/armv7-m/libgcc.a(unwind-arm.o)
                                                  /home/david/Desktop/Embebidos/gcc-arm-none-eabi-4_9-2015q3/bin/../lib/gcc/arm-none-eabi/4.9.3/armv7-m/libgcc.a(pr-support.o)
_Unwind_VRS_Pop                                   /home/david/Desktop/Embebidos/gcc-arm-none-eabi-4_9-2015q3/bin/../lib/gcc/arm-none-eabi/4.9.3/armv7-m/libgcc.a(unwind-arm.o)
                                                  /home/david/Desktop/Embebidos/gcc-arm-none-eabi-4_9-2015q3/bin/../lib/gcc/arm-none-eabi/4.9.3/armv7-m/libgcc.a(pr-support.o)
_Unwind_VRS_Set                                   /home/david/Desktop/Embebidos/gcc-arm-none-eabi-4_9-2015q3/bin/../lib/gcc/arm-none-eabi/4.9.3/armv7-m/libgcc.a(unwind-arm.o)
                                                  /home/david/Desktop/Embebidos/gcc-arm-none-eabi-4_9-2015q3/bin/../lib/gcc/arm-none-eabi/4.9.3/armv7-m/libgcc.a(pr-support.o)
___Unwind_Backtrace                               /home/david/Desktop/Embebidos/gcc-arm-none-eabi-4_9-2015q3/bin/../lib/gcc/arm-none-eabi/4.9.3/armv7-m/libgcc.a(libunwind.o)
___Unwind_ForcedUnwind                            /home/david/Desktop/Embebidos/gcc-arm-none-eabi-4_9-2015q3/bin/../lib/gcc/arm-none-eabi/4.9.3/armv7-m/libgcc.a(libunwind.o)
___Unwind_RaiseException                          /home/david/Desktop/Embebidos/gcc-arm-none-eabi-4_9-2015q3/bin/../lib/gcc/arm-none-eabi/4.9.3/armv7-m/libgcc.a(libunwind.o)
___Unwind_Resume                                  /home/david/Desktop/Embebidos/gcc-arm-none-eabi-4_9-2015q3/bin/../lib/gcc/arm-none-eabi/4.9.3/armv7-m/libgcc.a(libunwind.o)
___Unwind_Resume_or_Rethrow                       /home/david/Desktop/Embebidos/gcc-arm-none-eabi-4_9-2015q3/bin/../lib/gcc/arm-none-eabi/4.9.3/armv7-m/libgcc.a(libunwind.o)
__aeabi_unwind_cpp_pr0                            /home/david/Desktop/Embebidos/gcc-arm-none-eabi-4_9-2015q3/bin/../lib/gcc/arm-none-eabi/4.9.3/armv7-m/libgcc.a(unwind-arm.o)
                                                  /home/david/Desktop/Embebidos/gcc-arm-none-eabi-4_9-2015q3/bin/../lib/gcc/arm-none-eabi/4.9.3/armv7-m/libgcc.a(pr-support.o)
                                                  build/obj/main.o
__aeabi_unwind_cpp_pr1                            /home/david/Desktop/Embebidos/gcc-arm-none-eabi-4_9-2015q3/bin/../lib/gcc/arm-none-eabi/4.9.3/armv7-m/libgcc.a(unwind-arm.o)
                                                  /home/david/Desktop/Embebidos/gcc-arm-none-eabi-4_9-2015q3/bin/../lib/gcc/arm-none-eabi/4.9.3/armv7-m/libgcc.a(pr-support.o)
__aeabi_unwind_cpp_pr2                            /home/david/Desktop/Embebidos/gcc-arm-none-eabi-4_9-2015q3/bin/../lib/gcc/arm-none-eabi/4.9.3/armv7-m/libgcc.a(unwind-arm.o)
__assert                                          /home/david/Desktop/Embebidos/gcc-arm-none-eabi-4_9-2015q3/bin/../lib/gcc/arm-none-eabi/4.9.3/../../../../arm-none-eabi/lib/armv7-m/libc_nano.a(lib_a-assert.o)
__assert_func                                     /home/david/Desktop/Embebidos/gcc-arm-none-eabi-4_9-2015q3/bin/../lib/gcc/arm-none-eabi/4.9.3/../../../../arm-none-eabi/lib/armv7-m/libc_nano.a(lib_a-assert.o)
                                                  build/obj/pmc.o
                                                  build/obj/atmel_adc.o
__cxa_begin_cleanup                               /home/david/Desktop/Embebidos/gcc-arm-none-eabi-4_9-2015q3/bin/../lib/gcc/arm-none-eabi/4.9.3/armv7-m/libgcc.a(unwind-arm.o)
__cxa_call_unexpected                             /home/david/Desktop/Embebidos/gcc-arm-none-eabi-4_9-2015q3/bin/../lib/gcc/arm-none-eabi/4.9.3/armv7-m/libgcc.a(unwind-arm.o)
__cxa_type_match                                  /home/david/Desktop/Embebidos/gcc-arm-none-eabi-4_9-2015q3/bin/../lib/gcc/arm-none-eabi/4.9.3/armv7-m/libgcc.a(unwind-arm.o)
__early_init                                      build/obj/board.o
                                                  build/obj/crt0.o
__exidx_end                                       /home/david/Desktop/Embebidos/gcc-arm-none-eabi-4_9-2015q3/bin/../lib/gcc/arm-none-eabi/4.9.3/armv7-m/libgcc.a(unwind-arm.o)
__exidx_start                                     /home/david/Desktop/Embebidos/gcc-arm-none-eabi-4_9-2015q3/bin/../lib/gcc/arm-none-eabi/4.9.3/armv7-m/libgcc.a(unwind-arm.o)
__fini_array_end                                  build/obj/crt0.o
__fini_array_start                                build/obj/crt0.o
__fp_lock_all                                     /home/david/Desktop/Embebidos/gcc-arm-none-eabi-4_9-2015q3/bin/../lib/gcc/arm-none-eabi/4.9.3/../../../../arm-none-eabi/lib/armv7-m/libc_nano.a(lib_a-findfp.o)
__fp_unlock_all                                   /home/david/Desktop/Embebidos/gcc-arm-none-eabi-4_9-2015q3/bin/../lib/gcc/arm-none-eabi/4.9.3/../../../../arm-none-eabi/lib/armv7-m/libc_nano.a(lib_a-findfp.o)
__gnu_Unwind_Backtrace                            /home/david/Desktop/Embebidos/gcc-arm-none-eabi-4_9-2015q3/bin/../lib/gcc/arm-none-eabi/4.9.3/armv7-m/libgcc.a(unwind-arm.o)
                                                  /home/david/Desktop/Embebidos/gcc-arm-none-eabi-4_9-2015q3/bin/../lib/gcc/arm-none-eabi/4.9.3/armv7-m/libgcc.a(libunwind.o)
__gnu_Unwind_Find_exidx                           /home/david/Desktop/Embebidos/gcc-arm-none-eabi-4_9-2015q3/bin/../lib/gcc/arm-none-eabi/4.9.3/armv7-m/libgcc.a(unwind-arm.o)
__gnu_Unwind_ForcedUnwind                         /home/david/Desktop/Embebidos/gcc-arm-none-eabi-4_9-2015q3/bin/../lib/gcc/arm-none-eabi/4.9.3/armv7-m/libgcc.a(unwind-arm.o)
                                                  /home/david/Desktop/Embebidos/gcc-arm-none-eabi-4_9-2015q3/bin/../lib/gcc/arm-none-eabi/4.9.3/armv7-m/libgcc.a(libunwind.o)
__gnu_Unwind_RaiseException                       /home/david/Desktop/Embebidos/gcc-arm-none-eabi-4_9-2015q3/bin/../lib/gcc/arm-none-eabi/4.9.3/armv7-m/libgcc.a(unwind-arm.o)
                                                  /home/david/Desktop/Embebidos/gcc-arm-none-eabi-4_9-2015q3/bin/../lib/gcc/arm-none-eabi/4.9.3/armv7-m/libgcc.a(libunwind.o)
__gnu_Unwind_Restore_VFP                          /home/david/Desktop/Embebidos/gcc-arm-none-eabi-4_9-2015q3/bin/../lib/gcc/arm-none-eabi/4.9.3/armv7-m/libgcc.a(libunwind.o)
                                                  /home/david/Desktop/Embebidos/gcc-arm-none-eabi-4_9-2015q3/bin/../lib/gcc/arm-none-eabi/4.9.3/armv7-m/libgcc.a(unwind-arm.o)
__gnu_Unwind_Restore_VFP_D                        /home/david/Desktop/Embebidos/gcc-arm-none-eabi-4_9-2015q3/bin/../lib/gcc/arm-none-eabi/4.9.3/armv7-m/libgcc.a(libunwind.o)
                                                  /home/david/Desktop/Embebidos/gcc-arm-none-eabi-4_9-2015q3/bin/../lib/gcc/arm-none-eabi/4.9.3/armv7-m/libgcc.a(unwind-arm.o)
__gnu_Unwind_Restore_VFP_D_16_to_31               /home/david/Desktop/Embebidos/gcc-arm-none-eabi-4_9-2015q3/bin/../lib/gcc/arm-none-eabi/4.9.3/armv7-m/libgcc.a(libunwind.o)
                                                  /home/david/Desktop/Embebidos/gcc-arm-none-eabi-4_9-2015q3/bin/../lib/gcc/arm-none-eabi/4.9.3/armv7-m/libgcc.a(unwind-arm.o)
__gnu_Unwind_Restore_WMMXC                        /home/david/Desktop/Embebidos/gcc-arm-none-eabi-4_9-2015q3/bin/../lib/gcc/arm-none-eabi/4.9.3/armv7-m/libgcc.a(libunwind.o)
                                                  /home/david/Desktop/Embebidos/gcc-arm-none-eabi-4_9-2015q3/bin/../lib/gcc/arm-none-eabi/4.9.3/armv7-m/libgcc.a(unwind-arm.o)
__gnu_Unwind_Restore_WMMXD                        /home/david/Desktop/Embebidos/gcc-arm-none-eabi-4_9-2015q3/bin/../lib/gcc/arm-none-eabi/4.9.3/armv7-m/libgcc.a(libunwind.o)
                                                  /home/david/Desktop/Embebidos/gcc-arm-none-eabi-4_9-2015q3/bin/../lib/gcc/arm-none-eabi/4.9.3/armv7-m/libgcc.a(unwind-arm.o)
__gnu_Unwind_Resume                               /home/david/Desktop/Embebidos/gcc-arm-none-eabi-4_9-2015q3/bin/../lib/gcc/arm-none-eabi/4.9.3/armv7-m/libgcc.a(unwind-arm.o)
                                                  /home/david/Desktop/Embebidos/gcc-arm-none-eabi-4_9-2015q3/bin/../lib/gcc/arm-none-eabi/4.9.3/armv7-m/libgcc.a(libunwind.o)
__gnu_Unwind_Resume_or_Rethrow                    /home/david/Desktop/Embebidos/gcc-arm-none-eabi-4_9-2015q3/bin/../lib/gcc/arm-none-eabi/4.9.3/armv7-m/libgcc.a(unwind-arm.o)
                                                  /home/david/Desktop/Embebidos/gcc-arm-none-eabi-4_9-2015q3/bin/../lib/gcc/arm-none-eabi/4.9.3/armv7-m/libgcc.a(libunwind.o)
__gnu_Unwind_Save_VFP                             /home/david/Desktop/Embebidos/gcc-arm-none-eabi-4_9-2015q3/bin/../lib/gcc/arm-none-eabi/4.9.3/armv7-m/libgcc.a(libunwind.o)
                                                  /home/david/Desktop/Embebidos/gcc-arm-none-eabi-4_9-2015q3/bin/../lib/gcc/arm-none-eabi/4.9.3/armv7-m/libgcc.a(unwind-arm.o)
__gnu_Unwind_Save_VFP_D                           /home/david/Desktop/Embebidos/gcc-arm-none-eabi-4_9-2015q3/bin/../lib/gcc/arm-none-eabi/4.9.3/armv7-m/libgcc.a(libunwind.o)
                                                  /home/david/Desktop/Embebidos/gcc-arm-none-eabi-4_9-2015q3/bin/../lib/gcc/arm-none-eabi/4.9.3/armv7-m/libgcc.a(unwind-arm.o)
__gnu_Unwind_Save_VFP_D_16_to_31                  /home/david/Desktop/Embebidos/gcc-arm-none-eabi-4_9-2015q3/bin/../lib/gcc/arm-none-eabi/4.9.3/armv7-m/libgcc.a(libunwind.o)
                                                  /home/david/Desktop/Embebidos/gcc-arm-none-eabi-4_9-2015q3/bin/../lib/gcc/arm-none-eabi/4.9.3/armv7-m/libgcc.a(unwind-arm.o)
__gnu_Unwind_Save_WMMXC                           /home/david/Desktop/Embebidos/gcc-arm-none-eabi-4_9-2015q3/bin/../lib/gcc/arm-none-eabi/4.9.3/armv7-m/libgcc.a(libunwind.o)
                                                  /home/david/Desktop/Embebidos/gcc-arm-none-eabi-4_9-2015q3/bin/../lib/gcc/arm-none-eabi/4.9.3/armv7-m/libgcc.a(unwind-arm.o)
__gnu_Unwind_Save_WMMXD                           /home/david/Desktop/Embebidos/gcc-arm-none-eabi-4_9-2015q3/bin/../lib/gcc/arm-none-eabi/4.9.3/armv7-m/libgcc.a(libunwind.o)
                                                  /home/david/Desktop/Embebidos/gcc-arm-none-eabi-4_9-2015q3/bin/../lib/gcc/arm-none-eabi/4.9.3/armv7-m/libgcc.a(unwind-arm.o)
__gnu_unwind_execute                              /home/david/Desktop/Embebidos/gcc-arm-none-eabi-4_9-2015q3/bin/../lib/gcc/arm-none-eabi/4.9.3/armv7-m/libgcc.a(pr-support.o)
                                                  /home/david/Desktop/Embebidos/gcc-arm-none-eabi-4_9-2015q3/bin/../lib/gcc/arm-none-eabi/4.9.3/armv7-m/libgcc.a(unwind-arm.o)
__gnu_unwind_frame                                /home/david/Desktop/Embebidos/gcc-arm-none-eabi-4_9-2015q3/bin/../lib/gcc/arm-none-eabi/4.9.3/armv7-m/libgcc.a(pr-support.o)
__heap_base__                                     build/obj/chmemcore.o
__heap_end__                                      build/obj/chmemcore.o
__init_array_end                                  build/obj/crt0.o
__init_array_start                                build/obj/crt0.o
__late_init                                       build/obj/crt0.o
__main_stack_base__                               build/obj/crt0.o
__main_stack_end__                                build/obj/crt0.o
__malloc_free_list                                /home/david/Desktop/Embebidos/gcc-arm-none-eabi-4_9-2015q3/bin/../lib/gcc/arm-none-eabi/4.9.3/../../../../arm-none-eabi/lib/armv7-m/libc_nano.a(lib_a-nano-mallocr.o)
                                                  /home/david/Desktop/Embebidos/gcc-arm-none-eabi-4_9-2015q3/bin/../lib/gcc/arm-none-eabi/4.9.3/../../../../arm-none-eabi/lib/armv7-m/libc_nano.a(lib_a-nano-freer.o)
__malloc_sbrk_start                               /home/david/Desktop/Embebidos/gcc-arm-none-eabi-4_9-2015q3/bin/../lib/gcc/arm-none-eabi/4.9.3/../../../../arm-none-eabi/lib/armv7-m/libc_nano.a(lib_a-nano-mallocr.o)
__process_stack_base__                            build/obj/crt0.o
__process_stack_end__                             build/obj/crt0.o
__ram_end__                                       build/obj/vectors.o
__restore_core_regs                               /home/david/Desktop/Embebidos/gcc-arm-none-eabi-4_9-2015q3/bin/../lib/gcc/arm-none-eabi/4.9.3/armv7-m/libgcc.a(libunwind.o)
__sclose                                          /home/david/Desktop/Embebidos/gcc-arm-none-eabi-4_9-2015q3/bin/../lib/gcc/arm-none-eabi/4.9.3/../../../../arm-none-eabi/lib/armv7-m/libc_nano.a(lib_a-stdio.o)
                                                  /home/david/Desktop/Embebidos/gcc-arm-none-eabi-4_9-2015q3/bin/../lib/gcc/arm-none-eabi/4.9.3/../../../../arm-none-eabi/lib/armv7-m/libc_nano.a(lib_a-findfp.o)
__seofread                                        /home/david/Desktop/Embebidos/gcc-arm-none-eabi-4_9-2015q3/bin/../lib/gcc/arm-none-eabi/4.9.3/../../../../arm-none-eabi/lib/armv7-m/libc_nano.a(lib_a-stdio.o)
__sf_fake_stderr                                  /home/david/Desktop/Embebidos/gcc-arm-none-eabi-4_9-2015q3/bin/../lib/gcc/arm-none-eabi/4.9.3/../../../../arm-none-eabi/lib/armv7-m/libc_nano.a(lib_a-findfp.o)
                                                  /home/david/Desktop/Embebidos/gcc-arm-none-eabi-4_9-2015q3/bin/../lib/gcc/arm-none-eabi/4.9.3/../../../../arm-none-eabi/lib/armv7-m/libc_nano.a(lib_a-fflush.o)
                                                  /home/david/Desktop/Embebidos/gcc-arm-none-eabi-4_9-2015q3/bin/../lib/gcc/arm-none-eabi/4.9.3/../../../../arm-none-eabi/lib/armv7-m/libc_nano.a(lib_a-wsetup.o)
                                                  /home/david/Desktop/Embebidos/gcc-arm-none-eabi-4_9-2015q3/bin/../lib/gcc/arm-none-eabi/4.9.3/../../../../arm-none-eabi/lib/armv7-m/libc_nano.a(lib_a-wbuf.o)
                                                  /home/david/Desktop/Embebidos/gcc-arm-none-eabi-4_9-2015q3/bin/../lib/gcc/arm-none-eabi/4.9.3/../../../../arm-none-eabi/lib/armv7-m/libc_nano.a(lib_a-nano-vfprintf.o)
                                                  /home/david/Desktop/Embebidos/gcc-arm-none-eabi-4_9-2015q3/bin/../lib/gcc/arm-none-eabi/4.9.3/../../../../arm-none-eabi/lib/armv7-m/libc_nano.a(lib_a-impure.o)
__sf_fake_stdin                                   /home/david/Desktop/Embebidos/gcc-arm-none-eabi-4_9-2015q3/bin/../lib/gcc/arm-none-eabi/4.9.3/../../../../arm-none-eabi/lib/armv7-m/libc_nano.a(lib_a-findfp.o)
                                                  /home/david/Desktop/Embebidos/gcc-arm-none-eabi-4_9-2015q3/bin/../lib/gcc/arm-none-eabi/4.9.3/../../../../arm-none-eabi/lib/armv7-m/libc_nano.a(lib_a-fflush.o)
                                                  /home/david/Desktop/Embebidos/gcc-arm-none-eabi-4_9-2015q3/bin/../lib/gcc/arm-none-eabi/4.9.3/../../../../arm-none-eabi/lib/armv7-m/libc_nano.a(lib_a-wsetup.o)
                                                  /home/david/Desktop/Embebidos/gcc-arm-none-eabi-4_9-2015q3/bin/../lib/gcc/arm-none-eabi/4.9.3/../../../../arm-none-eabi/lib/armv7-m/libc_nano.a(lib_a-wbuf.o)
                                                  /home/david/Desktop/Embebidos/gcc-arm-none-eabi-4_9-2015q3/bin/../lib/gcc/arm-none-eabi/4.9.3/../../../../arm-none-eabi/lib/armv7-m/libc_nano.a(lib_a-nano-vfprintf.o)
                                                  /home/david/Desktop/Embebidos/gcc-arm-none-eabi-4_9-2015q3/bin/../lib/gcc/arm-none-eabi/4.9.3/../../../../arm-none-eabi/lib/armv7-m/libc_nano.a(lib_a-impure.o)
__sf_fake_stdout                                  /home/david/Desktop/Embebidos/gcc-arm-none-eabi-4_9-2015q3/bin/../lib/gcc/arm-none-eabi/4.9.3/../../../../arm-none-eabi/lib/armv7-m/libc_nano.a(lib_a-findfp.o)
                                                  /home/david/Desktop/Embebidos/gcc-arm-none-eabi-4_9-2015q3/bin/../lib/gcc/arm-none-eabi/4.9.3/../../../../arm-none-eabi/lib/armv7-m/libc_nano.a(lib_a-fflush.o)
                                                  /home/david/Desktop/Embebidos/gcc-arm-none-eabi-4_9-2015q3/bin/../lib/gcc/arm-none-eabi/4.9.3/../../../../arm-none-eabi/lib/armv7-m/libc_nano.a(lib_a-wsetup.o)
                                                  /home/david/Desktop/Embebidos/gcc-arm-none-eabi-4_9-2015q3/bin/../lib/gcc/arm-none-eabi/4.9.3/../../../../arm-none-eabi/lib/armv7-m/libc_nano.a(lib_a-wbuf.o)
                                                  /home/david/Desktop/Embebidos/gcc-arm-none-eabi-4_9-2015q3/bin/../lib/gcc/arm-none-eabi/4.9.3/../../../../arm-none-eabi/lib/armv7-m/libc_nano.a(lib_a-nano-vfprintf.o)
                                                  /home/david/Desktop/Embebidos/gcc-arm-none-eabi-4_9-2015q3/bin/../lib/gcc/arm-none-eabi/4.9.3/../../../../arm-none-eabi/lib/armv7-m/libc_nano.a(lib_a-impure.o)
__sflush_r                                        /home/david/Desktop/Embebidos/gcc-arm-none-eabi-4_9-2015q3/bin/../lib/gcc/arm-none-eabi/4.9.3/../../../../arm-none-eabi/lib/armv7-m/libc_nano.a(lib_a-fflush.o)
__sfmoreglue                                      /home/david/Desktop/Embebidos/gcc-arm-none-eabi-4_9-2015q3/bin/../lib/gcc/arm-none-eabi/4.9.3/../../../../arm-none-eabi/lib/armv7-m/libc_nano.a(lib_a-findfp.o)
__sfp                                             /home/david/Desktop/Embebidos/gcc-arm-none-eabi-4_9-2015q3/bin/../lib/gcc/arm-none-eabi/4.9.3/../../../../arm-none-eabi/lib/armv7-m/libc_nano.a(lib_a-findfp.o)
__sfp_lock_acquire                                /home/david/Desktop/Embebidos/gcc-arm-none-eabi-4_9-2015q3/bin/../lib/gcc/arm-none-eabi/4.9.3/../../../../arm-none-eabi/lib/armv7-m/libc_nano.a(lib_a-findfp.o)
__sfp_lock_release                                /home/david/Desktop/Embebidos/gcc-arm-none-eabi-4_9-2015q3/bin/../lib/gcc/arm-none-eabi/4.9.3/../../../../arm-none-eabi/lib/armv7-m/libc_nano.a(lib_a-findfp.o)
__sfputs_r                                        /home/david/Desktop/Embebidos/gcc-arm-none-eabi-4_9-2015q3/bin/../lib/gcc/arm-none-eabi/4.9.3/../../../../arm-none-eabi/lib/armv7-m/libc_nano.a(lib_a-nano-vfprintf.o)
__sfvwrite_r                                      /home/david/Desktop/Embebidos/gcc-arm-none-eabi-4_9-2015q3/bin/../lib/gcc/arm-none-eabi/4.9.3/../../../../arm-none-eabi/lib/armv7-m/libc_nano.a(lib_a-fvwrite.o)
                                                  /home/david/Desktop/Embebidos/gcc-arm-none-eabi-4_9-2015q3/bin/../lib/gcc/arm-none-eabi/4.9.3/../../../../arm-none-eabi/lib/armv7-m/libc_nano.a(lib_a-nano-vfprintf.o)
__sigtramp                                        /home/david/Desktop/Embebidos/gcc-arm-none-eabi-4_9-2015q3/bin/../lib/gcc/arm-none-eabi/4.9.3/../../../../arm-none-eabi/lib/armv7-m/libc_nano.a(lib_a-signal.o)
__sigtramp_r                                      /home/david/Desktop/Embebidos/gcc-arm-none-eabi-4_9-2015q3/bin/../lib/gcc/arm-none-eabi/4.9.3/../../../../arm-none-eabi/lib/armv7-m/libc_nano.a(lib_a-signal.o)
__sinit                                           /home/david/Desktop/Embebidos/gcc-arm-none-eabi-4_9-2015q3/bin/../lib/gcc/arm-none-eabi/4.9.3/../../../../arm-none-eabi/lib/armv7-m/libc_nano.a(lib_a-findfp.o)
                                                  /home/david/Desktop/Embebidos/gcc-arm-none-eabi-4_9-2015q3/bin/../lib/gcc/arm-none-eabi/4.9.3/../../../../arm-none-eabi/lib/armv7-m/libc_nano.a(lib_a-fflush.o)
                                                  /home/david/Desktop/Embebidos/gcc-arm-none-eabi-4_9-2015q3/bin/../lib/gcc/arm-none-eabi/4.9.3/../../../../arm-none-eabi/lib/armv7-m/libc_nano.a(lib_a-wsetup.o)
                                                  /home/david/Desktop/Embebidos/gcc-arm-none-eabi-4_9-2015q3/bin/../lib/gcc/arm-none-eabi/4.9.3/../../../../arm-none-eabi/lib/armv7-m/libc_nano.a(lib_a-wbuf.o)
                                                  /home/david/Desktop/Embebidos/gcc-arm-none-eabi-4_9-2015q3/bin/../lib/gcc/arm-none-eabi/4.9.3/../../../../arm-none-eabi/lib/armv7-m/libc_nano.a(lib_a-nano-vfprintf.o)
__sinit_lock_acquire                              /home/david/Desktop/Embebidos/gcc-arm-none-eabi-4_9-2015q3/bin/../lib/gcc/arm-none-eabi/4.9.3/../../../../arm-none-eabi/lib/armv7-m/libc_nano.a(lib_a-findfp.o)
__sinit_lock_release                              /home/david/Desktop/Embebidos/gcc-arm-none-eabi-4_9-2015q3/bin/../lib/gcc/arm-none-eabi/4.9.3/../../../../arm-none-eabi/lib/armv7-m/libc_nano.a(lib_a-findfp.o)
__smakebuf_r                                      /home/david/Desktop/Embebidos/gcc-arm-none-eabi-4_9-2015q3/bin/../lib/gcc/arm-none-eabi/4.9.3/../../../../arm-none-eabi/lib/armv7-m/libc_nano.a(lib_a-makebuf.o)
                                                  /home/david/Desktop/Embebidos/gcc-arm-none-eabi-4_9-2015q3/bin/../lib/gcc/arm-none-eabi/4.9.3/../../../../arm-none-eabi/lib/armv7-m/libc_nano.a(lib_a-wsetup.o)
__sprint_r                                        /home/david/Desktop/Embebidos/gcc-arm-none-eabi-4_9-2015q3/bin/../lib/gcc/arm-none-eabi/4.9.3/../../../../arm-none-eabi/lib/armv7-m/libc_nano.a(lib_a-nano-vfprintf.o)
__sread                                           /home/david/Desktop/Embebidos/gcc-arm-none-eabi-4_9-2015q3/bin/../lib/gcc/arm-none-eabi/4.9.3/../../../../arm-none-eabi/lib/armv7-m/libc_nano.a(lib_a-stdio.o)
                                                  /home/david/Desktop/Embebidos/gcc-arm-none-eabi-4_9-2015q3/bin/../lib/gcc/arm-none-eabi/4.9.3/../../../../arm-none-eabi/lib/armv7-m/libc_nano.a(lib_a-findfp.o)
__sseek                                           /home/david/Desktop/Embebidos/gcc-arm-none-eabi-4_9-2015q3/bin/../lib/gcc/arm-none-eabi/4.9.3/../../../../arm-none-eabi/lib/armv7-m/libc_nano.a(lib_a-stdio.o)
                                                  /home/david/Desktop/Embebidos/gcc-arm-none-eabi-4_9-2015q3/bin/../lib/gcc/arm-none-eabi/4.9.3/../../../../arm-none-eabi/lib/armv7-m/libc_nano.a(lib_a-findfp.o)
__strtok_r                                        /home/david/Desktop/Embebidos/gcc-arm-none-eabi-4_9-2015q3/bin/../lib/gcc/arm-none-eabi/4.9.3/../../../../arm-none-eabi/lib/armv7-m/libc_nano.a(lib_a-strtok_r.o)
                                                  /home/david/Desktop/Embebidos/gcc-arm-none-eabi-4_9-2015q3/bin/../lib/gcc/arm-none-eabi/4.9.3/../../../../arm-none-eabi/lib/armv7-m/libc_nano.a(lib_a-strtok.o)
__swbuf                                           /home/david/Desktop/Embebidos/gcc-arm-none-eabi-4_9-2015q3/bin/../lib/gcc/arm-none-eabi/4.9.3/../../../../arm-none-eabi/lib/armv7-m/libc_nano.a(lib_a-wbuf.o)
__swbuf_r                                         /home/david/Desktop/Embebidos/gcc-arm-none-eabi-4_9-2015q3/bin/../lib/gcc/arm-none-eabi/4.9.3/../../../../arm-none-eabi/lib/armv7-m/libc_nano.a(lib_a-wbuf.o)
                                                  /home/david/Desktop/Embebidos/gcc-arm-none-eabi-4_9-2015q3/bin/../lib/gcc/arm-none-eabi/4.9.3/../../../../arm-none-eabi/lib/armv7-m/libc_nano.a(lib_a-nano-vfprintf.o)
__swrite                                          /home/david/Desktop/Embebidos/gcc-arm-none-eabi-4_9-2015q3/bin/../lib/gcc/arm-none-eabi/4.9.3/../../../../arm-none-eabi/lib/armv7-m/libc_nano.a(lib_a-stdio.o)
                                                  /home/david/Desktop/Embebidos/gcc-arm-none-eabi-4_9-2015q3/bin/../lib/gcc/arm-none-eabi/4.9.3/../../../../arm-none-eabi/lib/armv7-m/libc_nano.a(lib_a-findfp.o)
__swsetup_r                                       /home/david/Desktop/Embebidos/gcc-arm-none-eabi-4_9-2015q3/bin/../lib/gcc/arm-none-eabi/4.9.3/../../../../arm-none-eabi/lib/armv7-m/libc_nano.a(lib_a-wsetup.o)
                                                  /home/david/Desktop/Embebidos/gcc-arm-none-eabi-4_9-2015q3/bin/../lib/gcc/arm-none-eabi/4.9.3/../../../../arm-none-eabi/lib/armv7-m/libc_nano.a(lib_a-fvwrite.o)
                                                  /home/david/Desktop/Embebidos/gcc-arm-none-eabi-4_9-2015q3/bin/../lib/gcc/arm-none-eabi/4.9.3/../../../../arm-none-eabi/lib/armv7-m/libc_nano.a(lib_a-wbuf.o)
                                                  /home/david/Desktop/Embebidos/gcc-arm-none-eabi-4_9-2015q3/bin/../lib/gcc/arm-none-eabi/4.9.3/../../../../arm-none-eabi/lib/armv7-m/libc_nano.a(lib_a-nano-vfprintf.o)
_bss_end                                          build/obj/crt0.o
_bss_start                                        build/obj/crt0.o
_cleanup                                          /home/david/Desktop/Embebidos/gcc-arm-none-eabi-4_9-2015q3/bin/../lib/gcc/arm-none-eabi/4.9.3/../../../../arm-none-eabi/lib/armv7-m/libc_nano.a(lib_a-findfp.o)
_cleanup_r                                        /home/david/Desktop/Embebidos/gcc-arm-none-eabi-4_9-2015q3/bin/../lib/gcc/arm-none-eabi/4.9.3/../../../../arm-none-eabi/lib/armv7-m/libc_nano.a(lib_a-findfp.o)
                                                  /home/david/Desktop/Embebidos/gcc-arm-none-eabi-4_9-2015q3/bin/../lib/gcc/arm-none-eabi/4.9.3/../../../../arm-none-eabi/lib/armv7-m/libc_nano.a(lib_a-makebuf.o)
_close_r                                          build/obj/syscalls.o
                                                  /home/david/Desktop/Embebidos/gcc-arm-none-eabi-4_9-2015q3/bin/../lib/gcc/arm-none-eabi/4.9.3/../../../../arm-none-eabi/lib/armv7-m/libc_nano.a(lib_a-stdio.o)
_core_init                                        build/obj/chmemcore.o
                                                  build/obj/chsys.o
_data                                             build/obj/crt0.o
_default_exit                                     build/obj/crt0.o
_edata                                            build/obj/crt0.o
_exit                                             build/obj/syscalls.o
                                                  /home/david/Desktop/Embebidos/gcc-arm-none-eabi-4_9-2015q3/bin/../lib/gcc/arm-none-eabi/4.9.3/../../../../arm-none-eabi/lib/armv7-m/libc_nano.a(lib_a-abort.o)
_fflush_r                                         /home/david/Desktop/Embebidos/gcc-arm-none-eabi-4_9-2015q3/bin/../lib/gcc/arm-none-eabi/4.9.3/../../../../arm-none-eabi/lib/armv7-m/libc_nano.a(lib_a-fflush.o)
                                                  /home/david/Desktop/Embebidos/gcc-arm-none-eabi-4_9-2015q3/bin/../lib/gcc/arm-none-eabi/4.9.3/../../../../arm-none-eabi/lib/armv7-m/libc_nano.a(lib_a-fvwrite.o)
                                                  /home/david/Desktop/Embebidos/gcc-arm-none-eabi-4_9-2015q3/bin/../lib/gcc/arm-none-eabi/4.9.3/../../../../arm-none-eabi/lib/armv7-m/libc_nano.a(lib_a-findfp.o)
                                                  /home/david/Desktop/Embebidos/gcc-arm-none-eabi-4_9-2015q3/bin/../lib/gcc/arm-none-eabi/4.9.3/../../../../arm-none-eabi/lib/armv7-m/libc_nano.a(lib_a-wbuf.o)
_fiprintf_r                                       /home/david/Desktop/Embebidos/gcc-arm-none-eabi-4_9-2015q3/bin/../lib/gcc/arm-none-eabi/4.9.3/../../../../arm-none-eabi/lib/armv7-m/libc_nano.a(lib_a-fprintf.o)
_fprintf_r                                        /home/david/Desktop/Embebidos/gcc-arm-none-eabi-4_9-2015q3/bin/../lib/gcc/arm-none-eabi/4.9.3/../../../../arm-none-eabi/lib/armv7-m/libc_nano.a(lib_a-fprintf.o)
_free_r                                           /home/david/Desktop/Embebidos/gcc-arm-none-eabi-4_9-2015q3/bin/../lib/gcc/arm-none-eabi/4.9.3/../../../../arm-none-eabi/lib/armv7-m/libc_nano.a(lib_a-nano-freer.o)
                                                  /home/david/Desktop/Embebidos/gcc-arm-none-eabi-4_9-2015q3/bin/../lib/gcc/arm-none-eabi/4.9.3/../../../../arm-none-eabi/lib/armv7-m/libc_nano.a(lib_a-reent.o)
                                                  /home/david/Desktop/Embebidos/gcc-arm-none-eabi-4_9-2015q3/bin/../lib/gcc/arm-none-eabi/4.9.3/../../../../arm-none-eabi/lib/armv7-m/libc_nano.a(lib_a-nano-reallocr.o)
                                                  /home/david/Desktop/Embebidos/gcc-arm-none-eabi-4_9-2015q3/bin/../lib/gcc/arm-none-eabi/4.9.3/../../../../arm-none-eabi/lib/armv7-m/libc_nano.a(lib_a-malloc.o)
                                                  /home/david/Desktop/Embebidos/gcc-arm-none-eabi-4_9-2015q3/bin/../lib/gcc/arm-none-eabi/4.9.3/../../../../arm-none-eabi/lib/armv7-m/libc_nano.a(lib_a-fvwrite.o)
                                                  /home/david/Desktop/Embebidos/gcc-arm-none-eabi-4_9-2015q3/bin/../lib/gcc/arm-none-eabi/4.9.3/../../../../arm-none-eabi/lib/armv7-m/libc_nano.a(lib_a-fflush.o)
                                                  /home/david/Desktop/Embebidos/gcc-arm-none-eabi-4_9-2015q3/bin/../lib/gcc/arm-none-eabi/4.9.3/../../../../arm-none-eabi/lib/armv7-m/libc_nano.a(lib_a-wsetup.o)
_fstat_r                                          build/obj/syscalls.o
                                                  /home/david/Desktop/Embebidos/gcc-arm-none-eabi-4_9-2015q3/bin/../lib/gcc/arm-none-eabi/4.9.3/../../../../arm-none-eabi/lib/armv7-m/libc_nano.a(lib_a-makebuf.o)
_fwalk                                            /home/david/Desktop/Embebidos/gcc-arm-none-eabi-4_9-2015q3/bin/../lib/gcc/arm-none-eabi/4.9.3/../../../../arm-none-eabi/lib/armv7-m/libc_nano.a(lib_a-fwalk.o)
                                                  /home/david/Desktop/Embebidos/gcc-arm-none-eabi-4_9-2015q3/bin/../lib/gcc/arm-none-eabi/4.9.3/../../../../arm-none-eabi/lib/armv7-m/libc_nano.a(lib_a-findfp.o)
_fwalk_reent                                      /home/david/Desktop/Embebidos/gcc-arm-none-eabi-4_9-2015q3/bin/../lib/gcc/arm-none-eabi/4.9.3/../../../../arm-none-eabi/lib/armv7-m/libc_nano.a(lib_a-fwalk.o)
                                                  /home/david/Desktop/Embebidos/gcc-arm-none-eabi-4_9-2015q3/bin/../lib/gcc/arm-none-eabi/4.9.3/../../../../arm-none-eabi/lib/armv7-m/libc_nano.a(lib_a-findfp.o)
                                                  /home/david/Desktop/Embebidos/gcc-arm-none-eabi-4_9-2015q3/bin/../lib/gcc/arm-none-eabi/4.9.3/../../../../arm-none-eabi/lib/armv7-m/libc_nano.a(lib_a-fflush.o)
_getpid                                           build/obj/syscalls.o
                                                  /home/david/Desktop/Embebidos/gcc-arm-none-eabi-4_9-2015q3/bin/../lib/gcc/arm-none-eabi/4.9.3/../../../../arm-none-eabi/lib/armv7-m/libc_nano.a(lib_a-signalr.o)
_getpid_r                                         /home/david/Desktop/Embebidos/gcc-arm-none-eabi-4_9-2015q3/bin/../lib/gcc/arm-none-eabi/4.9.3/../../../../arm-none-eabi/lib/armv7-m/libc_nano.a(lib_a-signalr.o)
                                                  /home/david/Desktop/Embebidos/gcc-arm-none-eabi-4_9-2015q3/bin/../lib/gcc/arm-none-eabi/4.9.3/../../../../arm-none-eabi/lib/armv7-m/libc_nano.a(lib_a-signal.o)
_global_impure_ptr                                /home/david/Desktop/Embebidos/gcc-arm-none-eabi-4_9-2015q3/bin/../lib/gcc/arm-none-eabi/4.9.3/../../../../arm-none-eabi/lib/armv7-m/libc_nano.a(lib_a-impure.o)
                                                  /home/david/Desktop/Embebidos/gcc-arm-none-eabi-4_9-2015q3/bin/../lib/gcc/arm-none-eabi/4.9.3/../../../../arm-none-eabi/lib/armv7-m/libc_nano.a(lib_a-findfp.o)
                                                  /home/david/Desktop/Embebidos/gcc-arm-none-eabi-4_9-2015q3/bin/../lib/gcc/arm-none-eabi/4.9.3/../../../../arm-none-eabi/lib/armv7-m/libc_nano.a(lib_a-fflush.o)
_heap_init                                        build/obj/chheap.o
                                                  build/obj/chsys.o
_idle_thread                                      build/obj/chsys.o
_idle_thread_wa                                   build/obj/chsys.o
_impure_ptr                                       /home/david/Desktop/Embebidos/gcc-arm-none-eabi-4_9-2015q3/bin/../lib/gcc/arm-none-eabi/4.9.3/../../../../arm-none-eabi/lib/armv7-m/libc_nano.a(lib_a-impure.o)
                                                  /home/david/Desktop/Embebidos/gcc-arm-none-eabi-4_9-2015q3/bin/../lib/gcc/arm-none-eabi/4.9.3/../../../../arm-none-eabi/lib/armv7-m/libc_nano.a(lib_a-reent.o)
                                                  /home/david/Desktop/Embebidos/gcc-arm-none-eabi-4_9-2015q3/bin/../lib/gcc/arm-none-eabi/4.9.3/../../../../arm-none-eabi/lib/armv7-m/libc_nano.a(lib_a-malloc.o)
                                                  /home/david/Desktop/Embebidos/gcc-arm-none-eabi-4_9-2015q3/bin/../lib/gcc/arm-none-eabi/4.9.3/../../../../arm-none-eabi/lib/armv7-m/libc_nano.a(lib_a-findfp.o)
                                                  /home/david/Desktop/Embebidos/gcc-arm-none-eabi-4_9-2015q3/bin/../lib/gcc/arm-none-eabi/4.9.3/../../../../arm-none-eabi/lib/armv7-m/libc_nano.a(lib_a-fflush.o)
                                                  /home/david/Desktop/Embebidos/gcc-arm-none-eabi-4_9-2015q3/bin/../lib/gcc/arm-none-eabi/4.9.3/../../../../arm-none-eabi/lib/armv7-m/libc_nano.a(lib_a-wsetup.o)
                                                  /home/david/Desktop/Embebidos/gcc-arm-none-eabi-4_9-2015q3/bin/../lib/gcc/arm-none-eabi/4.9.3/../../../../arm-none-eabi/lib/armv7-m/libc_nano.a(lib_a-wbuf.o)
                                                  /home/david/Desktop/Embebidos/gcc-arm-none-eabi-4_9-2015q3/bin/../lib/gcc/arm-none-eabi/4.9.3/../../../../arm-none-eabi/lib/armv7-m/libc_nano.a(lib_a-strtok.o)
                                                  /home/david/Desktop/Embebidos/gcc-arm-none-eabi-4_9-2015q3/bin/../lib/gcc/arm-none-eabi/4.9.3/../../../../arm-none-eabi/lib/armv7-m/libc_nano.a(lib_a-signal.o)
                                                  /home/david/Desktop/Embebidos/gcc-arm-none-eabi-4_9-2015q3/bin/../lib/gcc/arm-none-eabi/4.9.3/../../../../arm-none-eabi/lib/armv7-m/libc_nano.a(lib_a-nano-vfprintf.o)
                                                  /home/david/Desktop/Embebidos/gcc-arm-none-eabi-4_9-2015q3/bin/../lib/gcc/arm-none-eabi/4.9.3/../../../../arm-none-eabi/lib/armv7-m/libc_nano.a(lib_a-fprintf.o)
                                                  /home/david/Desktop/Embebidos/gcc-arm-none-eabi-4_9-2015q3/bin/../lib/gcc/arm-none-eabi/4.9.3/../../../../arm-none-eabi/lib/armv7-m/libc_nano.a(lib_a-assert.o)
_init_signal                                      /home/david/Desktop/Embebidos/gcc-arm-none-eabi-4_9-2015q3/bin/../lib/gcc/arm-none-eabi/4.9.3/../../../../arm-none-eabi/lib/armv7-m/libc_nano.a(lib_a-signal.o)
_init_signal_r                                    /home/david/Desktop/Embebidos/gcc-arm-none-eabi-4_9-2015q3/bin/../lib/gcc/arm-none-eabi/4.9.3/../../../../arm-none-eabi/lib/armv7-m/libc_nano.a(lib_a-signal.o)
_isatty_r                                         build/obj/syscalls.o
                                                  /home/david/Desktop/Embebidos/gcc-arm-none-eabi-4_9-2015q3/bin/../lib/gcc/arm-none-eabi/4.9.3/../../../../arm-none-eabi/lib/armv7-m/libc_nano.a(lib_a-makebuf.o)
_kill                                             build/obj/syscalls.o